Component: Arm Compiler for Embedded 6.22 Tool: armlink [5ee90200]

==============================================================================

Section Cross References

    principal.o(.text.main) refers to servicecommunication.o(.text.Communication_Config) for Communication_Config
    principal.o(.ARM.exidx.text.main) refers to principal.o(.text.main) for [Anonymous Symbol]
    gpio.o(.ARM.exidx.text.ourGPIO_Init) refers to gpio.o(.text.ourGPIO_Init) for [Anonymous Symbol]
    gpio.o(.ARM.exidx.text.ourGPIO_Read) refers to gpio.o(.text.ourGPIO_Read) for [Anonymous Symbol]
    gpio.o(.ARM.exidx.text.ourGPIO_Set) refers to gpio.o(.text.ourGPIO_Set) for [Anonymous Symbol]
    gpio.o(.ARM.exidx.text.ourGPIO_Reset) refers to gpio.o(.text.ourGPIO_Reset) for [Anonymous Symbol]
    gpio.o(.ARM.exidx.text.ourGPIO_Toggle) refers to gpio.o(.text.ourGPIO_Toggle) for [Anonymous Symbol]
    timer.o(.ARM.exidx.text.MyTimer_Base_Init) refers to timer.o(.text.MyTimer_Base_Init) for [Anonymous Symbol]
    timer.o(.text.MyTimer_ActiveIT) refers to timer.o(.bss.PTF1) for PTF1
    timer.o(.text.MyTimer_ActiveIT) refers to timer.o(.text.__NVIC_EnableIRQ) for __NVIC_EnableIRQ
    timer.o(.text.MyTimer_ActiveIT) refers to timer.o(.text.__NVIC_SetPriority) for __NVIC_SetPriority
    timer.o(.text.MyTimer_ActiveIT) refers to timer.o(.bss.PTF2) for PTF2
    timer.o(.text.MyTimer_ActiveIT) refers to timer.o(.bss.PTF3) for PTF3
    timer.o(.text.MyTimer_ActiveIT) refers to timer.o(.bss.PTF4) for PTF4
    timer.o(.ARM.exidx.text.MyTimer_ActiveIT) refers to timer.o(.text.MyTimer_ActiveIT) for [Anonymous Symbol]
    timer.o(.ARM.exidx.text.__NVIC_EnableIRQ) refers to timer.o(.text.__NVIC_EnableIRQ) for [Anonymous Symbol]
    timer.o(.ARM.exidx.text.__NVIC_SetPriority) refers to timer.o(.text.__NVIC_SetPriority) for [Anonymous Symbol]
    timer.o(.text.TIM1_UP_IRQHandler) refers to timer.o(.bss.PTF1) for PTF1
    timer.o(.ARM.exidx.text.TIM1_UP_IRQHandler) refers to timer.o(.text.TIM1_UP_IRQHandler) for [Anonymous Symbol]
    timer.o(.text.TIM2_IRQHandler) refers to timer.o(.bss.PTF2) for PTF2
    timer.o(.ARM.exidx.text.TIM2_IRQHandler) refers to timer.o(.text.TIM2_IRQHandler) for [Anonymous Symbol]
    timer.o(.text.TIM3_IRQHandler) refers to timer.o(.bss.PTF3) for PTF3
    timer.o(.ARM.exidx.text.TIM3_IRQHandler) refers to timer.o(.text.TIM3_IRQHandler) for [Anonymous Symbol]
    timer.o(.text.TIM4_IRQHandler) refers to timer.o(.bss.PTF4) for PTF4
    timer.o(.ARM.exidx.text.TIM4_IRQHandler) refers to timer.o(.text.TIM4_IRQHandler) for [Anonymous Symbol]
    timer.o(.ARM.exidx.text.MyTimer_PWM) refers to timer.o(.text.MyTimer_PWM) for [Anonymous Symbol]
    timer.o(.text.MyTimer_SetDutyCycle) refers to dflt_clz.o(x$fpl$dflt) for __aeabi_i2d
    timer.o(.text.MyTimer_SetDutyCycle) refers to dmul.o(x$fpl$dmul) for __aeabi_dmul
    timer.o(.text.MyTimer_SetDutyCycle) refers to ddiv.o(x$fpl$ddiv) for __aeabi_ddiv
    timer.o(.text.MyTimer_SetDutyCycle) refers to dfix.o(x$fpl$dfix) for __aeabi_d2iz
    timer.o(.ARM.exidx.text.MyTimer_SetDutyCycle) refers to timer.o(.text.MyTimer_SetDutyCycle) for [Anonymous Symbol]
    uart.o(.ARM.exidx.text.MyUART_Init) refers to uart.o(.text.MyUART_Init) for [Anonymous Symbol]
    uart.o(.ARM.exidx.text.MyUART_Send) refers to uart.o(.text.MyUART_Send) for [Anonymous Symbol]
    uart.o(.ARM.exidx.text.MyUART_Read) refers to uart.o(.text.MyUART_Read) for [Anonymous Symbol]
    uart.o(.text.MyUART_EnableReceiveInterruption) refers to uart.o(.bss.Uart_PTF1) for Uart_PTF1
    uart.o(.text.MyUART_EnableReceiveInterruption) refers to uart.o(.text.__NVIC_EnableIRQ) for __NVIC_EnableIRQ
    uart.o(.text.MyUART_EnableReceiveInterruption) refers to uart.o(.bss.Uart_PTF2) for Uart_PTF2
    uart.o(.text.MyUART_EnableReceiveInterruption) refers to uart.o(.bss.Uart_PTF3) for Uart_PTF3
    uart.o(.ARM.exidx.text.MyUART_EnableReceiveInterruption) refers to uart.o(.text.MyUART_EnableReceiveInterruption) for [Anonymous Symbol]
    uart.o(.ARM.exidx.text.__NVIC_EnableIRQ) refers to uart.o(.text.__NVIC_EnableIRQ) for [Anonymous Symbol]
    uart.o(.text.USART1_IRQHandler) refers to uart.o(.bss.Uart_PTF1) for Uart_PTF1
    uart.o(.ARM.exidx.text.USART1_IRQHandler) refers to uart.o(.text.USART1_IRQHandler) for [Anonymous Symbol]
    uart.o(.text.USART2_IRQHandler) refers to uart.o(.bss.Uart_PTF2) for Uart_PTF2
    uart.o(.ARM.exidx.text.USART2_IRQHandler) refers to uart.o(.text.USART2_IRQHandler) for [Anonymous Symbol]
    uart.o(.text.USART3_IRQHandler) refers to uart.o(.bss.Uart_PTF3) for Uart_PTF3
    uart.o(.ARM.exidx.text.USART3_IRQHandler) refers to uart.o(.text.USART3_IRQHandler) for [Anonymous Symbol]
    codeur_inc.o(.text.Encoder_Init) refers to codeur_inc.o(.bss.IC1) for IC1
    codeur_inc.o(.text.Encoder_Init) refers to codeur_inc.o(.bss.IC2) for IC2
    codeur_inc.o(.text.Encoder_Init) refers to gpio.o(.text.ourGPIO_Init) for ourGPIO_Init
[...]
    !!!scatter                               0x080000f4   Section       92  __scatter.o(!!!scatter)
    !!handler_copy                           0x08000150   Section       26  __scatter_copy.o(!!handler_copy)
    !!handler_null                           0x0800016c   Section        2  __scatter.o(!!handler_null)
    !!handler_zi                             0x08000170   Section       28  __scatter_zi.o(!!handler_zi)
    .ARM.Collect$$_printf_percent$$00000000  0x0800018c   Section        0  _printf_percent.o(.ARM.Collect$$_printf_percent$$00000000)
    .ARM.Collect$$_printf_percent$$00000001  0x0800018c   Section        6  _printf_n.o(.ARM.Collect$$_printf_percent$$00000001)
    .ARM.Collect$$_printf_percent$$00000002  0x08000192   Section        6  _printf_p.o(.ARM.Collect$$_printf_percent$$00000002)
    .ARM.Collect$$_printf_percent$$00000003  0x08000198   Section        6  _printf_f.o(.ARM.Collect$$_printf_percent$$00000003)
    .ARM.Collect$$_printf_percent$$00000004  0x0800019e   Section        6  _printf_e.o(.ARM.Collect$$_printf_percent$$00000004)
    .ARM.Collect$$_printf_percent$$00000005  0x080001a4   Section        6  _printf_g.o(.ARM.Collect$$_printf_percent$$00000005)
    .ARM.Collect$$_printf_percent$$00000006  0x080001aa   Section        6  _printf_a.o(.ARM.Collect$$_printf_percent$$00000006)
    .ARM.Collect$$_printf_percent$$00000007  0x080001b0   Section       10  _printf_ll.o(.ARM.Collect$$_printf_percent$$00000007)
    .ARM.Collect$$_printf_percent$$00000008  0x080001ba   Section        6  _printf_i.o(.ARM.Collect$$_printf_percent$$00000008)
    .ARM.Collect$$_printf_percent$$00000009  0x080001c0   Section        6  _printf_d.o(.ARM.Collect$$_printf_percent$$00000009)
    .ARM.Collect$$_printf_percent$$0000000A  0x080001c6   Section        6  _printf_u.o(.ARM.Collect$$_printf_percent$$0000000A)
    .ARM.Collect$$_printf_percent$$0000000B  0x080001cc   Section        6  _printf_o.o(.ARM.Collect$$_printf_percent$$0000000B)
    .ARM.Collect$$_printf_percent$$0000000C  0x080001d2   Section        6  _printf_x.o(.ARM.Collect$$_printf_percent$$0000000C)
    .ARM.Collect$$_printf_percent$$0000000D  0x080001d8   Section        6  _printf_lli.o(.ARM.Collect$$_printf_percent$$0000000D)
    .ARM.Collect$$_printf_percent$$0000000E  0x080001de   Section        6  _printf_lld.o(.ARM.Collect$$_printf_percent$$0000000E)
    .ARM.Collect$$_printf_percent$$0000000F  0x080001e4   Section        6  _printf_llu.o(.ARM.Collect$$_printf_percent$$0000000F)
    .ARM.Collect$$_printf_percent$$00000010  0x080001ea   Section        6  _printf_llo.o(.ARM.Collect$$_printf_percent$$00000010)
    .ARM.Collect$$_printf_percent$$00000011  0x080001f0   Section        6  _printf_llx.o(.ARM.Collect$$_printf_percent$$00000011)
    .ARM.Collect$$_printf_percent$$00000012  0x080001f6   Section       10  _printf_l.o(.ARM.Collect$$_printf_percent$$00000012)
    .ARM.Collect$$_printf_percent$$00000013  0x08000200   Section        6  _printf_c.o(.ARM.Collect$$_printf_percent$$00000013)
    .ARM.Collect$$_printf_percent$$00000014  0x08000206   Section        6  _printf_s.o(.ARM.Collect$$_printf_percent$$00000014)
    .ARM.Collect$$_printf_percent$$00000015  0x0800020c   Section        6  _printf_lc.o(.ARM.Collect$$_printf_percent$$00000015)
    .ARM.Collect$$_printf_percent$$00000016  0x08000212   Section        6  _printf_ls.o(.ARM.Collect$$_printf_percent$$00000016)
    .ARM.Collect$$_printf_percent$$00000017  0x08000218   Section        4  _printf_percent_end.o(.ARM.Collect$$_printf_percent$$00000017)
    .ARM.Collect$$libinit$$00000000          0x0800021c   Section        2  libinit.o(.ARM.Collect$$libinit$$00000000)
    .ARM.Collect$$libinit$$00000002          0x0800021e   Section        0  libinit2.o(.ARM.Collect$$libinit$$00000002)
    .ARM.Collect$$libinit$$00000004          0x0800021e   Section        0  libinit2.o(.ARM.Collect$$libinit$$00000004)
    .ARM.Collect$$libinit$$00000006          0x0800021e   Section        0  libinit2.o(.ARM.Collect$$libinit$$00000006)
    .ARM.Collect$$libinit$$00000007          0x0800021e   Section        8  libinit2.o(.ARM.Collect$$libinit$$00000007)
    .ARM.Collect$$libinit$$0000000C          0x08000226   Section        0  libinit2.o(.ARM.Collect$$libinit$$0000000C)
    .ARM.Collect$$libinit$$0000000E          0x08000226   Section        0  libinit2.o(.ARM.Collect$$libinit$$0000000E)
    .ARM.Collect$$libinit$$00000010          0x08000226   Section        0  libinit2.o(.ARM.Collect$$libinit$$00000010)
    .ARM.Collect$$libinit$$00000011          0x08000226   Section        6  libinit2.o(.ARM.Collect$$libinit$$00000011)
    .ARM.Collect$$libinit$$00000013          0x0800022c   Section        0  libinit2.o(.ARM.Collect$$libinit$$00000013)
    .ARM.Collect$$libinit$$00000014          0x0800022c   Section       12  libinit2.o(.ARM.Collect$$libinit$$00000014)
    .ARM.Collect$$libinit$$00000015          0x08000238   Section        0  libinit2.o(.ARM.Collect$$libinit$$00000015)
    .ARM.Collect$$libinit$$00000017          0x08000238   Section        0  libinit2.o(.ARM.Collect$$libinit$$00000017)
    .ARM.Collect$$libinit$$00000018          0x08000238   Section       10  libinit2.o(.ARM.Collect$$libinit$$00000018)
    .ARM.Collect$$libinit$$00000019          0x08000242   Section        0  libinit2.o(.ARM.Collect$$libinit$$00000019)
    .ARM.Collect$$libinit$$0000001B          0x08000242   Section        0  libinit2.o(.ARM.Collect$$libinit$$0000001B)
    .ARM.Collect$$libinit$$0000001D          0x08000242   Section        0  libinit2.o(.ARM.Collect$$libinit$$0000001D)
    .ARM.Collect$$libinit$$0000001F          0x08000242   Section        0  libinit2.o(.ARM.Collect$$libinit$$0000001F)
    .ARM.Collect$$libinit$$00000021          0x08000242   Section        0  libinit2.o(.ARM.Collect$$libinit$$00000021)
    .ARM.Collect$$libinit$$00000023          0x08000242   Section        0  libinit2.o(.ARM.Collect$$libinit$$00000023)
    .ARM.Collect$$libinit$$00000025          0x08000242   Section        0  libinit2.o(.ARM.Collect$$libinit$$00000025)
    .ARM.Collect$$libinit$$00000026          0x08000242   Section        4  libinit2.o(.ARM.Collect$$libinit$$00000026)
    .ARM.Collect$$libinit$$00000027          0x08000246   Section        0  libinit2.o(.ARM.Collect$$libinit$$00000027)
    .ARM.Collect$$libinit$$0000002E          0x08000246   Section        0  libinit2.o(.ARM.Collect$$libinit$$0000002E)
    .ARM.Collect$$libinit$$00000030          0x08000246   Section        0  libinit2.o(.ARM.Collect$$libinit$$00000030)
    .ARM.Collect$$libinit$$00000032          0x08000246   Section        0  libinit2.o(.ARM.Collect$$libinit$$00000032)
    .ARM.Collect$$libinit$$00000034          0x08000246   Section        0  libinit2.o(.ARM.Collect$$libinit$$00000034)
    .ARM.Collect$$libinit$$00000035          0x08000246   Section        2  libinit2.o(.ARM.Collect$$libinit$$00000035)
    .ARM.Collect$$libshutdown$$00000000      0x08000248   Section        2  libshutdown.o(.ARM.Collect$$libshutdown$$00000000)
    .ARM.Collect$$libshutdown$$00000002      0x0800024a   Section        0  libshutdown2.o(.ARM.Collect$$libshutdown$$00000002)
    .ARM.Collect$$libshutdown$$00000003      0x0800024a   Section        4  libshutdown2.o(.ARM.Collect$$libshutdown$$00000003)
    .ARM.Collect$$libshutdown$$00000004      0x0800024e   Section        0  libshutdown2.o(.ARM.Collect$$libshutdown$$00000004)
    .ARM.Collect$$libshutdown$$00000007      0x0800024e   Section        0  libshutdown2.o(.ARM.Collect$$libshutdown$$00000007)
    .ARM.Collect$$libshutdown$$0000000A      0x0800024e   Section        0  libshutdown2.o(.ARM.Collect$$libshutdown$$0000000A)
    .ARM.Collect$$libshutdown$$0000000C      0x0800024e   Section        0  libshutdown2.o(.ARM.Collect$$libshutdown$$0000000C)
    .ARM.Collect$$libshutdown$$0000000F      0x0800024e   Section        0  libshutdown2.o(.ARM.Collect$$libshutdown$$0000000F)
    .ARM.Collect$$libshutdown$$00000010      0x0800024e   Section        2  libshutdown2.o(.ARM.Collect$$libshutdown$$00000010)
    .ARM.Collect$$rtentry$$00000000          0x08000250   Section        0  __rtentry.o(.ARM.Collect$$rtentry$$00000000)
    .ARM.Collect$$rtentry$$00000002          0x08000250   Section        0  __rtentry2.o(.ARM.Collect$$rtentry$$00000002)
    .ARM.Collect$$rtentry$$00000004          0x08000250   Section        6  __rtentry4.o(.ARM.Collect$$rtentry$$00000004)
    .ARM.Collect$$rtentry$$00000009          0x08000256   Section        0  __rtentry2.o(.ARM.Collect$$rtentry$$00000009)
    .ARM.Collect$$rtentry$$0000000A          0x08000256   Section        4  __rtentry2.o(.ARM.Collect$$rtentry$$0000000A)
    .ARM.Collect$$rtentry$$0000000C          0x0800025a   Section        0  __rtentry2.o(.ARM.Collect$$rtentry$$0000000C)
    .ARM.Collect$$rtentry$$0000000D          0x0800025a   Section        8  __rtentry2.o(.ARM.Collect$$rtentry$$0000000D)
    .ARM.Collect$$rtexit$$00000000           0x08000262   Section        2  rtexit.o(.ARM.Collect$$rtexit$$00000000)
    .ARM.Collect$$rtexit$$00000002           0x08000264   Section        0  rtexit2.o(.ARM.Collect$$rtexit$$00000002)
    .ARM.Collect$$rtexit$$00000003           0x08000264   Section        4  rtexit2.o(.ARM.Collect$$rtexit$$00000003)
    .ARM.Collect$$rtexit$$00000004           0x08000268   Section        6  rtexit2.o(.ARM.Collect$$rtexit$$00000004)
    .text                                    0x08000270   Section       64  startup_stm32f10x_md.o(.text)
    .text                                    0x080002b0   Section        0  printf.o(.text)
    .text                                    0x080002c8   Section        0  heapauxi.o(.text)
    .text                                    0x080002ce   Section        0  _printf_pad.o(.text)
    .text                                    0x0800031c   Section        0  _printf_truncate.o(.text)
    .text                                    0x08000340   Section        0  _printf_str.o(.text)
    .text                                    0x08000394   Section        0  _printf_dec.o(.text)
    .text                                    0x0800040c   Section        0  _printf_charcount.o(.text)
    .text                                    0x08000434   Section        0  _printf_char_file.o(.text)
    .text                                    0x08000458   Section        0  _printf_wctomb.o(.text)
    .text                                    0x08000514   Section        0  _printf_longlong_dec.o(.text)
    _printf_longlong_oct_internal            0x08000591   Thumb Code     0  _printf_oct_int_ll.o(.text)
    .text                                    0x08000590   Section        0  _printf_oct_int_ll.o(.text)
    _printf_hex_common                       0x08000601   Thumb Code     0  _printf_hex_int_ll_ptr.o(.text)
    .text                                    0x08000600   Section        0  _printf_hex_int_ll_ptr.o(.text)
    .text                                    0x08000694   Section        0  __printf_flags_ss_wp.o(.text)
    .text                                    0x0800081c   Section      138  lludiv10.o(.text)
    .text                                    0x080008a6   Section        0  _printf_intcommon.o(.text)
    _fp_digits                               0x08000959   Thumb Code   432  _printf_fp_dec.o(.text)
    .text                                    0x08000958   Section        0  _printf_fp_dec.o(.text)
    .text                                    0x08000d74   Section        0  _printf_fp_hex.o(.text)
    _printf_input_char                       0x08001071   Thumb Code    10  _printf_char_common.o(.text)
    .text                                    0x08001070   Section        0  _printf_char_common.o(.text)
    .text                                    0x080010a0   Section        0  _printf_char.o(.text)
    .text                                    0x080010cc   Section        0  _printf_wchar.o(.text)
    .text                                    0x080010f8   Section        0  ferror.o(.text)
    .text                                    0x08001100   Section        0  initio.o(.text)
    .text                                    0x08001238   Section        0  _c16rtomb.o(.text)
    .text                                    0x08001280   Section       74  sys_stackheap_outer.o(.text)
    .text                                    0x080012cc   Section       16  rt_ctype_table.o(.text)
    .text                                    0x080012dc   Section        8  rt_locale_intlibspace.o(.text)
    .text                                    0x080012e4   Section        0  h1_free.o(.text)
    .text                                    0x08001334   Section        0  _printf_fp_infnan.o(.text)
    .text                                    0x080013b4   Section        0  bigflt0.o(.text)
    .text                                    0x08001498   Section        0  flsbuf.o(.text)
    .text                                    0x0800167a   Section        0  setvbuf.o(.text)
    _freopen_locked                          0x080016c1   Thumb Code     0  fopen.o(.text)
    .text                                    0x080016c0   Section        0  fopen.o(.text)
    .text                                    0x080017b0   Section        0  fclose.o(.text)
    .text                                    0x080017fc   Section        0  exit.o(.text)
    .text                                    0x0800180e   Section        0  defsig_rtred_outer.o(.text)
    .text                                    0x0800181c   Section       78  rt_memclr_w.o(.text)
    .text                                    0x0800186a   Section        0  sys_io.o(.text)
    .text                                    0x080018d0   Section        8  libspace.o(.text)
    .text                                    0x080018d8   Section        8  rt_heap_descriptor_intlibspace.o(.text)
    .text                                    0x080018e0   Section        0  hguard.o(.text)
    .text                                    0x080018e4   Section        0  init_alloc.o(.text)
    .text                                    0x0800196e   Section        0  h1_alloc.o(.text)
    .text                                    0x080019cc   Section        0  fseek.o(.text)
    .text                                    0x08001ac4   Section        0  stdio.o(.text)
    .text                                    0x08001bcc   Section        0  defsig_exit.o(.text)
    .text                                    0x08001bd8   Section        0  defsig_rtred_inner.o(.text)
    .text                                    0x08001c0c   Section      128  strcmpv7m.o(.text)
    .text                                    0x08001c8c   Section        0  sys_exit.o(.text)
    .text                                    0x08001c98   Section        2  use_no_semi.o(.text)
    .text                                    0x08001c9a   Section        0  indicate_semi.o(.text)
    .text                                    0x08001c9a   Section        0  maybetermalloc1.o(.text)
    .text                                    0x08001c9a   Section        0  h1_init.o(.text)
    .text                                    0x08001ca6   Section        0  h1_extend.o(.text)
    .text                                    0x08001cda   Section        0  ftell.o(.text)
    .text                                    0x08001d1c   Section        0  defsig_general.o(.text)
    .text                                    0x08001d4e   Section        0  defsig_rtmem_outer.o(.text)
    .text                                    0x08001d5c   Section        0  strlen.o(.text)
    .text                                    0x08001d9a   Section        0  sys_wrch.o(.text)
    .text                                    0x08001da8   Section        8  rt_errno_addr_intlibspace.o(.text)
    .text                                    0x08001db0   Section        0  defsig_rtmem_inner.o(.text)
    [Anonymous Symbol]                       0x08001e00   Section        0  servicecommunication.o(.text.Communication_Config)
    [Anonymous Symbol]                       0x08001e58   Section        0  codeur_inc.o(.text.EXTI0_IRQHandler)
    [Anonymous Symbol]                       0x08001e88   Section        0  uart.o(.text.MyUART_EnableReceiveInterruption)
    [Anonymous Symbol]                       0x08001f10   Section        0  uart.o(.text.MyUART_Init)
    [Anonymous Symbol]                       0x08001fdc   Section        0  uart.o(.text.MyUART_Read)
    SetSysClock                              0x08001fed   Thumb Code     8  system_stm32f10x.o(.text.SetSysClock)
    [Anonymous Symbol]                       0x08001fec   Section        0  system_stm32f10x.o(.text.SetSysClock)
    SetSysClockTo72                          0x08001ff5   Thumb Code   290  system_stm32f10x.o(.text.SetSysClockTo72)
    [Anonymous Symbol]                       0x08001ff4   Section        0  system_stm32f10x.o(.text.SetSysClockTo72)
    [Anonymous Symbol]                       0x08002118   Section        0  system_stm32f10x.o(.text.SystemInit)
    [Anonymous Symbol]                       0x08002180   Section        0  timer.o(.text.TIM1_UP_IRQHandler)
    [Anonymous Symbol]                       0x080021b4   Section        0  timer.o(.text.TIM2_IRQHandler)
    [Anonymous Symbol]                       0x080021e4   Section        0  timer.o(.text.TIM3_IRQHandler)
    [Anonymous Symbol]                       0x08002218   Section        0  timer.o(.text.TIM4_IRQHandler)
    [Anonymous Symbol]                       0x0800224c   Section        0  uart.o(.text.USART1_IRQHandler)
    [Anonymous Symbol]                       0x08002280   Section        0  uart.o(.text.USART2_IRQHandler)
    [Anonymous Symbol]                       0x080022b4   Section        0  uart.o(.text.USART3_IRQHandler)
    __NVIC_EnableIRQ                         0x080022e9   Thumb Code    48  uart.o(.text.__NVIC_EnableIRQ)
    [Anonymous Symbol]                       0x080022e8   Section        0  uart.o(.text.__NVIC_EnableIRQ)
    [Anonymous Symbol]                       0x08002318   Section        0  servicecommunication.o(.text.getOrientationCap)
    [Anonymous Symbol]                       0x08002334   Section        0  principal.o(.text.main)
    [Anonymous Symbol]                       0x08002344   Section        0  gpio.o(.text.ourGPIO_Init)
    [Anonymous Symbol]                       0x080024c4   Section        0  gpio.o(.text.ourGPIO_Toggle)
    [Anonymous Symbol]                       0x080024e4   Section        0  servicecommunication.o(.text.process_data)
    CL$$btod_d2e                             0x08002518   Section       62  btod.o(CL$$btod_d2e)
    CL$$btod_d2e_denorm_low                  0x08002556   Section       70  btod.o(CL$$btod_d2e_denorm_low)
    CL$$btod_d2e_norm_op1                    0x0800259c   Section       96  btod.o(CL$$btod_d2e_norm_op1)
    CL$$btod_div_common                      0x080025fc   Section      824  btod.o(CL$$btod_div_common)
    CL$$btod_e2e                             0x08002934   Section      220  btod.o(CL$$btod_e2e)
    CL$$btod_ediv                            0x08002a10   Section       42  btod.o(CL$$btod_ediv)
    CL$$btod_emul                            0x08002a3a   Section       42  btod.o(CL$$btod_emul)
    CL$$btod_mult_common                     0x08002a64   Section      580  btod.o(CL$$btod_mult_common)
    i.__ARM_fpclassify                       0x08002ca8   Section        0  fpclassify.o(i.__ARM_fpclassify)
    i._is_digit                              0x08002cd0   Section        0  __printf_wp.o(i._is_digit)
    i.fputc                                  0x08002cde   Section        0  fputc.o(i.fputc)
    locale$$code                             0x08002cfc   Section       44  lc_numeric_c.o(locale$$code)
    locale$$code                             0x08002d28   Section       44  lc_ctype_c.o(locale$$code)
    x$fpl$printf1                            0x08002d54   Section        4  printf1.o(x$fpl$printf1)
    x$fpl$printf2                            0x08002d58   Section        4  printf2.o(x$fpl$printf2)
    initial_mbstate                          0x08002d5c   Data           8  _printf_wctomb.o(.constdata)
    .constdata                               0x08002d5c   Section        8  _printf_wctomb.o(.constdata)
    x$fpl$usenofp                            0x08002d5c   Section        0  usenofp.o(x$fpl$usenofp)
    uc_hextab                                0x08002d64   Data          20  _printf_hex_int_ll_ptr.o(.constdata)
    .constdata                               0x08002d64   Section       40  _printf_hex_int_ll_ptr.o(.constdata)
    lc_hextab                                0x08002d78   Data          20  _printf_hex_int_ll_ptr.o(.constdata)
    maptable                                 0x08002d8c   Data          17  __printf_flags_ss_wp.o(.constdata)
    .constdata                               0x08002d8c   Section       17  __printf_flags_ss_wp.o(.constdata)
    lc_hextab                                0x08002d9d   Data          19  _printf_fp_hex.o(.constdata)
    .constdata                               0x08002d9d   Section       38  _printf_fp_hex.o(.constdata)
    uc_hextab                                0x08002db0   Data          19  _printf_fp_hex.o(.constdata)
    .constdata                               0x08002dc3   Section        4  sys_io_names.o(.constdata)
    .constdata                               0x08002dc7   Section        4  sys_io_names.o(.constdata)
    .constdata                               0x08002dcb   Section        4  sys_io_names.o(.constdata)
    tenpwrs_x                                0x08002dd0   Data          60  bigflt0.o(.constdata)
    .constdata                               0x08002dd0   Section      148  bigflt0.o(.constdata)
    tenpwrs_i                                0x08002e0c   Data          64  bigflt0.o(.constdata)
    .L.str                                   0x08002e64   Data          19  servicecommunication.o(.rodata.str1.1)
    [Anonymous Symbol]                       0x08002e64   Section        0  servicecommunication.o(.rodata.str1.1)
    locale$$data                             0x08002e98   Section       28  lc_numeric_c.o(locale$$data)
    __lcnum_c_name                           0x08002e9c   Data           2  lc_numeric_c.o(locale$$data)
    __lcnum_c_start                          0x08002ea4   Data           0  lc_numeric_c.o(locale$$data)
    __lcnum_c_point                          0x08002eb0   Data           0  lc_numeric_c.o(locale$$data)
    __lcnum_c_thousands                      0x08002eb2   Data           0  lc_numeric_c.o(locale$$data)
    __lcnum_c_grouping                       0x08002eb3   Data           0  lc_numeric_c.o(locale$$data)
    __lcnum_c_end                            0x08002eb4   Data           0  lc_numeric_c.o(locale$$data)
    locale$$data                             0x08002eb4   Section      272  lc_ctype_c.o(locale$$data)
    __lcctype_c_name                         0x08002eb8   Data           2  lc_ctype_c.o(locale$$data)
    __lcctype_c_start                        0x08002ec0   Data           0  lc_ctype_c.o(locale$$data)
    __lcctype_c_end                          0x08002fc4   Data           0  lc_ctype_c.o(locale$$data)
    .data                                    0x20000000   Section        4  stdio_streams.o(.data)
    .data                                    0x20000004   Section        4  stdio_streams.o(.data)
    .data                                    0x20000008   Section        4  stdio_streams.o(.data)
    .bss                                     0x20000010   Section       84  stdio_streams.o(.bss)
    .bss                                     0x20000064   Section       84  stdio_streams.o(.bss)
    .bss                                     0x200000b8   Section       84  stdio_streams.o(.bss)
    .bss                                     0x2000010c   Section       96  libspace.o(.bss)
    Heap_Mem                                 0x20000188   Data         512  startup_stm32f10x_md.o(HEAP)
    HEAP                                     0x20000188   Section      512  startup_stm32f10x_md.o(HEAP)
    Stack_Mem                                0x20000388   Data        1024  startup_stm32f10x_md.o(STACK)
    STACK                                    0x20000388   Section     1024  startup_stm32f10x_md.o(STACK)
    __initial_sp                             0x20000788   Data           0  startup_stm32f10x_md.o(STACK)

    Global Symbols

    Symbol Name                              Value     Ov Type        Size  Object(Section)

    BuildAttributes$$THM_ISAv4$P$D$K$B$S$PE$A:L22UL41UL21$X:L11$S22US41US21$IEEE1$IW$~IW$USESV6$~STKCKD$USESV7$~SHL$OTIME$ROPI$IEEEJ$EBA8$UX$STANDARDLIB$REQ8$PRES8$EABIv2 0x00000000   Number         0  anon$$obj.o ABSOLUTE
    __fp_init_empty                          0x00000000   Number         0  fpinit_empty.o ABSOLUTE
    _printf_flags                            0x00000000   Number         0  printf_stubs.o ABSOLUTE
    _printf_return_value                     0x00000000   Number         0  printf_stubs.o ABSOLUTE
    _printf_sizespec                         0x00000000   Number         0  printf_stubs.o ABSOLUTE
    _printf_widthprec                        0x00000000   Number         0  printf_stubs.o ABSOLUTE
    __ARM_exceptions_init                     - Undefined Weak Reference
    __alloca_initialize                       - Undefined Weak Reference
    __arm_preinit_                            - Undefined Weak Reference
    __arm_relocate_pie_                       - Undefined Weak Reference
    __cpp_initialize__aeabi_                  - Undefined Weak Reference
    __cxa_finalize                            - Undefined Weak Reference
    __sigvec_lookup                           - Undefined Weak Reference
    __user_heap_extent                        - Undefined Weak Reference
    _atexit_init                              - Undefined Weak Reference
    _call_atexit_fns                          - Undefined Weak Reference
    _clock_init                               - Undefined Weak Reference
    _fp_trap_init                             - Undefined Weak Reference
    _fp_trap_shutdown                         - Undefined Weak Reference
    _get_lc_collate                           - Undefined Weak Reference
    _get_lc_monetary                          - Undefined Weak Reference
    _get_lc_time                              - Undefined Weak Reference
    _getenv_init                              - Undefined Weak Reference
    _handle_redirection                       - Undefined Weak Reference
    _mutex_acquire                            - Undefined Weak Reference
    _mutex_free                               - Undefined Weak Reference
    _mutex_release                            - Undefined Weak Reference
    _printf_mbtowc                            - Undefined Weak Reference
    _printf_wc                                - Undefined Weak Reference
    _rand_init                                - Undefined Weak Reference
    _signal_finish                            - Undefined Weak Reference
    _signal_init                              - Undefined Weak Reference
    __Vectors_Size                           0x000000ec   Number         0  startup_stm32f10x_md.o ABSOLUTE
    __Vectors                                0x08000000   Data           4  startup_stm32f10x_md.o(RESET)
    __Vectors_End                            0x080000ec   Data           0  startup_stm32f10x_md.o(RESET)
    __main                                   0x080000ed   Thumb Code     8  __main.o(!!!main)
    __scatterload                            0x080000f5   Thumb Code     0  __scatter.o(!!!scatter)
    __scatterload_rt2                        0x080000f5   Thumb Code    84  __scatter.o(!!!scatter)
    __scatterload_rt2_thumb_only             0x080000f5   Thumb Code     0  __scatter.o(!!!scatter)
    __scatterload_loop                       0x080000ff   Thumb Code     0  __scatter.o(!!!scatter)
    __scatterload_copy                       0x08000151   Thumb Code    26  __scatter_copy.o(!!handler_copy)
    __scatterload_null                       0x0800016d   Thumb Code     2  __scatter.o(!!handler_null)
    __scatterload_zeroinit                   0x08000171   Thumb Code    28  __scatter_zi.o(!!handler_zi)
    _printf_n                                0x0800018d   Thumb Code     0  _printf_n.o(.ARM.Collect$$_printf_percent$$00000001)
    _printf_percent                          0x0800018d   Thumb Code     0  _printf_percent.o(.ARM.Collect$$_printf_percent$$00000000)
    _printf_p                                0x08000193   Thumb Code     0  _printf_p.o(.ARM.Collect$$_printf_percent$$00000002)
    _printf_f                                0x08000199   Thumb Code     0  _printf_f.o(.ARM.Collect$$_printf_percent$$00000003)
    _printf_e                                0x0800019f   Thumb Code     0  _printf_e.o(.ARM.Collect$$_printf_percent$$00000004)
    _printf_g                                0x080001a5   Thumb Code     0  _printf_g.o(.ARM.Collect$$_printf_percent$$00000005)
    _printf_a                                0x080001ab   Thumb Code     0  _printf_a.o(.ARM.Collect$$_printf_percent$$00000006)
    _printf_ll                               0x080001b1   Thumb Code     0  _printf_ll.o(.ARM.Collect$$_printf_percent$$00000007)
    _printf_i                                0x080001bb   Thumb Code     0  _printf_i.o(.ARM.Collect$$_printf_percent$$00000008)
    _printf_d                                0x080001c1   Thumb Code     0  _printf_d.o(.ARM.Collect$$_printf_percent$$00000009)
    _printf_u                                0x080001c7   Thumb Code     0  _printf_u.o(.ARM.Collect$$_printf_percent$$0000000A)
    _printf_o                                0x080001cd   Thumb Code     0  _printf_o.o(.ARM.Collect$$_printf_percent$$0000000B)
    _printf_x                                0x080001d3   Thumb Code     0  _printf_x.o(.ARM.Collect$$_printf_percent$$0000000C)
    _printf_lli                              0x080001d9   Thumb Code     0  _printf_lli.o(.ARM.Collect$$_printf_percent$$0000000D)
    _printf_lld                              0x080001df   Thumb Code     0  _printf_lld.o(.ARM.Collect$$_printf_percent$$0000000E)
    _printf_llu                              0x080001e5   Thumb Code     0  _printf_llu.o(.ARM.Collect$$_printf_percent$$0000000F)
    _printf_llo                              0x080001eb   Thumb Code     0  _printf_llo.o(.ARM.Collect$$_printf_percent$$00000010)
    _printf_llx                              0x080001f1   Thumb Code     0  _printf_llx.o(.ARM.Collect$$_printf_percent$$00000011)
    _printf_l                                0x080001f7   Thumb Code     0  _printf_l.o(.ARM.Collect$$_printf_percent$$00000012)
    _printf_c                                0x08000201   Thumb Code     0  _printf_c.o(.ARM.Collect$$_printf_percent$$00000013)
    _printf_s                                0x08000207   Thumb Code     0  _printf_s.o(.ARM.Collect$$_printf_percent$$00000014)
    _printf_lc                               0x0800020d   Thumb Code     0  _printf_lc.o(.ARM.Collect$$_printf_percent$$00000015)
    _printf_ls                               0x08000213   Thumb Code     0  _printf_ls.o(.ARM.Collect$$_printf_percent$$00000016)
    _printf_percent_end                      0x08000219   Thumb Code     0  _printf_percent_end.o(.ARM.Collect$$_printf_percent$$00000017)
    __rt_lib_init                            0x0800021d   Thumb Code     0  libinit.o(.ARM.Collect$$libinit$$00000000)
    __rt_lib_init_fp_1                       0x0800021f   Thumb Code     0  libinit2.o(.ARM.Collect$$libinit$$00000002)
    __rt_lib_init_heap_2                     0x0800021f   Thumb Code     0  libinit2.o(.ARM.Collect$$libinit$$00000007)
    __rt_lib_init_preinit_1                  0x0800021f   Thumb Code     0  libinit2.o(.ARM.Collect$$libinit$$00000006)
    __rt_lib_init_relocate_pie_1             0x0800021f   Thumb Code     0  libinit2.o(.ARM.Collect$$libinit$$00000004)
    __rt_lib_init_heap_1                     0x08000227   Thumb Code     0  libinit2.o(.ARM.Collect$$libinit$$0000000C)
    __rt_lib_init_lc_common                  0x08000227   Thumb Code     0  libinit2.o(.ARM.Collect$$libinit$$00000011)
    __rt_lib_init_rand_1                     0x08000227   Thumb Code     0  libinit2.o(.ARM.Collect$$libinit$$00000010)
    __rt_lib_init_user_alloc_1               0x08000227   Thumb Code     0  libinit2.o(.ARM.Collect$$libinit$$0000000E)
    __rt_lib_init_lc_collate_1               0x0800022d   Thumb Code     0  libinit2.o(.ARM.Collect$$libinit$$00000013)
    __rt_lib_init_lc_ctype_2                 0x0800022d   Thumb Code     0  libinit2.o(.ARM.Collect$$libinit$$00000014)
    __rt_lib_init_lc_ctype_1                 0x08000239   Thumb Code     0  libinit2.o(.ARM.Collect$$libinit$$00000015)
    __rt_lib_init_lc_monetary_1              0x08000239   Thumb Code     0  libinit2.o(.ARM.Collect$$libinit$$00000017)
    __rt_lib_init_lc_numeric_2               0x08000239   Thumb Code     0  libinit2.o(.ARM.Collect$$libinit$$00000018)
    __rt_lib_init_atexit_1                   0x08000243   Thumb Code     0  libinit2.o(.ARM.Collect$$libinit$$0000001D)
    __rt_lib_init_clock_1                    0x08000243   Thumb Code     0  libinit2.o(.ARM.Collect$$libinit$$00000023)
    __rt_lib_init_fp_trap_1                  0x08000243   Thumb Code     0  libinit2.o(.ARM.Collect$$libinit$$00000021)
    __rt_lib_init_getenv_1                   0x08000243   Thumb Code     0  libinit2.o(.ARM.Collect$$libinit$$00000025)
    __rt_lib_init_lc_numeric_1               0x08000243   Thumb Code     0  libinit2.o(.ARM.Collect$$libinit$$00000019)
    __rt_lib_init_lc_time_1                  0x08000243   Thumb Code     0  libinit2.o(.ARM.Collect$$libinit$$0000001B)
    __rt_lib_init_signal_1                   0x08000243   Thumb Code     0  libinit2.o(.ARM.Collect$$libinit$$0000001F)
    __rt_lib_init_stdio_2                    0x08000243   Thumb Code     0  libinit2.o(.ARM.Collect$$libinit$$00000026)
    __rt_lib_init_alloca_1                   0x08000247   Thumb Code     0  libinit2.o(.ARM.Collect$$libinit$$00000030)
    __rt_lib_init_argv_1                     0x08000247   Thumb Code     0  libinit2.o(.ARM.Collect$$libinit$$0000002E)
    __rt_lib_init_cpp_1                      0x08000247   Thumb Code     0  libinit2.o(.ARM.Collect$$libinit$$00000034)
    __rt_lib_init_exceptions_1               0x08000247   Thumb Code     0  libinit2.o(.ARM.Collect$$libinit$$00000032)
    __rt_lib_init_return                     0x08000247   Thumb Code     0  libinit2.o(.ARM.Collect$$libinit$$00000035)
    __rt_lib_init_stdio_1                    0x08000247   Thumb Code     0  libinit2.o(.ARM.Collect$$libinit$$00000027)
    __rt_lib_shutdown                        0x08000249   Thumb Code     0  libshutdown.o(.ARM.Collect$$libshutdown$$00000000)
    __rt_lib_shutdown_cpp_1                  0x0800024b   Thumb Code     0  libshutdown2.o(.ARM.Collect$$libshutdown$$00000002)
    __rt_lib_shutdown_stdio_2                0x0800024b   Thumb Code     0  libshutdown2.o(.ARM.Collect$$libshutdown$$00000003)
    __rt_lib_shutdown_fp_trap_1              0x0800024f   Thumb Code     0  libshutdown2.o(.ARM.Collect$$libshutdown$$00000007)
    __rt_lib_shutdown_heap_1                 0x0800024f   Thumb Code     0  libshutdown2.o(.ARM.Collect$$libshutdown$$0000000F)
    __rt_lib_shutdown_return                 0x0800024f   Thumb Code     0  libshutdown2.o(.ARM.Collect$$libshutdown$$00000010)
    __rt_lib_shutdown_signal_1               0x0800024f   Thumb Code     0  libshutdown2.o(.ARM.Collect$$libshutdown$$0000000A)
    __rt_lib_shutdown_stdio_1                0x0800024f   Thumb Code     0  libshutdown2.o(.ARM.Collect$$libshutdown$$00000004)
    __rt_lib_shutdown_user_alloc_1           0x0800024f   Thumb Code     0  libshutdown2.o(.ARM.Collect$$libshutdown$$0000000C)
    __rt_entry                               0x08000251   Thumb Code     0  __rtentry.o(.ARM.Collect$$rtentry$$00000000)
    __rt_entry_presh_1                       0x08000251   Thumb Code     0  __rtentry2.o(.ARM.Collect$$rtentry$$00000002)
    __rt_entry_sh                            0x08000251   Thumb Code     0  __rtentry4.o(.ARM.Collect$$rtentry$$00000004)
    __rt_entry_li                            0x08000257   Thumb Code     0  __rtentry2.o(.ARM.Collect$$rtentry$$0000000A)
    __rt_entry_postsh_1                      0x08000257   Thumb Code     0  __rtentry2.o(.ARM.Collect$$rtentry$$00000009)
    __rt_entry_main                          0x0800025b   Thumb Code     0  __rtentry2.o(.ARM.Collect$$rtentry$$0000000D)
    __rt_entry_postli_1                      0x0800025b   Thumb Code     0  __rtentry2.o(.ARM.Collect$$rtentry$$0000000C)
    __rt_exit                                0x08000263   Thumb Code     0  rtexit.o(.ARM.Collect$$rtexit$$00000000)
    __rt_exit_ls                             0x08000265   Thumb Code     0  rtexit2.o(.ARM.Collect$$rtexit$$00000003)
    __rt_exit_prels_1                        0x08000265   Thumb Code     0  rtexit2.o(.ARM.Collect$$rtexit$$00000002)
    __rt_exit_exit                           0x08000269   Thumb Code     0  rtexit2.o(.ARM.Collect$$rtexit$$00000004)
    Reset_Handler                            0x08000271   Thumb Code     8  startup_stm32f10x_md.o(.text)
    NMI_Handler                              0x08000279   Thumb Code     2  startup_stm32f10x_md.o(.text)
    HardFault_Handler                        0x0800027b   Thumb Code     2  startup_stm32f10x_md.o(.text)
    MemManage_Handler                        0x0800027d   Thumb Code     2  startup_stm32f10x_md.o(.text)
    BusFault_Handler                         0x0800027f   Thumb Code     2  startup_stm32f10x_md.o(.text)
    UsageFault_Handler                       0x08000281   Thumb Code     2  startup_stm32f10x_md.o(.text)
    SVC_Handler                              0x08000283   Thumb Code     2  startup_stm32f10x_md.o(.text)
    DebugMon_Handler                         0x08000285   Thumb Code     2  startup_stm32f10x_md.o(.text)
    PendSV_Handler                           0x08000287   Thumb Code     2  startup_stm32f10x_md.o(.text)
    SysTick_Handler                          0x08000289   Thumb Code     2  startup_stm32f10x_md.o(.text)
    ADC1_2_IRQHandler                        0x0800028b   Thumb Code     0  startup_stm32f10x_md.o(.text)
    CAN1_RX1_IRQHandler                      0x0800028b   Thumb Code     0  startup_stm32f10x_md.o(.text)
    CAN1_SCE_IRQHandler                      0x0800028b   Thumb Code     0  startup_stm32f10x_md.o(.text)
    DMA1_Channel1_IRQHandler                 0x0800028b   Thumb Code     0  startup_stm32f10x_md.o(.text)
    DMA1_Channel2_IRQHandler                 0x0800028b   Thumb Code     0  startup_stm32f10x_md.o(.text)
    DMA1_Channel3_IRQHandler                 0x0800028b   Thumb Code     0  startup_stm32f10x_md.o(.text)
    DMA1_Channel4_IRQHandler                 0x0800028b   Thumb Code     0  startup_stm32f10x_md.o(.text)
    DMA1_Channel5_IRQHandler                 0x0800028b   Thumb Code     0  startup_stm32f10x_md.o(.text)
    DMA1_Channel6_IRQHandler                 0x0800028b   Thumb Code     0  startup_stm32f10x_md.o(.text)
    DMA1_Channel7_IRQHandler                 0x0800028b   Thumb Code     0  startup_stm32f10x_md.o(.text)
    EXTI15_10_IRQHandler                     0x0800028b   Thumb Code     0  startup_stm32f10x_md.o(.text)
    EXTI1_IRQHandler                         0x0800028b   Thumb Code     0  startup_stm32f10x_md.o(.text)
    EXTI2_IRQHandler                         0x0800028b   Thumb Code     0  startup_stm32f10x_md.o(.text)
    EXTI3_IRQHandler                         0x0800028b   Thumb Code     0  startup_stm32f10x_md.o(.text)
    EXTI4_IRQHandler                         0x0800028b   Thumb Code     0  startup_stm32f10x_md.o(.text)
    EXTI9_5_IRQHandler                       0x0800028b   Thumb Code     0  startup_stm32f10x_md.o(.text)
    FLASH_IRQHandler                         0x0800028b   Thumb Code     0  startup_stm32f10x_md.o(.text)
    I2C1_ER_IRQHandler                       0x0800028b   Thumb Code     0  startup_stm32f10x_md.o(.text)
    I2C1_EV_IRQHandler                       0x0800028b   Thumb Code     0  startup_stm32f10x_md.o(.text)
    I2C2_ER_IRQHandler                       0x0800028b   Thumb Code     0  startup_stm32f10x_md.o(.text)
    I2C2_EV_IRQHandler                       0x0800028b   Thumb Code     0  startup_stm32f10x_md.o(.text)
    PVD_IRQHandler                           0x0800028b   Thumb Code     0  startup_stm32f10x_md.o(.text)
    RCC_IRQHandler                           0x0800028b   Thumb Code     0  startup_stm32f10x_md.o(.text)
    RTCAlarm_IRQHandler                      0x0800028b   Thumb Code     0  startup_stm32f10x_md.o(.text)
    RTC_IRQHandler                           0x0800028b   Thumb Code     0  startup_stm32f10x_md.o(.text)
    SPI1_IRQHandler                          0x0800028b   Thumb Code     0  startup_stm32f10x_md.o(.text)
    SPI2_IRQHandler                          0x0800028b   Thumb Code     0  startup_stm32f10x_md.o(.text)
    TAMPER_IRQHandler                        0x0800028b   Thumb Code     0  startup_stm32f10x_md.o(.text)
    TIM1_BRK_IRQHandler                      0x0800028b   Thumb Code     0  startup_stm32f10x_md.o(.text)
    TIM1_CC_IRQHandler                       0x0800028b   Thumb Code     0  startup_stm32f10x_md.o(.text)
    TIM1_TRG_COM_IRQHandler                  0x0800028b   Thumb Code     0  startup_stm32f10x_md.o(.text)
    USBWakeUp_IRQHandler                     0x0800028b   Thumb Code     0  startup_stm32f10x_md.o(.text)
    USB_HP_CAN1_TX_IRQHandler                0x0800028b   Thumb Code     0  startup_stm32f10x_md.o(.text)
    USB_LP_CAN1_RX0_IRQHandler               0x0800028b   Thumb Code     0  startup_stm32f10x_md.o(.text)
    WWDG_IRQHandler                          0x0800028b   Thumb Code     0  startup_stm32f10x_md.o(.text)
    __user_initial_stackheap                 0x0800028d   Thumb Code     0  startup_stm32f10x_md.o(.text)
    printf                                   0x080002b1   Thumb Code    20  printf.o(.text)
    __use_two_region_memory                  0x080002c9   Thumb Code     2  heapauxi.o(.text)
    __rt_heap_escrow                         0x080002cb   Thumb Code     2  heapauxi.o(.text)
    __rt_heap_expand                         0x080002cd   Thumb Code     2  heapauxi.o(.text)
    _printf_pre_padding                      0x080002cf   Thumb Code    44  _printf_pad.o(.text)
    _printf_post_padding                     0x080002fb   Thumb Code    34  _printf_pad.o(.text)
    _printf_truncate_signed                  0x0800031d   Thumb Code    18  _printf_truncate.o(.text)
    _printf_truncate_unsigned                0x0800032f   Thumb Code    18  _printf_truncate.o(.text)
    _printf_str                              0x08000341   Thumb Code    82  _printf_str.o(.text)
    _printf_int_dec                          0x08000395   Thumb Code   104  _printf_dec.o(.text)
    _printf_charcount                        0x0800040d   Thumb Code    40  _printf_charcount.o(.text)
    _printf_char_file                        0x08000435   Thumb Code    32  _printf_char_file.o(.text)
    _printf_wctomb                           0x08000459   Thumb Code   182  _printf_wctomb.o(.text)
    _printf_longlong_dec                     0x08000515   Thumb Code   108  _printf_longlong_dec.o(.text)
    _printf_longlong_oct                     0x08000591   Thumb Code    68  _printf_oct_int_ll.o(.text)
    _printf_int_oct                          0x080005d5   Thumb Code    24  _printf_oct_int_ll.o(.text)
    _printf_ll_oct                           0x080005ed   Thumb Code    12  _printf_oct_int_ll.o(.text)
    _printf_longlong_hex                     0x08000601   Thumb Code    86  _printf_hex_int_ll_ptr.o(.text)
    _printf_int_hex                          0x08000657   Thumb Code    28  _printf_hex_int_ll_ptr.o(.text)
    _printf_ll_hex                           0x08000673   Thumb Code    12  _printf_hex_int_ll_ptr.o(.text)
    _printf_hex_ptr                          0x0800067f   Thumb Code    18  _printf_hex_int_ll_ptr.o(.text)
    __printf                                 0x08000695   Thumb Code   388  __printf_flags_ss_wp.o(.text)
    _ll_udiv10                               0x0800081d   Thumb Code   138  lludiv10.o(.text)
    _printf_int_common                       0x080008a7   Thumb Code   178  _printf_intcommon.o(.text)
    _printf_fp_dec_real                      0x08000b09   Thumb Code   620  _printf_fp_dec.o(.text)
    _printf_fp_hex_real                      0x08000d75   Thumb Code   756  _printf_fp_hex.o(.text)
    _printf_char_common                      0x0800107b   Thumb Code    32  _printf_char_common.o(.text)
    _printf_cs_common                        0x080010a1   Thumb Code    20  _printf_char.o(.text)
    _printf_char                             0x080010b5   Thumb Code    16  _printf_char.o(.text)
    _printf_string                           0x080010c5   Thumb Code     8  _printf_char.o(.text)
    _printf_lcs_common                       0x080010cd   Thumb Code    20  _printf_wchar.o(.text)
    _printf_wchar                            0x080010e1   Thumb Code    16  _printf_wchar.o(.text)
    _printf_wstring                          0x080010f1   Thumb Code     8  _printf_wchar.o(.text)
    ferror                                   0x080010f9   Thumb Code     8  ferror.o(.text)
    _initio                                  0x08001101   Thumb Code   210  initio.o(.text)
    _terminateio                             0x080011d3   Thumb Code    56  initio.o(.text)
    _c16rtomb                                0x08001239   Thumb Code    72  _c16rtomb.o(.text)
    _wcrtomb                                 0x08001239   Thumb Code     0  _c16rtomb.o(.text)
    __user_setup_stackheap                   0x08001281   Thumb Code    74  sys_stackheap_outer.o(.text)
    __rt_ctype_table                         0x080012cd   Thumb Code    16  rt_ctype_table.o(.text)
    __rt_locale                              0x080012dd   Thumb Code     8  rt_locale_intlibspace.o(.text)
    free                                     0x080012e5   Thumb Code    78  h1_free.o(.text)
    _printf_fp_infnan                        0x08001335   Thumb Code   112  _printf_fp_infnan.o(.text)
    _btod_etento                             0x080013b5   Thumb Code   224  bigflt0.o(.text)
    __flsbuf                                 0x08001499   Thumb Code   482  flsbuf.o(.text)
    __flsbuf_byte                            0x08001499   Thumb Code     0  flsbuf.o(.text)
    __flsbuf_wide                            0x08001499   Thumb Code     0  flsbuf.o(.text)
    setvbuf                                  0x0800167b   Thumb Code    70  setvbuf.o(.text)
    freopen                                  0x080016c1   Thumb Code   160  fopen.o(.text)
    fopen                                    0x08001761   Thumb Code    74  fopen.o(.text)
    _fclose_internal                         0x080017b1   Thumb Code    76  fclose.o(.text)
    fclose                                   0x080017b1   Thumb Code     0  fclose.o(.text)
    exit                                     0x080017fd   Thumb Code    18  exit.o(.text)
    __rt_SIGRTRED                            0x0800180f   Thumb Code    14  defsig_rtred_outer.o(.text)
    __aeabi_memclr4                          0x0800181d   Thumb Code     0  rt_memclr_w.o(.text)
    __aeabi_memclr8                          0x0800181d   Thumb Code     0  rt_memclr_w.o(.text)
    __rt_memclr_w                            0x0800181d   Thumb Code     0  rt_memclr_w.o(.text)
    _memset_w                                0x08001821   Thumb Code    74  rt_memclr_w.o(.text)
    _sys_open                                0x0800186b   Thumb Code    20  sys_io.o(.text)
    _sys_close                               0x0800187f   Thumb Code    12  sys_io.o(.text)
    _sys_write                               0x0800188b   Thumb Code    16  sys_io.o(.text)
    _sys_read                                0x0800189b   Thumb Code    14  sys_io.o(.text)
    _sys_istty                               0x080018a9   Thumb Code    12  sys_io.o(.text)
    _sys_seek                                0x080018b5   Thumb Code    14  sys_io.o(.text)
    _sys_ensure                              0x080018c3   Thumb Code     2  sys_io.o(.text)
    _sys_flen                                0x080018c5   Thumb Code    12  sys_io.o(.text)
    __user_libspace                          0x080018d1   Thumb Code     8  libspace.o(.text)
    __user_perproc_libspace                  0x080018d1   Thumb Code     0  libspace.o(.text)
    __user_perthread_libspace                0x080018d1   Thumb Code     0  libspace.o(.text)
    __rt_heap_descriptor                     0x080018d9   Thumb Code     8  rt_heap_descriptor_intlibspace.o(.text)
    __use_no_heap                            0x080018e1   Thumb Code     2  hguard.o(.text)
    __heap$guard                             0x080018e3   Thumb Code     2  hguard.o(.text)
    _terminate_user_alloc                    0x080018e5   Thumb Code     2  init_alloc.o(.text)
    _init_user_alloc                         0x080018e7   Thumb Code     2  init_alloc.o(.text)
    __Heap_Full                              0x080018e9   Thumb Code    34  init_alloc.o(.text)
    __Heap_Broken                            0x0800190b   Thumb Code     6  init_alloc.o(.text)
    _init_alloc                              0x08001911   Thumb Code    94  init_alloc.o(.text)
    malloc                                   0x0800196f   Thumb Code    94  h1_alloc.o(.text)
    _fseek                                   0x080019cd   Thumb Code   242  fseek.o(.text)
    fseek                                    0x080019cd   Thumb Code     0  fseek.o(.text)
    _seterr                                  0x08001ac5   Thumb Code    20  stdio.o(.text)
    _writebuf                                0x08001ad9   Thumb Code   108  stdio.o(.text)
    _fflush                                  0x08001b45   Thumb Code    70  stdio.o(.text)
    _deferredlazyseek                        0x08001b8b   Thumb Code    60  stdio.o(.text)
    __sig_exit                               0x08001bcd   Thumb Code    10  defsig_exit.o(.text)
    __rt_SIGRTRED_inner                      0x08001bd9   Thumb Code    14  defsig_rtred_inner.o(.text)
    strcmp                                   0x08001c0d   Thumb Code   128  strcmpv7m.o(.text)
    _sys_exit                                0x08001c8d   Thumb Code     8  sys_exit.o(.text)
    __I$use$semihosting                      0x08001c99   Thumb Code     0  use_no_semi.o(.text)
    __use_no_semihosting_swi                 0x08001c99   Thumb Code     2  use_no_semi.o(.text)
    __Heap_Initialize                        0x08001c9b   Thumb Code     8  h1_init.o(.text)
    __semihosting_library_function           0x08001c9b   Thumb Code     0  indicate_semi.o(.text)
    _maybe_terminate_alloc                   0x08001c9b   Thumb Code     0  maybetermalloc1.o(.text)
    __Heap_DescSize                          0x08001ca3   Thumb Code     4  h1_init.o(.text)
    __Heap_ProvideMemory                     0x08001ca7   Thumb Code    52  h1_extend.o(.text)
    _ftell_internal                          0x08001cdb   Thumb Code    66  ftell.o(.text)
    ftell                                    0x08001cdb   Thumb Code     0  ftell.o(.text)
    __default_signal_display                 0x08001d1d   Thumb Code    50  defsig_general.o(.text)
    __rt_SIGRTMEM                            0x08001d4f   Thumb Code    14  defsig_rtmem_outer.o(.text)
    strlen                                   0x08001d5d   Thumb Code    62  strlen.o(.text)
    _ttywrch                                 0x08001d9b   Thumb Code    14  sys_wrch.o(.text)
    __aeabi_errno_addr                       0x08001da9   Thumb Code     8  rt_errno_addr_intlibspace.o(.text)
    __errno$intlibspace                      0x08001da9   Thumb Code     0  rt_errno_addr_intlibspace.o(.text)
    __rt_errno_addr$intlibspace              0x08001da9   Thumb Code     0  rt_errno_addr_intlibspace.o(.text)
    __rt_SIGRTMEM_inner                      0x08001db1   Thumb Code    22  defsig_rtmem_inner.o(.text)
    Communication_Config                     0x08001e01   Thumb Code    88  servicecommunication.o(.text.Communication_Config)
    EXTI0_IRQHandler                         0x08001e59   Thumb Code    48  codeur_inc.o(.text.EXTI0_IRQHandler)
    MyUART_EnableReceiveInterruption         0x08001e89   Thumb Code   134  uart.o(.text.MyUART_EnableReceiveInterruption)
    MyUART_Init                              0x08001f11   Thumb Code   204  uart.o(.text.MyUART_Init)
    MyUART_Read                              0x08001fdd   Thumb Code    14  uart.o(.text.MyUART_Read)
    SystemInit                               0x08002119   Thumb Code   102  system_stm32f10x.o(.text.SystemInit)
    TIM1_UP_IRQHandler                       0x08002181   Thumb Code    50  timer.o(.text.TIM1_UP_IRQHandler)
    TIM2_IRQHandler                          0x080021b5   Thumb Code    46  timer.o(.text.TIM2_IRQHandler)
    TIM3_IRQHandler                          0x080021e5   Thumb Code    50  timer.o(.text.TIM3_IRQHandler)
    TIM4_IRQHandler                          0x08002219   Thumb Code    50  timer.o(.text.TIM4_IRQHandler)
    USART1_IRQHandler                        0x0800224d   Thumb Code    52  uart.o(.text.USART1_IRQHandler)
    USART2_IRQHandler                        0x08002281   Thumb Code    52  uart.o(.text.USART2_IRQHandler)
    USART3_IRQHandler                        0x080022b5   Thumb Code    52  uart.o(.text.USART3_IRQHandler)
    getOrientationCap                        0x08002319   Thumb Code    28  servicecommunication.o(.text.getOrientationCap)
    main                                     0x08002335   Thumb Code    16  principal.o(.text.main)
    ourGPIO_Init                             0x08002345   Thumb Code   382  gpio.o(.text.ourGPIO_Init)
    ourGPIO_Toggle                           0x080024c5   Thumb Code    32  gpio.o(.text.ourGPIO_Toggle)
    process_data                             0x080024e5   Thumb Code    52  servicecommunication.o(.text.process_data)
    _btod_d2e                                0x08002519   Thumb Code    62  btod.o(CL$$btod_d2e)
    _d2e_denorm_low                          0x08002557   Thumb Code    70  btod.o(CL$$btod_d2e_denorm_low)
    _d2e_norm_op1                            0x0800259d   Thumb Code    96  btod.o(CL$$btod_d2e_norm_op1)
    __btod_div_common                        0x080025fd   Thumb Code   696  btod.o(CL$$btod_div_common)
    _e2e                                     0x08002935   Thumb Code   220  btod.o(CL$$btod_e2e)
    _btod_ediv                               0x08002a11   Thumb Code    42  btod.o(CL$$btod_ediv)
    _btod_emul                               0x08002a3b   Thumb Code    42  btod.o(CL$$btod_emul)
    __btod_mult_common                       0x08002a65   Thumb Code   580  btod.o(CL$$btod_mult_common)
    __ARM_fpclassify                         0x08002ca9   Thumb Code    40  fpclassify.o(i.__ARM_fpclassify)
    _is_digit                                0x08002cd1   Thumb Code    14  __printf_wp.o(i._is_digit)
    fputc                                    0x08002cdf   Thumb Code    28  fputc.o(i.fputc)
    _get_lc_numeric                          0x08002cfd   Thumb Code    44  lc_numeric_c.o(locale$$code)
    _get_lc_ctype                            0x08002d29   Thumb Code    44  lc_ctype_c.o(locale$$code)
    _printf_fp_dec                           0x08002d55   Thumb Code     4  printf1.o(x$fpl$printf1)
    _printf_fp_hex                           0x08002d59   Thumb Code     4  printf2.o(x$fpl$printf2)
    __I$use$fp                               0x08002d5c   Number         0  usenofp.o(x$fpl$usenofp)
    __stdin_name                             0x08002dc3   Data           4  sys_io_names.o(.constdata)
    __stdout_name                            0x08002dc7   Data           4  sys_io_names.o(.constdata)
    __stderr_name                            0x08002dcb   Data           4  sys_io_names.o(.constdata)
    Region$$Table$$Base                      0x08002e78   Number         0  anon$$obj.o(Region$$Table)
    Region$$Table$$Limit                     0x08002e98   Number         0  anon$$obj.o(Region$$Table)
    __ctype                                  0x08002ec1   Data           0  lc_ctype_c.o(locale$$data)
    __aeabi_stdin                            0x20000000   Data           4  stdio_streams.o(.data)
    __aeabi_stdout                           0x20000004   Data           4  stdio_streams.o(.data)
    __aeabi_stderr                           0x20000008   Data           4  stdio_streams.o(.data)
    __stdin                                  0x20000010   Data          84  stdio_streams.o(.bss)
    __stdout                                 0x20000064   Data          84  stdio_streams.o(.bss)
    __stderr                                 0x200000b8   Data          84  stdio_streams.o(.bss)
    __libspace_start                         0x2000010c   Data          96  libspace.o(.bss)
    PTF1                                     0x2000016c   Data           4  timer.o(.bss.PTF1)
    __temporary_stack_top$libspace           0x2000016c   Data           0  libspace.o(.bss)
    PTF2                                     0x20000170   Data           4  timer.o(.bss.PTF2)
    PTF3                                     0x20000174   Data           4  timer.o(.bss.PTF3)
    PTF4                                     0x20000178   Data           4  timer.o(.bss.PTF4)
    Uart_PTF1                                0x2000017c   Data           4  uart.o(.bss.Uart_PTF1)
    Uart_PTF2                                0x20000180   Data           4  uart.o(.bss.Uart_PTF2)
    Uart_PTF3                                0x20000184   Data           4  uart.o(.bss.Uart_PTF3)



==============================================================================

Memory Map of the image

  Image Entry point : 0x08000271

  Load Region LR_1 (Base: 0x08000000, Size: 0x00002fd0, Max: 0xffffffff, ABSOLUTE)

    Execution Region ER_RO (Exec base: 0x08000000, Load base: 0x08000000, Size: 0x00002fc4, Max: 0xffffffff, ABSOLUTE)

    Exec Addr    Load Addr    Size         Type   Attr      Idx    E Section Name        Object

    0x08000000   0x08000000   0x000000ec   Data   RO          119    RESET               startup_stm32f10x_md.o
    0x080000ec   0x080000ec   0x00000008   Code   RO          149  * !!!main             c_w.l(__main.o)
    0x080000f4   0x080000f4   0x0000005c   Code   RO          691    !!!scatter          c_w.l(__scatter.o)
    0x08000150   0x08000150   0x0000001a   Code   RO          695    !!handler_copy      c_w.l(__scatter_copy.o)
    0x0800016a   0x0800016a   0x00000002   PAD
    0x0800016c   0x0800016c   0x00000002   Code   RO          692    !!handler_null      c_w.l(__scatter.o)
    0x0800016e   0x0800016e   0x00000002   PAD
    0x08000170   0x08000170   0x0000001c   Code   RO          697    !!handler_zi        c_w.l(__scatter_zi.o)
    0x0800018c   0x0800018c   0x00000000   Code   RO          247    .ARM.Collect$$_printf_percent$$00000000  c_w.l(_printf_percent.o)
    0x0800018c   0x0800018c   0x00000006   Code   RO          236    .ARM.Collect$$_printf_percent$$00000001  c_w.l(_printf_n.o)
    0x08000192   0x08000192   0x00000006   Code   RO          238    .ARM.Collect$$_printf_percent$$00000002  c_w.l(_printf_p.o)
    0x08000198   0x08000198   0x00000006   Code   RO          243    .ARM.Collect$$_printf_percent$$00000003  c_w.l(_printf_f.o)
    0x0800019e   0x0800019e   0x00000006   Code   RO          244    .ARM.Collect$$_printf_percent$$00000004  c_w.l(_printf_e.o)
    0x080001a4   0x080001a4   0x00000006   Code   RO          245    .ARM.Collect$$_printf_percent$$00000005  c_w.l(_printf_g.o)
    0x080001aa   0x080001aa   0x00000006   Code   RO          246    .ARM.Collect$$_printf_percent$$00000006  c_w.l(_printf_a.o)
    0x080001b0   0x080001b0   0x0000000a   Code   RO          251    .ARM.Collect$$_printf_percent$$00000007  c_w.l(_printf_ll.o)
    0x080001ba   0x080001ba   0x00000006   Code   RO          240    .ARM.Collect$$_printf_percent$$00000008  c_w.l(_printf_i.o)
    0x080001c0   0x080001c0   0x00000006   Code   RO          241    .ARM.Collect$$_printf_percent$$00000009  c_w.l(_printf_d.o)
    0x080001c6   0x080001c6   0x00000006   Code   RO          242    .ARM.Collect$$_printf_percent$$0000000A  c_w.l(_printf_u.o)
    0x080001cc   0x080001cc   0x00000006   Code   RO          239    .ARM.Collect$$_printf_percent$$0000000B  c_w.l(_printf_o.o)
    0x080001d2   0x080001d2   0x00000006   Code   RO          237    .ARM.Collect$$_printf_percent$$0000000C  c_w.l(_printf_x.o)
    0x080001d8   0x080001d8   0x00000006   Code   RO          248    .ARM.Collect$$_printf_percent$$0000000D  c_w.l(_printf_lli.o)
    0x080001de   0x080001de   0x00000006   Code   RO          249    .ARM.Collect$$_printf_percent$$0000000E  c_w.l(_printf_lld.o)
    0x080001e4   0x080001e4   0x00000006   Code   RO          250    .ARM.Collect$$_printf_percent$$0000000F  c_w.l(_printf_llu.o)
    0x080001ea   0x080001ea   0x00000006   Code   RO          255    .ARM.Collect$$_printf_percent$$00000010  c_w.l(_printf_llo.o)
    0x080001f0   0x080001f0   0x00000006   Code   RO          256    .ARM.Collect$$_printf_percent$$00000011  c_w.l(_printf_llx.o)
    0x080001f6   0x080001f6   0x0000000a   Code   RO          252    .ARM.Collect$$_printf_percent$$00000012  c_w.l(_printf_l.o)
    0x08000200   0x08000200   0x00000006   Code   RO          234    .ARM.Collect$$_printf_percent$$00000013  c_w.l(_printf_c.o)
    0x08000206   0x08000206   0x00000006   Code   RO          235    .ARM.Collect$$_printf_percent$$00000014  c_w.l(_printf_s.o)
    0x0800020c   0x0800020c   0x00000006   Code   RO          253    .ARM.Collect$$_printf_percent$$00000015  c_w.l(_printf_lc.o)
    0x08000212   0x08000212   0x00000006   Code   RO          254    .ARM.Collect$$_printf_percent$$00000016  c_w.l(_printf_ls.o)
    0x08000218   0x08000218   0x00000004   Code   RO          308    .ARM.Collect$$_printf_percent$$00000017  c_w.l(_printf_percent_end.o)
    0x0800021c   0x0800021c   0x00000002   Code   RO          455    .ARM.Collect$$libinit$$00000000  c_w.l(libinit.o)
    0x0800021e   0x0800021e   0x00000000   Code   RO          457    .ARM.Collect$$libinit$$00000002  c_w.l(libinit2.o)
    0x0800021e   0x0800021e   0x00000000   Code   RO          459    .ARM.Collect$$libinit$$00000004  c_w.l(libinit2.o)
    0x0800021e   0x0800021e   0x00000000   Code   RO          461    .ARM.Collect$$libinit$$00000006  c_w.l(libinit2.o)
    0x0800021e   0x0800021e   0x00000008   Code   RO          462    .ARM.Collect$$libinit$$00000007  c_w.l(libinit2.o)
    0x08000226   0x08000226   0x00000000   Code   RO          464    .ARM.Collect$$libinit$$0000000C  c_w.l(libinit2.o)
    0x08000226   0x08000226   0x00000000   Code   RO          466    .ARM.Collect$$libinit$$0000000E  c_w.l(libinit2.o)
    0x08000226   0x08000226   0x00000000   Code   RO          468    .ARM.Collect$$libinit$$00000010  c_w.l(libinit2.o)
    0x08000226   0x08000226   0x00000006   Code   RO          469    .ARM.Collect$$libinit$$00000011  c_w.l(libinit2.o)
    0x0800022c   0x0800022c   0x00000000   Code   RO          471    .ARM.Collect$$libinit$$00000013  c_w.l(libinit2.o)
    0x0800022c   0x0800022c   0x0000000c   Code   RO          472    .ARM.Collect$$libinit$$00000014  c_w.l(libinit2.o)
    0x08000238   0x08000238   0x00000000   Code   RO          473    .ARM.Collect$$libinit$$00000015  c_w.l(libinit2.o)
    0x08000238   0x08000238   0x00000000   Code   RO          475    .ARM.Collect$$libinit$$00000017  c_w.l(libinit2.o)
    0x08000238   0x08000238   0x0000000a   Code   RO          476    .ARM.Collect$$libinit$$00000018  c_w.l(libinit2.o)
    0x08000242   0x08000242   0x00000000   Code   RO          477    .ARM.Collect$$libinit$$00000019  c_w.l(libinit2.o)
    0x08000242   0x08000242   0x00000000   Code   RO          479    .ARM.Collect$$libinit$$0000001B  c_w.l(libinit2.o)
    0x08000242   0x08000242   0x00000000   Code   RO          481    .ARM.Collect$$libinit$$0000001D  c_w.l(libinit2.o)
    0x08000242   0x08000242   0x00000000   Code   RO          483    .ARM.Collect$$libinit$$0000001F  c_w.l(libinit2.o)
    0x08000242   0x08000242   0x00000000   Code   RO          485    .ARM.Collect$$libinit$$00000021  c_w.l(libinit2.o)
    0x08000242   0x08000242   0x00000000   Code   RO          487    .ARM.Collect$$libinit$$00000023  c_w.l(libinit2.o)
    0x08000242   0x08000242   0x00000000   Code   RO          489    .ARM.Collect$$libinit$$00000025  c_w.l(libinit2.o)
    0x08000242   0x08000242   0x00000004   Code   RO          490    .ARM.Collect$$libinit$$00000026  c_w.l(libinit2.o)
    0x08000246   0x08000246   0x00000000   Code   RO          491    .ARM.Collect$$libinit$$00000027  c_w.l(libinit2.o)
    0x08000246   0x08000246   0x00000000   Code   RO          495    .ARM.Collect$$libinit$$0000002E  c_w.l(libinit2.o)
    0x08000246   0x08000246   0x00000000   Code   RO          497    .ARM.Collect$$libinit$$00000030  c_w.l(libinit2.o)
    0x08000246   0x08000246   0x00000000   Code   RO          499    .ARM.Collect$$libinit$$00000032  c_w.l(libinit2.o)
    0x08000246   0x08000246   0x00000000   Code   RO          501    .ARM.Collect$$libinit$$00000034  c_w.l(libinit2.o)
    0x08000246   0x08000246   0x00000002   Code   RO          502    .ARM.Collect$$libinit$$00000035  c_w.l(libinit2.o)
    0x08000248   0x08000248   0x00000002   Code   RO          670    .ARM.Collect$$libshutdown$$00000000  c_w.l(libshutdown.o)
    0x0800024a   0x0800024a   0x00000000   Code   RO          504    .ARM.Collect$$libshutdown$$00000002  c_w.l(libshutdown2.o)
    0x0800024a   0x0800024a   0x00000004   Code   RO          505    .ARM.Collect$$libshutdown$$00000003  c_w.l(libshutdown2.o)
    0x0800024e   0x0800024e   0x00000000   Code   RO          506    .ARM.Collect$$libshutdown$$00000004  c_w.l(libshutdown2.o)
    0x0800024e   0x0800024e   0x00000000   Code   RO          509    .ARM.Collect$$libshutdown$$00000007  c_w.l(libshutdown2.o)
    0x0800024e   0x0800024e   0x00000000   Code   RO          512    .ARM.Collect$$libshutdown$$0000000A  c_w.l(libshutdown2.o)
    0x0800024e   0x0800024e   0x00000000   Code   RO          514    .ARM.Collect$$libshutdown$$0000000C  c_w.l(libshutdown2.o)
    0x0800024e   0x0800024e   0x00000000   Code   RO          517    .ARM.Collect$$libshutdown$$0000000F  c_w.l(libshutdown2.o)
    0x0800024e   0x0800024e   0x00000002   Code   RO          518    .ARM.Collect$$libshutdown$$00000010  c_w.l(libshutdown2.o)
    0x08000250   0x08000250   0x00000000   Code   RO          167    .ARM.Collect$$rtentry$$00000000  c_w.l(__rtentry.o)
    0x08000250   0x08000250   0x00000000   Code   RO          277    .ARM.Collect$$rtentry$$00000002  c_w.l(__rtentry2.o)
    0x08000250   0x08000250   0x00000006   Code   RO          289    .ARM.Collect$$rtentry$$00000004  c_w.l(__rtentry4.o)
    0x08000256   0x08000256   0x00000000   Code   RO          279    .ARM.Collect$$rtentry$$00000009  c_w.l(__rtentry2.o)
    0x08000256   0x08000256   0x00000004   Code   RO          280    .ARM.Collect$$rtentry$$0000000A  c_w.l(__rtentry2.o)
    0x0800025a   0x0800025a   0x00000000   Code   RO          282    .ARM.Collect$$rtentry$$0000000C  c_w.l(__rtentry2.o)
    0x0800025a   0x0800025a   0x00000008   Code   RO          283    .ARM.Collect$$rtentry$$0000000D  c_w.l(__rtentry2.o)
    0x08000262   0x08000262   0x00000002   Code   RO          532    .ARM.Collect$$rtexit$$00000000  c_w.l(rtexit.o)
    0x08000264   0x08000264   0x00000000   Code   RO          598    .ARM.Collect$$rtexit$$00000002  c_w.l(rtexit2.o)
    0x08000264   0x08000264   0x00000004   Code   RO          599    .ARM.Collect$$rtexit$$00000003  c_w.l(rtexit2.o)
    0x08000268   0x08000268   0x00000006   Code   RO          600    .ARM.Collect$$rtexit$$00000004  c_w.l(rtexit2.o)
    0x0800026e   0x0800026e   0x00000002   PAD
    0x08000270   0x08000270   0x00000040   Code   RO          120  * .text               startup_stm32f10x_md.o
    0x080002b0   0x080002b0   0x00000018   Code   RO          145    .text               c_w.l(printf.o)
    0x080002c8   0x080002c8   0x00000006   Code   RO          147    .text               c_w.l(heapauxi.o)
    0x080002ce   0x080002ce   0x0000004e   Code   RO          170    .text               c_w.l(_printf_pad.o)
    0x0800031c   0x0800031c   0x00000024   Code   RO          172    .text               c_w.l(_printf_truncate.o)
    0x08000340   0x08000340   0x00000052   Code   RO          174    .text               c_w.l(_printf_str.o)
    0x08000392   0x08000392   0x00000002   PAD
    0x08000394   0x08000394   0x00000078   Code   RO          176    .text               c_w.l(_printf_dec.o)
    0x0800040c   0x0800040c   0x00000028   Code   RO          178    .text               c_w.l(_printf_charcount.o)
    0x08000434   0x08000434   0x00000024   Code   RO          180    .text               c_w.l(_printf_char_file.o)
    0x08000458   0x08000458   0x000000bc   Code   RO          182    .text               c_w.l(_printf_wctomb.o)
    0x08000514   0x08000514   0x0000007c   Code   RO          185    .text               c_w.l(_printf_longlong_dec.o)
    0x08000590   0x08000590   0x00000070   Code   RO          191    .text               c_w.l(_printf_oct_int_ll.o)
    0x08000600   0x08000600   0x00000094   Code   RO          211    .text               c_w.l(_printf_hex_int_ll_ptr.o)
    0x08000694   0x08000694   0x00000188   Code   RO          231    .text               c_w.l(__printf_flags_ss_wp.o)
    0x0800081c   0x0800081c   0x0000008a   Code   RO          291    .text               c_w.l(lludiv10.o)
    0x080008a6   0x080008a6   0x000000b2   Code   RO          293    .text               c_w.l(_printf_intcommon.o)
    0x08000958   0x08000958   0x0000041c   Code   RO          295    .text               c_w.l(_printf_fp_dec.o)
    0x08000d74   0x08000d74   0x000002fc   Code   RO          299    .text               c_w.l(_printf_fp_hex.o)
    0x08001070   0x08001070   0x00000030   Code   RO          302    .text               c_w.l(_printf_char_common.o)
    0x080010a0   0x080010a0   0x0000002c   Code   RO          304    .text               c_w.l(_printf_char.o)
    0x080010cc   0x080010cc   0x0000002c   Code   RO          306    .text               c_w.l(_printf_wchar.o)
    0x080010f8   0x080010f8   0x00000008   Code   RO          309    .text               c_w.l(ferror.o)
    0x08001100   0x08001100   0x00000138   Code   RO          315    .text               c_w.l(initio.o)
    0x08001238   0x08001238   0x00000048   Code   RO          323    .text               c_w.l(_c16rtomb.o)
    0x08001280   0x08001280   0x0000004a   Code   RO          330    .text               c_w.l(sys_stackheap_outer.o)
    0x080012ca   0x080012ca   0x00000002   PAD
    0x080012cc   0x080012cc   0x00000010   Code   RO          332    .text               c_w.l(rt_ctype_table.o)
    0x080012dc   0x080012dc   0x00000008   Code   RO          337    .text               c_w.l(rt_locale_intlibspace.o)
    0x080012e4   0x080012e4   0x0000004e   Code   RO          341    .text               c_w.l(h1_free.o)
    0x08001332   0x08001332   0x00000002   PAD
    0x08001334   0x08001334   0x00000080   Code   RO          395    .text               c_w.l(_printf_fp_infnan.o)
    0x080013b4   0x080013b4   0x000000e4   Code   RO          399    .text               c_w.l(bigflt0.o)
    0x08001498   0x08001498   0x000001e2   Code   RO          426    .text               c_w.l(flsbuf.o)
    0x0800167a   0x0800167a   0x00000046   Code   RO          428    .text               c_w.l(setvbuf.o)
    0x080016c0   0x080016c0   0x000000f0   Code   RO          431    .text               c_w.l(fopen.o)
    0x080017b0   0x080017b0   0x0000004c   Code   RO          433    .text               c_w.l(fclose.o)
    0x080017fc   0x080017fc   0x00000012   Code   RO          442    .text               c_w.l(exit.o)
    0x0800180e   0x0800180e   0x0000000e   Code   RO          444    .text               c_w.l(defsig_rtred_outer.o)
    0x0800181c   0x0800181c   0x0000004e   Code   RO          448    .text               c_w.l(rt_memclr_w.o)
    0x0800186a   0x0800186a   0x00000066   Code   RO          525    .text               c_w.l(sys_io.o)
    0x080018d0   0x080018d0   0x00000008   Code   RO          529    .text               c_w.l(libspace.o)
    0x080018d8   0x080018d8   0x00000008   Code   RO          539    .text               c_w.l(rt_heap_descriptor_intlibspace.o)
    0x080018e0   0x080018e0   0x00000004   Code   RO          541    .text               c_w.l(hguard.o)
    0x080018e4   0x080018e4   0x0000008a   Code   RO          543    .text               c_w.l(init_alloc.o)
    0x0800196e   0x0800196e   0x0000005e   Code   RO          549    .text               c_w.l(h1_alloc.o)
    0x080019cc   0x080019cc   0x000000f8   Code   RO          565    .text               c_w.l(fseek.o)
    0x08001ac4   0x08001ac4   0x00000108   Code   RO          567    .text               c_w.l(stdio.o)
    0x08001bcc   0x08001bcc   0x0000000a   Code   RO          576    .text               c_w.l(defsig_exit.o)
    0x08001bd6   0x08001bd6   0x00000002   PAD
    0x08001bd8   0x08001bd8   0x00000034   Code   RO          578    .text               c_w.l(defsig_rtred_inner.o)
    0x08001c0c   0x08001c0c   0x00000080   Code   RO          584    .text               c_w.l(strcmpv7m.o)
    0x08001c8c   0x08001c8c   0x0000000c   Code   RO          590    .text               c_w.l(sys_exit.o)
    0x08001c98   0x08001c98   0x00000002   Code   RO          594    .text               c_w.l(use_no_semi.o)
    0x08001c9a   0x08001c9a   0x00000000   Code   RO          596    .text               c_w.l(indicate_semi.o)
    0x08001c9a   0x08001c9a   0x00000000   Code   RO          604    .text               c_w.l(maybetermalloc1.o)
    0x08001c9a   0x08001c9a   0x0000000c   Code   RO          606    .text               c_w.l(h1_init.o)
    0x08001ca6   0x08001ca6   0x00000034   Code   RO          608    .text               c_w.l(h1_extend.o)
    0x08001cda   0x08001cda   0x00000042   Code   RO          620    .text               c_w.l(ftell.o)
    0x08001d1c   0x08001d1c   0x00000032   Code   RO          628    .text               c_w.l(defsig_general.o)
    0x08001d4e   0x08001d4e   0x0000000e   Code   RO          630    .text               c_w.l(defsig_rtmem_outer.o)
    0x08001d5c   0x08001d5c   0x0000003e   Code   RO          634    .text               c_w.l(strlen.o)
    0x08001d9a   0x08001d9a   0x0000000e   Code   RO          647    .text               c_w.l(sys_wrch.o)
    0x08001da8   0x08001da8   0x00000008   Code   RO          658    .text               c_w.l(rt_errno_addr_intlibspace.o)
    0x08001db0   0x08001db0   0x00000050   Code   RO          664    .text               c_w.l(defsig_rtmem_inner.o)
    0x08001e00   0x08001e00   0x00000058   Code   RO          106    .text.Communication_Config  servicecommunication.o
    0x08001e58   0x08001e58   0x00000030   Code   RO           91    .text.EXTI0_IRQHandler  codeur_inc.o
    0x08001e88   0x08001e88   0x00000086   Code   RO           65    .text.MyUART_EnableReceiveInterruption  uart.o
    0x08001f0e   0x08001f0e   0x00000002   PAD
    0x08001f10   0x08001f10   0x000000cc   Code   RO           59    .text.MyUART_Init   uart.o
    0x08001fdc   0x08001fdc   0x0000000e   Code   RO           63    .text.MyUART_Read   uart.o
    0x08001fea   0x08001fea   0x00000002   PAD
    0x08001fec   0x08001fec   0x00000008   Code   RO          129    .text.SetSysClock   system_stm32f10x.o
    0x08001ff4   0x08001ff4   0x00000122   Code   RO          133    .text.SetSysClockTo72  system_stm32f10x.o
    0x08002116   0x08002116   0x00000002   PAD
    0x08002118   0x08002118   0x00000066   Code   RO          127    .text.SystemInit    system_stm32f10x.o
    0x0800217e   0x0800217e   0x00000002   PAD
    0x08002180   0x08002180   0x00000032   Code   RO           36    .text.TIM1_UP_IRQHandler  timer.o
    0x080021b2   0x080021b2   0x00000002   PAD
    0x080021b4   0x080021b4   0x0000002e   Code   RO           38    .text.TIM2_IRQHandler  timer.o
    0x080021e2   0x080021e2   0x00000002   PAD
    0x080021e4   0x080021e4   0x00000032   Code   RO           40    .text.TIM3_IRQHandler  timer.o
    0x08002216   0x08002216   0x00000002   PAD
    0x08002218   0x08002218   0x00000032   Code   RO           42    .text.TIM4_IRQHandler  timer.o
    0x0800224a   0x0800224a   0x00000002   PAD
    0x0800224c   0x0800224c   0x00000034   Code   RO           69    .text.USART1_IRQHandler  uart.o
    0x08002280   0x08002280   0x00000034   Code   RO           71    .text.USART2_IRQHandler  uart.o
    0x080022b4   0x080022b4   0x00000034   Code   RO           73    .text.USART3_IRQHandler  uart.o
    0x080022e8   0x080022e8   0x00000030   Code   RO           67    .text.__NVIC_EnableIRQ  uart.o
    0x08002318   0x08002318   0x0000001c   Code   RO          108    .text.getOrientationCap  servicecommunication.o
    0x08002334   0x08002334   0x00000010   Code   RO            2    .text.main          principal.o
    0x08002344   0x08002344   0x0000017e   Code   RO           11    .text.ourGPIO_Init  gpio.o
    0x080024c2   0x080024c2   0x00000002   PAD
    0x080024c4   0x080024c4   0x00000020   Code   RO           19    .text.ourGPIO_Toggle  gpio.o
    0x080024e4   0x080024e4   0x00000034   Code   RO          104    .text.process_data  servicecommunication.o
    0x08002518   0x08002518   0x0000003e   Code   RO          402    CL$$btod_d2e        c_w.l(btod.o)
    0x08002556   0x08002556   0x00000046   Code   RO          404    CL$$btod_d2e_denorm_low  c_w.l(btod.o)
    0x0800259c   0x0800259c   0x00000060   Code   RO          403    CL$$btod_d2e_norm_op1  c_w.l(btod.o)
    0x080025fc   0x080025fc   0x00000338   Code   RO          412    CL$$btod_div_common  c_w.l(btod.o)
    0x08002934   0x08002934   0x000000dc   Code   RO          409    CL$$btod_e2e        c_w.l(btod.o)
    0x08002a10   0x08002a10   0x0000002a   Code   RO          406    CL$$btod_ediv       c_w.l(btod.o)
    0x08002a3a   0x08002a3a   0x0000002a   Code   RO          405    CL$$btod_emul       c_w.l(btod.o)
    0x08002a64   0x08002a64   0x00000244   Code   RO          411    CL$$btod_mult_common  c_w.l(btod.o)
    0x08002ca8   0x08002ca8   0x00000028   Code   RO          523    i.__ARM_fpclassify  m_ws.l(fpclassify.o)
    0x08002cd0   0x08002cd0   0x0000000e   Code   RO          224    i._is_digit         c_w.l(__printf_wp.o)
    0x08002cde   0x08002cde   0x0000001c   Code   RO          312    i.fputc             c_w.l(fputc.o)
    0x08002cfa   0x08002cfa   0x00000002   PAD
    0x08002cfc   0x08002cfc   0x0000002c   Code   RO          440    locale$$code        c_w.l(lc_numeric_c.o)
    0x08002d28   0x08002d28   0x0000002c   Code   RO          574    locale$$code        c_w.l(lc_ctype_c.o)
    0x08002d54   0x08002d54   0x00000004   Code   RO          267    x$fpl$printf1       fz_ws.l(printf1.o)
    0x08002d58   0x08002d58   0x00000004   Code   RO          269    x$fpl$printf2       fz_ws.l(printf2.o)
    0x08002d5c   0x08002d5c   0x00000000   Code   RO          275    x$fpl$usenofp       fz_ws.l(usenofp.o)
    0x08002d5c   0x08002d5c   0x00000008   Data   RO          183    .constdata          c_w.l(_printf_wctomb.o)
    0x08002d64   0x08002d64   0x00000028   Data   RO          212    .constdata          c_w.l(_printf_hex_int_ll_ptr.o)
    0x08002d8c   0x08002d8c   0x00000011   Data   RO          232    .constdata          c_w.l(__printf_flags_ss_wp.o)
    0x08002d9d   0x08002d9d   0x00000026   Data   RO          300    .constdata          c_w.l(_printf_fp_hex.o)
    0x08002dc3   0x08002dc3   0x00000004   Data   RO          325    .constdata          c_w.l(sys_io_names.o)
    0x08002dc7   0x08002dc7   0x00000004   Data   RO          326    .constdata          c_w.l(sys_io_names.o)
    0x08002dcb   0x08002dcb   0x00000004   Data   RO          327    .constdata          c_w.l(sys_io_names.o)
    0x08002dcf   0x08002dcf   0x00000001   PAD
    0x08002dd0   0x08002dd0   0x00000094   Data   RO          400    .constdata          c_w.l(bigflt0.o)
    0x08002e64   0x08002e64   0x00000013   Data   RO          110    .rodata.str1.1      servicecommunication.o
    0x08002e77   0x08002e77   0x00000001   PAD
    0x08002e78   0x08002e78   0x00000020   Data   RO          690    Region$$Table       anon$$obj.o
    0x08002e98   0x08002e98   0x0000001c   Data   RO          439    locale$$data        c_w.l(lc_numeric_c.o)
    0x08002eb4   0x08002eb4   0x00000110   Data   RO          573    locale$$data        c_w.l(lc_ctype_c.o)


    Execution Region ER_RW (Exec base: 0x20000000, Load base: 0x08002fc4, Size: 0x0000000c, Max: 0xffffffff, ABSOLUTE)

    Exec Addr    Load Addr    Size         Type   Attr      Idx    E Section Name        Object

    0x20000000   0x08002fc4   0x00000004   Data   RW          260    .data               c_w.l(stdio_streams.o)
    0x20000004   0x08002fc8   0x00000004   Data   RW          261    .data               c_w.l(stdio_streams.o)
    0x20000008   0x08002fcc   0x00000004   Data   RW          262    .data               c_w.l(stdio_streams.o)


    Execution Region ER_ZI (Exec base: 0x20000010, Load base: 0x08002fd0, Size: 0x00000778, Max: 0xffffffff, ABSOLUTE)

    Exec Addr    Load Addr    Size         Type   Attr      Idx    E Section Name        Object

    0x20000010        -       0x00000054   Zero   RW          257    .bss                c_w.l(stdio_streams.o)
    0x20000064        -       0x00000054   Zero   RW          258    .bss                c_w.l(stdio_streams.o)
    0x200000b8        -       0x00000054   Zero   RW          259    .bss                c_w.l(stdio_streams.o)
    0x2000010c        -       0x00000060   Zero   RW          530    .bss                c_w.l(libspace.o)
    0x2000016c        -       0x00000004   Zero   RW           48    .bss.PTF1           timer.o
    0x20000170        -       0x00000004   Zero   RW           49    .bss.PTF2           timer.o
    0x20000174        -       0x00000004   Zero   RW           50    .bss.PTF3           timer.o
    0x20000178        -       0x00000004   Zero   RW           51    .bss.PTF4           timer.o
    0x2000017c        -       0x00000004   Zero   RW           75    .bss.Uart_PTF1      uart.o
    0x20000180        -       0x00000004   Zero   RW           76    .bss.Uart_PTF2      uart.o
    0x20000184        -       0x00000004   Zero   RW           77    .bss.Uart_PTF3      uart.o
    0x20000188        -       0x00000200   Zero   RW          118    HEAP                startup_stm32f10x_md.o
    0x20000388        -       0x00000400   Zero   RW          117    STACK               startup_stm32f10x_md.o


==============================================================================

Image component sizes


      Code (inc. data)   RO Data    RW Data    ZI Data      Debug   Object Name

        48          0          0          0          0       4829   codeur_inc.o
       414          0          0          0          0       2120   gpio.o
        16          0          0          0          0        395   principal.o
       168          0         19          0          0       1863   servicecommunication.o
        64         26        236          0       1536        844   startup_stm32f10x_md.o
       400          0          0          0          0       2965   system_stm32f10x.o
       196          0          0          0         16       6029   timer.o
       556          0          0          0         12       4238   uart.o

    ----------------------------------------------------------------------
      1880         26        288          0       1564      23283   Object Totals
         0          0         32          0          0          0   (incl. Generated)
        18          0          1          0          0          0   (incl. Padding)

    ----------------------------------------------------------------------

      Code (inc. data)   RO Data    RW Data    ZI Data      Debug   Library Member Name

         8          0          0          0          0         68   __main.o
       392          4         17          0          0         92   __printf_flags_ss_wp.o
        14          0          0          0          0         68   __printf_wp.o
         0          0          0          0          0          0   __rtentry.o
        12          0          0          0          0          0   __rtentry2.o
         6          0          0          0          0          0   __rtentry4.o
        94          8          0          0          0          0   __scatter.o
        26          0          0          0          0          0   __scatter_copy.o
        28          0          0          0          0          0   __scatter_zi.o
        72          0          0          0          0         96   _c16rtomb.o
         6          0          0          0          0          0   _printf_a.o
         6          0          0          0          0          0   _printf_c.o
        44          0          0          0          0        108   _printf_char.o
        48          6          0          0          0         96   _printf_char_common.o
        36          4          0          0          0         80   _printf_char_file.o
        40          0          0          0          0         68   _printf_charcount.o
         6          0          0          0          0          0   _printf_d.o
       120         16          0          0          0         92   _printf_dec.o
         6          0          0          0          0          0   _printf_e.o
         6          0          0          0          0          0   _printf_f.o
      1052          0          0          0          0        148   _printf_fp_dec.o
       764          8         38          0          0        100   _printf_fp_hex.o
       128         16          0          0          0         84   _printf_fp_infnan.o
         6          0          0          0          0          0   _printf_g.o
       148          4         40          0          0        160   _printf_hex_int_ll_ptr.o
         6          0          0          0          0          0   _printf_i.o
       178          0          0          0          0         88   _printf_intcommon.o
        10          0          0          0          0          0   _printf_l.o
         6          0          0          0          0          0   _printf_lc.o
        10          0          0          0          0          0   _printf_ll.o
         6          0          0          0          0          0   _printf_lld.o
         6          0          0          0          0          0   _printf_lli.o
         6          0          0          0          0          0   _printf_llo.o
         6          0          0          0          0          0   _printf_llu.o
         6          0          0          0          0          0   _printf_llx.o
       124         16          0          0          0         92   _printf_longlong_dec.o
         6          0          0          0          0          0   _printf_ls.o
         6          0          0          0          0          0   _printf_n.o
         6          0          0          0          0          0   _printf_o.o
       112          8          0          0          0        124   _printf_oct_int_ll.o
         6          0          0          0          0          0   _printf_p.o
        78          0          0          0          0        108   _printf_pad.o
         0          0          0          0          0          0   _printf_percent.o
         4          0          0          0          0          0   _printf_percent_end.o
         6          0          0          0          0          0   _printf_s.o
        82          0          0          0          0         80   _printf_str.o
        36          0          0          0          0         84   _printf_truncate.o
         6          0          0          0          0          0   _printf_u.o
        44          0          0          0          0        108   _printf_wchar.o
       188          6          8          0          0         92   _printf_wctomb.o
         6          0          0          0          0          0   _printf_x.o
       228          4        148          0          0         96   bigflt0.o
      1936        128          0          0          0        668   btod.o
        10          0          0          0          0         68   defsig_exit.o
        50          0          0          0          0         88   defsig_general.o
        80         58          0          0          0         76   defsig_rtmem_inner.o
        14          0          0          0          0         80   defsig_rtmem_outer.o
        52         38          0          0          0         76   defsig_rtred_inner.o
        14          0          0          0          0         80   defsig_rtred_outer.o
        18          0          0          0          0         80   exit.o
        76          0          0          0          0         88   fclose.o
         8          0          0          0          0         68   ferror.o
       482          0          0          0          0         92   flsbuf.o
       240          6          0          0          0        128   fopen.o
        28          0          0          0          0         68   fputc.o
       248          6          0          0          0         84   fseek.o
        66          0          0          0          0         76   ftell.o
        94          0          0          0          0         80   h1_alloc.o
        52          0          0          0          0         68   h1_extend.o
        78          0          0          0          0         80   h1_free.o
        12          0          0          0          0         84   h1_init.o
         6          0          0          0          0        152   heapauxi.o
         4          0          0          0          0        136   hguard.o
         0          0          0          0          0          0   indicate_semi.o
       138          0          0          0          0        168   init_alloc.o
       312         46          0          0          0        112   initio.o
        44         10        272          0          0         76   lc_ctype_c.o
        44         10         28          0          0         76   lc_numeric_c.o
         2          0          0          0          0          0   libinit.o
        42          0          0          0          0          0   libinit2.o
         2          0          0          0          0          0   libshutdown.o
         6          0          0          0          0          0   libshutdown2.o
         8          4          0          0         96         68   libspace.o
       138          0          0          0          0         80   lludiv10.o
         0          0          0          0          0          0   maybetermalloc1.o
        24          4          0          0          0         84   printf.o
        16          4          0          0          0         76   rt_ctype_table.o
         8          4          0          0          0         68   rt_errno_addr_intlibspace.o
         8          4          0          0          0         68   rt_heap_descriptor_intlibspace.o
         8          4          0          0          0         68   rt_locale_intlibspace.o
        78          0          0          0          0         80   rt_memclr_w.o
         2          0          0          0          0          0   rtexit.o
        10          0          0          0          0          0   rtexit2.o
        70          0          0          0          0         80   setvbuf.o
       264          6          0          0          0        160   stdio.o
         0          0          0         12        252          0   stdio_streams.o
       128          0          0          0          0         68   strcmpv7m.o
        62          0          0          0          0         76   strlen.o
        12          4          0          0          0         68   sys_exit.o
       102          0          0          0          0        240   sys_io.o
         0          0         12          0          0          0   sys_io_names.o
        74          0          0          0          0         80   sys_stackheap_outer.o
        14          0          0          0          0         76   sys_wrch.o
         2          0          0          0          0         68   use_no_semi.o
         4          0          0          0          0         68   printf1.o
         4          0          0          0          0         68   printf2.o
         0          0          0          0          0          0   usenofp.o
        40          0          0          0          0         68   fpclassify.o

    ----------------------------------------------------------------------
      9496        436        564         12        348       6696   Library Totals
        16          0          1          0          0          0   (incl. Padding)

    ----------------------------------------------------------------------

      Code (inc. data)   RO Data    RW Data    ZI Data      Debug   Library Name

      9432        436        563         12        348       6492   c_w.l
         8          0          0          0          0        136   fz_ws.l
        40          0          0          0          0         68   m_ws.l

    ----------------------------------------------------------------------
      9496        436        564         12        348       6696   Library Totals

    ----------------------------------------------------------------------

==============================================================================


      Code (inc. data)   RO Data    RW Data    ZI Data      Debug   

     11376        462        852         12       1912      26283   Grand Totals
     11376        462        852         12       1912      26283   ELF Image Totals
     11376        462        852         12          0          0   ROM Totals

==============================================================================

    Total RO  Size (Code + RO Data)                12228 (  11.94kB)
    Total RW  Size (RW Data + ZI Data)              1924 (   1.88kB)
    Total ROM Size (Code + RO Data + RW Data)      12240 (  11.95kB)

==============================================================================

