Component: Arm Compiler for Embedded 6.22 Tool: armlink [5ee90200]

==============================================================================

Section Cross References

    principal.o(.text.main) refers to plateauservice.o(.text.initPlateau) for initPlateau
    principal.o(.text.main) refers to communication.o(.text.Communication_Conf) for Communication_Conf
    principal.o(.text.main) refers to voileservice.o(.text.initServoMoteur) for initServoMoteur
    principal.o(.text.main) refers to principal.o(.bss.pos) for pos
    principal.o(.text.main) refers to communication.o(.text.read_vitesse) for read_vitesse
    principal.o(.text.main) refers to principal.o(.bss.received_vitesse) for received_vitesse
    principal.o(.text.main) refers to communication.o(.text.read_sens) for read_sens
    principal.o(.text.main) refers to principal.o(.bss.received_sens) for received_sens
    principal.o(.text.main) refers to plateauservice.o(.text.controlVitesse) for controlVitesse
    principal.o(.text.main) refers to plateauservice.o(.text.controlSens) for controlSens
    principal.o(.text.main) refers to voileservice.o(.text.setPosServoMoteur) for setPosServoMoteur
    principal.o(.ARM.exidx.text.main) refers to principal.o(.text.main) for [Anonymous Symbol]
    gpio.o(.ARM.exidx.text.MyGPIO_Init) refers to gpio.o(.text.MyGPIO_Init) for [Anonymous Symbol]
    gpio.o(.ARM.exidx.text.MyGPIO_Read) refers to gpio.o(.text.MyGPIO_Read) for [Anonymous Symbol]
    gpio.o(.ARM.exidx.text.MyGPIO_Set) refers to gpio.o(.text.MyGPIO_Set) for [Anonymous Symbol]
    gpio.o(.ARM.exidx.text.MyGPIO_Reset) refers to gpio.o(.text.MyGPIO_Reset) for [Anonymous Symbol]
    gpio.o(.text.MyGPIO_Toggle) refers to gpio.o(.text.MyGPIO_Read) for MyGPIO_Read
    gpio.o(.text.MyGPIO_Toggle) refers to gpio.o(.text.MyGPIO_Reset) for MyGPIO_Reset
    gpio.o(.text.MyGPIO_Toggle) refers to gpio.o(.text.MyGPIO_Set) for MyGPIO_Set
    gpio.o(.ARM.exidx.text.MyGPIO_Toggle) refers to gpio.o(.text.MyGPIO_Toggle) for [Anonymous Symbol]
    timer.o(.ARM.exidx.text.MyTimer_Base_Init) refers to timer.o(.text.MyTimer_Base_Init) for [Anonymous Symbol]
    timer.o(.text.MyTimer_ActiveIT) refers to timer.o(.text.__NVIC_EnableIRQ) for __NVIC_EnableIRQ
    timer.o(.text.MyTimer_ActiveIT) refers to timer.o(.text.__NVIC_SetPriority) for __NVIC_SetPriority
    timer.o(.text.MyTimer_ActiveIT) refers to timer.o(.bss.ptrFonct) for ptrFonct
    timer.o(.ARM.exidx.text.MyTimer_ActiveIT) refers to timer.o(.text.MyTimer_ActiveIT) for [Anonymous Symbol]
    timer.o(.ARM.exidx.text.__NVIC_EnableIRQ) refers to timer.o(.text.__NVIC_EnableIRQ) for [Anonymous Symbol]
    timer.o(.ARM.exidx.text.__NVIC_SetPriority) refers to timer.o(.text.__NVIC_SetPriority) for [Anonymous Symbol]
    timer.o(.text.TIM1_UP_IRQHandler) refers to timer.o(.bss.ptrFonct) for ptrFonct
    timer.o(.ARM.exidx.text.TIM1_UP_IRQHandler) refers to timer.o(.text.TIM1_UP_IRQHandler) for [Anonymous Symbol]
    timer.o(.text.TIM2_IRQHandler) refers to timer.o(.bss.ptrFonct) for ptrFonct
    timer.o(.ARM.exidx.text.TIM2_IRQHandler) refers to timer.o(.text.TIM2_IRQHandler) for [Anonymous Symbol]
    timer.o(.text.TIM3_IRQHandler) refers to timer.o(.bss.ptrFonct) for ptrFonct
    timer.o(.ARM.exidx.text.TIM3_IRQHandler) refers to timer.o(.text.TIM3_IRQHandler) for [Anonymous Symbol]
    timer.o(.text.TIM4_IRQHandler) refers to timer.o(.bss.ptrFonct) for ptrFonct
    timer.o(.ARM.exidx.text.TIM4_IRQHandler) refers to timer.o(.text.TIM4_IRQHandler) for [Anonymous Symbol]
    timer.o(.ARM.exidx.text.MyTimer_PWM) refers to timer.o(.text.MyTimer_PWM) for [Anonymous Symbol]
    timer.o(.text.MyTimer_SetDutyCycle) refers to dflt_clz.o(x$fpl$dflt) for __aeabi_i2d
    timer.o(.text.MyTimer_SetDutyCycle) refers to dfix.o(x$fpl$dfix) for __aeabi_d2iz
    timer.o(.ARM.exidx.text.MyTimer_SetDutyCycle) refers to timer.o(.text.MyTimer_SetDutyCycle) for [Anonymous Symbol]
    usart.o(.text.USART_Init) refers to system_stm32f10x.o(.data.SystemCoreClock) for SystemCoreClock
    usart.o(.ARM.exidx.text.USART_Init) refers to usart.o(.text.USART_Init) for [Anonymous Symbol]
    usart.o(.ARM.exidx.text.USART_SendChar) refers to usart.o(.text.USART_SendChar) for [Anonymous Symbol]
    usart.o(.ARM.exidx.text.USART_ReceiveChar) refers to usart.o(.text.USART_ReceiveChar) for [Anonymous Symbol]
    usart.o(.text.USART_EnableInterrupt) refers to usart.o(.text.__NVIC_EnableIRQ) for __NVIC_EnableIRQ
    usart.o(.text.USART_EnableInterrupt) refers to usart.o(.bss.PtrFonct) for PtrFonct
    usart.o(.ARM.exidx.text.USART_EnableInterrupt) refers to usart.o(.text.USART_EnableInterrupt) for [Anonymous Symbol]
    usart.o(.ARM.exidx.text.__NVIC_EnableIRQ) refers to usart.o(.text.__NVIC_EnableIRQ) for [Anonymous Symbol]
    usart.o(.text.USART1_IRQHandler) refers to usart.o(.bss.PtrFonct) for PtrFonct
    usart.o(.ARM.exidx.text.USART1_IRQHandler) refers to usart.o(.text.USART1_IRQHandler) for [Anonymous Symbol]
    usart.o(.text.USART2_IRQHandler) refers to usart.o(.bss.PtrFonct) for PtrFonct
    usart.o(.ARM.exidx.text.USART2_IRQHandler) refers to usart.o(.text.USART2_IRQHandler) for [Anonymous Symbol]
    usart.o(.text.USART3_IRQHandler) refers to usart.o(.bss.PtrFonct) for PtrFonct
    usart.o(.ARM.exidx.text.USART3_IRQHandler) refers to usart.o(.text.USART3_IRQHandler) for [Anonymous Symbol]
    adc.o(.ARM.exidx.text.MyADC_Init) refers to adc.o(.text.MyADC_Init) for [Anonymous Symbol]
    adc.o(.ARM.exidx.text.MyGPIO_Start) refers to adc.o(.text.MyGPIO_Start) for [Anonymous Symbol]
    codeur_inc.o(.text.Encoder_Init) refers to timer.o(.text.MyTimer_Base_Init) for MyTimer_Base_Init
    codeur_inc.o(.text.Encoder_Init) refers to gpio.o(.text.MyGPIO_Init) for MyGPIO_Init
    codeur_inc.o(.ARM.exidx.text.Encoder_Init) refers to codeur_inc.o(.text.Encoder_Init) for [Anonymous Symbol]
    codeur_inc.o(.text.Z_Pin_Interrupt_Init) refers to gpio.o(.text.MyGPIO_Init) for MyGPIO_Init
    codeur_inc.o(.text.Z_Pin_Interrupt_Init) refers to codeur_inc.o(.text.__NVIC_EnableIRQ) for __NVIC_EnableIRQ
    codeur_inc.o(.ARM.exidx.text.Z_Pin_Interrupt_Init) refers to codeur_inc.o(.text.Z_Pin_Interrupt_Init) for [Anonymous Symbol]
    codeur_inc.o(.ARM.exidx.text.__NVIC_EnableIRQ) refers to codeur_inc.o(.text.__NVIC_EnableIRQ) for [Anonymous Symbol]
    codeur_inc.o(.ARM.exidx.text.EXTI0_IRQHandler) refers to codeur_inc.o(.text.EXTI0_IRQHandler) for [Anonymous Symbol]
    codeur_inc.o(.ARM.exidx.text.read_encoder_value) refers to codeur_inc.o(.text.read_encoder_value) for [Anonymous Symbol]
    communication.o(.text.recevoir_info_plateau) refers to usart.o(.text.USART_ReceiveChar) for USART_ReceiveChar
    communication.o(.text.recevoir_info_plateau) refers to communication.o(.bss.data) for data
    communication.o(.text.recevoir_info_plateau) refers to communication.o(.bss.vitesse) for vitesse
    communication.o(.text.recevoir_info_plateau) refers to communication.o(.bss.sens) for sens
    communication.o(.ARM.exidx.text.recevoir_info_plateau) refers to communication.o(.text.recevoir_info_plateau) for [Anonymous Symbol]
    communication.o(.text.read_vitesse) refers to communication.o(.bss.vitesse) for vitesse
    communication.o(.ARM.exidx.text.read_vitesse) refers to communication.o(.text.read_vitesse) for [Anonymous Symbol]
    communication.o(.text.read_sens) refers to communication.o(.bss.sens) for sens
    communication.o(.ARM.exidx.text.read_sens) refers to communication.o(.text.read_sens) for [Anonymous Symbol]
    communication.o(.text.Communication_Conf) refers to gpio.o(.text.MyGPIO_Init) for MyGPIO_Init
    communication.o(.text.Communication_Conf) refers to usart.o(.text.USART_Init) for USART_Init
    communication.o(.text.Communication_Conf) refers to communication.o(.text.recevoir_info_plateau) for recevoir_info_plateau
    communication.o(.text.Communication_Conf) refers to usart.o(.text.USART_EnableInterrupt) for USART_EnableInterrupt
    communication.o(.ARM.exidx.text.Communication_Conf) refers to communication.o(.text.Communication_Conf) for [Anonymous Symbol]
    plateauservice.o(.text.initPlateau) refers to timer.o(.text.MyTimer_Base_Init) for MyTimer_Base_Init
    plateauservice.o(.text.initPlateau) refers to timer.o(.text.MyTimer_PWM) for MyTimer_PWM
    plateauservice.o(.text.initPlateau) refers to timer.o(.text.MyTimer_SetDutyCycle) for MyTimer_SetDutyCycle
    plateauservice.o(.text.initPlateau) refers to gpio.o(.text.MyGPIO_Init) for MyGPIO_Init
    plateauservice.o(.ARM.exidx.text.initPlateau) refers to plateauservice.o(.text.initPlateau) for [Anonymous Symbol]
    plateauservice.o(.text.controlVitesse) refers to timer.o(.text.MyTimer_SetDutyCycle) for MyTimer_SetDutyCycle
    plateauservice.o(.ARM.exidx.text.controlVitesse) refers to plateauservice.o(.text.controlVitesse) for [Anonymous Symbol]
    plateauservice.o(.text.controlSens) refers to gpio.o(.text.MyGPIO_Set) for MyGPIO_Set
    plateauservice.o(.text.controlSens) refers to gpio.o(.text.MyGPIO_Reset) for MyGPIO_Reset
    plateauservice.o(.ARM.exidx.text.controlSens) refers to plateauservice.o(.text.controlSens) for [Anonymous Symbol]
    voileservice.o(.text.initServoMoteur) refers to gpio.o(.text.MyGPIO_Init) for MyGPIO_Init
    voileservice.o(.text.initServoMoteur) refers to timer.o(.text.MyTimer_Base_Init) for MyTimer_Base_Init
    voileservice.o(.text.initServoMoteur) refers to timer.o(.text.MyTimer_PWM) for MyTimer_PWM
    voileservice.o(.text.initServoMoteur) refers to timer.o(.text.MyTimer_SetDutyCycle) for MyTimer_SetDutyCycle
    voileservice.o(.ARM.exidx.text.initServoMoteur) refers to voileservice.o(.text.initServoMoteur) for [Anonymous Symbol]
    voileservice.o(.text.setPosServoMoteur) refers to dflt_clz.o(x$fpl$dflt) for __aeabi_i2d
    voileservice.o(.text.setPosServoMoteur) refers to dmul.o(x$fpl$dmul) for __aeabi_dmul
    voileservice.o(.text.setPosServoMoteur) refers to daddsub_clz.o(x$fpl$dadd) for __aeabi_dadd
    voileservice.o(.text.setPosServoMoteur) refers to dfix.o(x$fpl$dfix) for __aeabi_d2iz
    voileservice.o(.text.setPosServoMoteur) refers to timer.o(.text.MyTimer_SetDutyCycle) for MyTimer_SetDutyCycle
    voileservice.o(.ARM.exidx.text.setPosServoMoteur) refers to voileservice.o(.text.setPosServoMoteur) for [Anonymous Symbol]
    servicegirouette.o(.text.getAngleGirouette) refers to codeur_inc.o(.text.Encoder_Init) for Encoder_Init
    servicegirouette.o(.text.getAngleGirouette) refers to codeur_inc.o(.text.Z_Pin_Interrupt_Init) for Z_Pin_Interrupt_Init
    servicegirouette.o(.text.getAngleGirouette) refers to codeur_inc.o(.text.read_encoder_value) for read_encoder_value
    servicegirouette.o(.ARM.exidx.text.getAngleGirouette) refers to servicegirouette.o(.text.getAngleGirouette) for [Anonymous Symbol]
    startup_stm32f10x_md.o(STACK) refers (Special) to heapauxi.o(.text) for __use_two_region_memory
    startup_stm32f10x_md.o(HEAP) refers (Special) to heapauxi.o(.text) for __use_two_region_memory
    startup_stm32f10x_md.o(RESET) refers (Special) to heapauxi.o(.text) for __use_two_region_memory
    startup_stm32f10x_md.o(RESET) refers to startup_stm32f10x_md.o(STACK) for __initial_sp
    startup_stm32f10x_md.o(RESET) refers to startup_stm32f10x_md.o(.text) for Reset_Handler
    startup_stm32f10x_md.o(RESET) refers to codeur_inc.o(.text.EXTI0_IRQHandler) for EXTI0_IRQHandler
    startup_stm32f10x_md.o(RESET) refers to timer.o(.text.TIM1_UP_IRQHandler) for TIM1_UP_IRQHandler
    startup_stm32f10x_md.o(RESET) refers to timer.o(.text.TIM2_IRQHandler) for TIM2_IRQHandler
    startup_stm32f10x_md.o(RESET) refers to timer.o(.text.TIM3_IRQHandler) for TIM3_IRQHandler
    startup_stm32f10x_md.o(RESET) refers to timer.o(.text.TIM4_IRQHandler) for TIM4_IRQHandler
    startup_stm32f10x_md.o(RESET) refers to usart.o(.text.USART1_IRQHandler) for USART1_IRQHandler
    startup_stm32f10x_md.o(RESET) refers to usart.o(.text.USART2_IRQHandler) for USART2_IRQHandler
    startup_stm32f10x_md.o(RESET) refers to usart.o(.text.USART3_IRQHandler) for USART3_IRQHandler
    startup_stm32f10x_md.o(.text) refers (Special) to heapauxi.o(.text) for __use_two_region_memory
    startup_stm32f10x_md.o(.text) refers to system_stm32f10x.o(.text.SystemInit) for SystemInit
    startup_stm32f10x_md.o(.text) refers to __main.o(!!!main) for __main
    startup_stm32f10x_md.o(.text) refers to startup_stm32f10x_md.o(HEAP) for Heap_Mem
    startup_stm32f10x_md.o(.text) refers to startup_stm32f10x_md.o(STACK) for Stack_Mem
    system_stm32f10x.o(.text.SystemInit) refers to system_stm32f10x.o(.text.SetSysClock) for SetSysClock
    system_stm32f10x.o(.ARM.exidx.text.SystemInit) refers to system_stm32f10x.o(.text.SystemInit) for [Anonymous Symbol]
    system_stm32f10x.o(.text.SetSysClock) refers to system_stm32f10x.o(.text.SetSysClockTo72) for SetSysClockTo72
    system_stm32f10x.o(.ARM.exidx.text.SetSysClock) refers to system_stm32f10x.o(.text.SetSysClock) for [Anonymous Symbol]
    system_stm32f10x.o(.text.SystemCoreClockUpdate) refers to system_stm32f10x.o(.data.SystemCoreClock) for SystemCoreClock
    system_stm32f10x.o(.text.SystemCoreClockUpdate) refers to system_stm32f10x.o(.rodata.AHBPrescTable) for AHBPrescTable
    system_stm32f10x.o(.ARM.exidx.text.SystemCoreClockUpdate) refers to system_stm32f10x.o(.text.SystemCoreClockUpdate) for [Anonymous Symbol]
    system_stm32f10x.o(.ARM.exidx.text.SetSysClockTo72) refers to system_stm32f10x.o(.text.SetSysClockTo72) for [Anonymous Symbol]
    __main.o(!!!main) refers to __rtentry.o(.ARM.Collect$$rtentry$$00000000) for __rt_entry
    daddsub_clz.o(x$fpl$dadd) refers (Special) to usenofp.o(x$fpl$usenofp) for __I$use$fp
    daddsub_clz.o(x$fpl$dadd) refers to daddsub_clz.o(x$fpl$dsub) for _dsub1
    daddsub_clz.o(x$fpl$dadd) refers to dretinf.o(x$fpl$dretinf) for __fpl_dretinf
    daddsub_clz.o(x$fpl$dadd) refers to dnaninf.o(x$fpl$dnaninf) for __fpl_dnaninf
    daddsub_clz.o(x$fpl$drsb) refers (Special) to usenofp.o(x$fpl$usenofp) for __I$use$fp
    daddsub_clz.o(x$fpl$drsb) refers to daddsub_clz.o(x$fpl$dadd) for _dadd1
    daddsub_clz.o(x$fpl$drsb) refers to daddsub_clz.o(x$fpl$dsub) for _dsub1
    daddsub_clz.o(x$fpl$dsub) refers (Special) to usenofp.o(x$fpl$usenofp) for __I$use$fp
    daddsub_clz.o(x$fpl$dsub) refers to daddsub_clz.o(x$fpl$dadd) for _dadd1
    daddsub_clz.o(x$fpl$dsub) refers to dnaninf.o(x$fpl$dnaninf) for __fpl_dnaninf
    dfix.o(x$fpl$dfix) refers (Special) to usenofp.o(x$fpl$usenofp) for __I$use$fp
    dfix.o(x$fpl$dfix) refers to dnaninf.o(x$fpl$dnaninf) for __fpl_dnaninf
    dfix.o(x$fpl$dfixr) refers (Special) to usenofp.o(x$fpl$usenofp) for __I$use$fp
    dfix.o(x$fpl$dfixr) refers to dnaninf.o(x$fpl$dnaninf) for __fpl_dnaninf
    dflt_clz.o(x$fpl$dfltu) refers (Special) to usenofp.o(x$fpl$usenofp) for __I$use$fp
    dflt_clz.o(x$fpl$dflt) refers (Special) to usenofp.o(x$fpl$usenofp) for __I$use$fp
    dflt_clz.o(x$fpl$dfltn) refers (Special) to usenofp.o(x$fpl$usenofp) for __I$use$fp
    dmul.o(x$fpl$dmul) refers (Special) to usenofp.o(x$fpl$usenofp) for __I$use$fp
    dmul.o(x$fpl$dmul) refers to dretinf.o(x$fpl$dretinf) for __fpl_dretinf
    dmul.o(x$fpl$dmul) refers to dnaninf.o(x$fpl$dnaninf) for __fpl_dnaninf
    __rtentry.o(.ARM.Collect$$rtentry$$00000000) refers (Special) to __rtentry2.o(.ARM.Collect$$rtentry$$0000000A) for __rt_entry_li
    __rtentry.o(.ARM.Collect$$rtentry$$00000000) refers (Special) to __rtentry2.o(.ARM.Collect$$rtentry$$0000000D) for __rt_entry_main
    __rtentry.o(.ARM.Collect$$rtentry$$00000000) refers (Special) to __rtentry2.o(.ARM.Collect$$rtentry$$0000000C) for __rt_entry_postli_1
    __rtentry.o(.ARM.Collect$$rtentry$$00000000) refers (Special) to __rtentry2.o(.ARM.Collect$$rtentry$$00000009) for __rt_entry_postsh_1
    __rtentry.o(.ARM.Collect$$rtentry$$00000000) refers (Special) to __rtentry2.o(.ARM.Collect$$rtentry$$00000002) for __rt_entry_presh_1
    __rtentry.o(.ARM.Collect$$rtentry$$00000000) refers (Special) to __rtentry4.o(.ARM.Collect$$rtentry$$00000004) for __rt_entry_sh
    dnaninf.o(x$fpl$dnaninf) refers (Special) to usenofp.o(x$fpl$usenofp) for __I$use$fp
    dretinf.o(x$fpl$dretinf) refers (Special) to usenofp.o(x$fpl$usenofp) for __I$use$fp
    __rtentry2.o(.ARM.Collect$$rtentry$$00000008) refers to boardinit2.o(.text) for _platform_post_stackheap_init
    __rtentry2.o(.ARM.Collect$$rtentry$$0000000A) refers to libinit.o(.ARM.Collect$$libinit$$00000000) for __rt_lib_init
    __rtentry2.o(.ARM.Collect$$rtentry$$0000000B) refers to boardinit3.o(.text) for _platform_post_lib_init
    __rtentry2.o(.ARM.Collect$$rtentry$$0000000D) refers to principal.o(.text.main) for main
    __rtentry2.o(.ARM.Collect$$rtentry$$0000000D) refers to exit.o(.text) for exit
    __rtentry2.o(.ARM.exidx) refers to __rtentry2.o(.ARM.Collect$$rtentry$$00000001) for .ARM.Collect$$rtentry$$00000001
    __rtentry2.o(.ARM.exidx) refers to __rtentry2.o(.ARM.Collect$$rtentry$$00000008) for .ARM.Collect$$rtentry$$00000008
    __rtentry2.o(.ARM.exidx) refers to __rtentry2.o(.ARM.Collect$$rtentry$$0000000A) for .ARM.Collect$$rtentry$$0000000A
    __rtentry2.o(.ARM.exidx) refers to __rtentry2.o(.ARM.Collect$$rtentry$$0000000B) for .ARM.Collect$$rtentry$$0000000B
    __rtentry2.o(.ARM.exidx) refers to __rtentry2.o(.ARM.Collect$$rtentry$$0000000D) for .ARM.Collect$$rtentry$$0000000D
    __rtentry4.o(.ARM.Collect$$rtentry$$00000004) refers to sys_stackheap_outer.o(.text) for __user_setup_stackheap
    __rtentry4.o(.ARM.exidx) refers to __rtentry4.o(.ARM.Collect$$rtentry$$00000004) for .ARM.Collect$$rtentry$$00000004
    sys_stackheap_outer.o(.text) refers to libspace.o(.text) for __user_perproc_libspace
    sys_stackheap_outer.o(.text) refers to startup_stm32f10x_md.o(.text) for __user_initial_stackheap
    exit.o(.text) refers to rtexit.o(.ARM.Collect$$rtexit$$00000000) for __rt_exit
    libinit.o(.ARM.Collect$$libinit$$00000000) refers (Special) to libinit2.o(.ARM.Collect$$libinit$$00000030) for __rt_lib_init_alloca_1
    libinit.o(.ARM.Collect$$libinit$$00000000) refers (Special) to libinit2.o(.ARM.Collect$$libinit$$0000002E) for __rt_lib_init_argv_1
    libinit.o(.ARM.Collect$$libinit$$00000000) refers (Special) to libinit2.o(.ARM.Collect$$libinit$$0000001D) for __rt_lib_init_atexit_1
    libinit.o(.ARM.Collect$$libinit$$00000000) refers (Special) to libinit2.o(.ARM.Collect$$libinit$$00000023) for __rt_lib_init_clock_1
    libinit.o(.ARM.Collect$$libinit$$00000000) refers (Special) to libinit2.o(.ARM.Collect$$libinit$$00000034) for __rt_lib_init_cpp_1
    libinit.o(.ARM.Collect$$libinit$$00000000) refers (Special) to libinit2.o(.ARM.Collect$$libinit$$00000032) for __rt_lib_init_exceptions_1
    libinit.o(.ARM.Collect$$libinit$$00000000) refers (Special) to libinit2.o(.ARM.Collect$$libinit$$00000002) for __rt_lib_init_fp_1
    libinit.o(.ARM.Collect$$libinit$$00000000) refers (Special) to libinit2.o(.ARM.Collect$$libinit$$00000021) for __rt_lib_init_fp_trap_1
    libinit.o(.ARM.Collect$$libinit$$00000000) refers (Special) to libinit2.o(.ARM.Collect$$libinit$$00000025) for __rt_lib_init_getenv_1
    libinit.o(.ARM.Collect$$libinit$$00000000) refers (Special) to libinit2.o(.ARM.Collect$$libinit$$0000000C) for __rt_lib_init_heap_1
    libinit.o(.ARM.Collect$$libinit$$00000000) refers (Special) to libinit2.o(.ARM.Collect$$libinit$$00000013) for __rt_lib_init_lc_collate_1
    libinit.o(.ARM.Collect$$libinit$$00000000) refers (Special) to libinit2.o(.ARM.Collect$$libinit$$00000015) for __rt_lib_init_lc_ctype_1
    libinit.o(.ARM.Collect$$libinit$$00000000) refers (Special) to libinit2.o(.ARM.Collect$$libinit$$00000017) for __rt_lib_init_lc_monetary_1
    libinit.o(.ARM.Collect$$libinit$$00000000) refers (Special) to libinit2.o(.ARM.Collect$$libinit$$00000019) for __rt_lib_init_lc_numeric_1
    libinit.o(.ARM.Collect$$libinit$$00000000) refers (Special) to libinit2.o(.ARM.Collect$$libinit$$0000001B) for __rt_lib_init_lc_time_1
    libinit.o(.ARM.Collect$$libinit$$00000000) refers (Special) to libinit2.o(.ARM.Collect$$libinit$$00000006) for __rt_lib_init_preinit_1
    libinit.o(.ARM.Collect$$libinit$$00000000) refers (Special) to libinit2.o(.ARM.Collect$$libinit$$00000010) for __rt_lib_init_rand_1
    libinit.o(.ARM.Collect$$libinit$$00000000) refers (Special) to libinit2.o(.ARM.Collect$$libinit$$00000004) for __rt_lib_init_relocate_pie_1
    libinit.o(.ARM.Collect$$libinit$$00000000) refers (Special) to libinit2.o(.ARM.Collect$$libinit$$00000035) for __rt_lib_init_return
    libinit.o(.ARM.Collect$$libinit$$00000000) refers (Special) to libinit2.o(.ARM.Collect$$libinit$$0000001F) for __rt_lib_init_signal_1
    libinit.o(.ARM.Collect$$libinit$$00000000) refers (Special) to libinit2.o(.ARM.Collect$$libinit$$00000027) for __rt_lib_init_stdio_1
    libinit.o(.ARM.Collect$$libinit$$00000000) refers (Special) to libinit2.o(.ARM.Collect$$libinit$$0000000E) for __rt_lib_init_user_alloc_1
    libspace.o(.text) refers to libspace.o(.bss) for __libspace_start
    rtexit.o(.ARM.Collect$$rtexit$$00000000) refers (Special) to rtexit2.o(.ARM.Collect$$rtexit$$00000004) for __rt_exit_exit
    rtexit.o(.ARM.Collect$$rtexit$$00000000) refers (Special) to rtexit2.o(.ARM.Collect$$rtexit$$00000003) for __rt_exit_ls
    rtexit.o(.ARM.Collect$$rtexit$$00000000) refers (Special) to rtexit2.o(.ARM.Collect$$rtexit$$00000002) for __rt_exit_prels_1
    rtexit.o(.ARM.exidx) refers (Special) to rtexit2.o(.ARM.Collect$$rtexit$$00000004) for __rt_exit_exit
    rtexit.o(.ARM.exidx) refers (Special) to rtexit2.o(.ARM.Collect$$rtexit$$00000003) for __rt_exit_ls
    rtexit.o(.ARM.exidx) refers (Special) to rtexit2.o(.ARM.Collect$$rtexit$$00000002) for __rt_exit_prels_1
    rtexit.o(.ARM.exidx) refers to rtexit.o(.ARM.Collect$$rtexit$$00000000) for .ARM.Collect$$rtexit$$00000000
    libinit2.o(.ARM.Collect$$libinit$$00000012) refers to libinit2.o(.ARM.Collect$$libinit$$00000011) for .ARM.Collect$$libinit$$00000011
    libinit2.o(.ARM.Collect$$libinit$$00000014) refers to libinit2.o(.ARM.Collect$$libinit$$00000011) for .ARM.Collect$$libinit$$00000011
    libinit2.o(.ARM.Collect$$libinit$$00000016) refers to libinit2.o(.ARM.Collect$$libinit$$00000011) for .ARM.Collect$$libinit$$00000011
    libinit2.o(.ARM.Collect$$libinit$$00000018) refers to libinit2.o(.ARM.Collect$$libinit$$00000011) for .ARM.Collect$$libinit$$00000011
    libinit2.o(.ARM.Collect$$libinit$$0000001A) refers to libinit2.o(.ARM.Collect$$libinit$$00000011) for .ARM.Collect$$libinit$$00000011
    libinit2.o(.ARM.Collect$$libinit$$00000028) refers to argv_veneer.o(.emb_text) for __ARM_argv_veneer
    libinit2.o(.ARM.Collect$$libinit$$00000029) refers to argv_veneer.o(.emb_text) for __ARM_argv_veneer
    rtexit2.o(.ARM.Collect$$rtexit$$00000003) refers to libshutdown.o(.ARM.Collect$$libshutdown$$00000000) for __rt_lib_shutdown
    rtexit2.o(.ARM.Collect$$rtexit$$00000004) refers to sys_exit.o(.text) for _sys_exit
    rtexit2.o(.ARM.exidx) refers to rtexit2.o(.ARM.Collect$$rtexit$$00000001) for .ARM.Collect$$rtexit$$00000001
    rtexit2.o(.ARM.exidx) refers to rtexit2.o(.ARM.Collect$$rtexit$$00000003) for .ARM.Collect$$rtexit$$00000003
    rtexit2.o(.ARM.exidx) refers to rtexit2.o(.ARM.Collect$$rtexit$$00000004) for .ARM.Collect$$rtexit$$00000004
    argv_veneer.o(.emb_text) refers to no_argv.o(.text) for __ARM_get_argv
    sys_exit.o(.text) refers (Special) to use_no_semi.o(.text) for __I$use$semihosting
    sys_exit.o(.text) refers (Special) to indicate_semi.o(.text) for __semihosting_library_function
    sys_exit_hlt.o(.text) refers (Special) to use_no_semi.o(.text) for __I$use$semihosting
    sys_exit_hlt.o(.text) refers (Special) to indicate_semi.o(.text) for __semihosting_library_function
    _get_argv_nomalloc.o(.text) refers (Special) to hrguard.o(.text) for __heap_region$guard
    _get_argv_nomalloc.o(.text) refers to defsig_rtmem_outer.o(.text) for __rt_SIGRTMEM
    _get_argv_nomalloc.o(.text) refers to sys_command.o(.text) for _sys_command_string
    libshutdown.o(.ARM.Collect$$libshutdown$$00000000) refers (Special) to libshutdown2.o(.ARM.Collect$$libshutdown$$00000002) for __rt_lib_shutdown_cpp_1
    libshutdown.o(.ARM.Collect$$libshutdown$$00000000) refers (Special) to libshutdown2.o(.ARM.Collect$$libshutdown$$00000007) for __rt_lib_shutdown_fp_trap_1
    libshutdown.o(.ARM.Collect$$libshutdown$$00000000) refers (Special) to libshutdown2.o(.ARM.Collect$$libshutdown$$0000000F) for __rt_lib_shutdown_heap_1
    libshutdown.o(.ARM.Collect$$libshutdown$$00000000) refers (Special) to libshutdown2.o(.ARM.Collect$$libshutdown$$00000010) for __rt_lib_shutdown_return
    libshutdown.o(.ARM.Collect$$libshutdown$$00000000) refers (Special) to libshutdown2.o(.ARM.Collect$$libshutdown$$0000000A) for __rt_lib_shutdown_signal_1
    libshutdown.o(.ARM.Collect$$libshutdown$$00000000) refers (Special) to libshutdown2.o(.ARM.Collect$$libshutdown$$00000004) for __rt_lib_shutdown_stdio_1
    libshutdown.o(.ARM.Collect$$libshutdown$$00000000) refers (Special) to libshutdown2.o(.ARM.Collect$$libshutdown$$0000000C) for __rt_lib_shutdown_user_alloc_1
    sys_command.o(.text) refers (Special) to use_no_semi.o(.text) for __I$use$semihosting
    sys_command.o(.text) refers (Special) to indicate_semi.o(.text) for __semihosting_library_function
    sys_command_hlt.o(.text) refers (Special) to use_no_semi.o(.text) for __I$use$semihosting
    sys_command_hlt.o(.text) refers (Special) to indicate_semi.o(.text) for __semihosting_library_function
    defsig_rtmem_outer.o(.text) refers to defsig_rtmem_inner.o(.text) for __rt_SIGRTMEM_inner
    defsig_rtmem_outer.o(.text) refers to defsig_exit.o(.text) for __sig_exit
    defsig_rtmem_formal.o(.text) refers to rt_raise.o(.text) for __rt_raise
    rt_raise.o(.text) refers to __raise.o(.text) for __raise
    rt_raise.o(.text) refers to sys_exit.o(.text) for _sys_exit
    defsig_exit.o(.text) refers to sys_exit.o(.text) for _sys_exit
    defsig_rtmem_inner.o(.text) refers to defsig_general.o(.text) for __default_signal_display
    __raise.o(.text) refers to defsig.o(CL$$defsig) for __default_signal_handler
    defsig_general.o(.text) refers to sys_wrch.o(.text) for _ttywrch
    sys_wrch.o(.text) refers (Special) to use_no_semi.o(.text) for __I$use$semihosting
    sys_wrch.o(.text) refers (Special) to indicate_semi.o(.text) for __semihosting_library_function
    sys_wrch_hlt.o(.text) refers (Special) to use_no_semi.o(.text) for __I$use$semihosting
    sys_wrch_hlt.o(.text) refers (Special) to indicate_semi.o(.text) for __semihosting_library_function
    defsig.o(CL$$defsig) refers to defsig_rtmem_inner.o(.text) for __rt_SIGRTMEM_inner
    defsig_abrt_inner.o(.text) refers to defsig_general.o(.text) for __default_signal_display
    defsig_fpe_inner.o(.text) refers to defsig_general.o(.text) for __default_signal_display
    defsig_rtred_inner.o(.text) refers to defsig_general.o(.text) for __default_signal_display
    defsig_stak_inner.o(.text) refers to defsig_general.o(.text) for __default_signal_display
    defsig_pvfn_inner.o(.text) refers to defsig_general.o(.text) for __default_signal_display
    defsig_cppl_inner.o(.text) refers to defsig_general.o(.text) for __default_signal_display
    defsig_segv_inner.o(.text) refers to defsig_general.o(.text) for __default_signal_display
    defsig_other.o(.text) refers to defsig_general.o(.text) for __default_signal_display


==============================================================================

Removing Unused input sections from the image.

    Removing principal.o(.text), (0 bytes).
    Removing principal.o(.ARM.exidx.text.main), (8 bytes).
    Removing principal.o(.ARM.use_no_argv), (4 bytes).
    Removing gpio.o(.text), (0 bytes).
    Removing gpio.o(.ARM.exidx.text.MyGPIO_Init), (8 bytes).
    Removing gpio.o(.text.MyGPIO_Read), (26 bytes).
    Removing gpio.o(.ARM.exidx.text.MyGPIO_Read), (8 bytes).
    Removing gpio.o(.ARM.exidx.text.MyGPIO_Set), (8 bytes).
    Removing gpio.o(.ARM.exidx.text.MyGPIO_Reset), (8 bytes).
    Removing gpio.o(.text.MyGPIO_Toggle), (52 bytes).
    Removing gpio.o(.ARM.exidx.text.MyGPIO_Toggle), (8 bytes).
    Removing timer.o(.text), (0 bytes).
    Removing timer.o(.ARM.exidx.text.MyTimer_Base_Init), (8 bytes).
    Removing timer.o(.text.MyTimer_ActiveIT), (182 bytes).
    Removing timer.o(.ARM.exidx.text.MyTimer_ActiveIT), (8 bytes).
    Removing timer.o(.text.__NVIC_EnableIRQ), (48 bytes).
    Removing timer.o(.ARM.exidx.text.__NVIC_EnableIRQ), (8 bytes).
    Removing timer.o(.text.__NVIC_SetPriority), (66 bytes).
    Removing timer.o(.ARM.exidx.text.__NVIC_SetPriority), (8 bytes).
    Removing timer.o(.ARM.exidx.text.TIM1_UP_IRQHandler), (8 bytes).
    Removing timer.o(.ARM.exidx.text.TIM2_IRQHandler), (8 bytes).
    Removing timer.o(.ARM.exidx.text.TIM3_IRQHandler), (8 bytes).
    Removing timer.o(.ARM.exidx.text.TIM4_IRQHandler), (8 bytes).
    Removing timer.o(.ARM.exidx.text.MyTimer_PWM), (8 bytes).
    Removing timer.o(.ARM.exidx.text.MyTimer_SetDutyCycle), (8 bytes).
    Removing usart.o(.text), (0 bytes).
    Removing usart.o(.ARM.exidx.text.USART_Init), (8 bytes).
    Removing usart.o(.text.USART_SendChar), (36 bytes).
    Removing usart.o(.ARM.exidx.text.USART_SendChar), (8 bytes).
    Removing usart.o(.ARM.exidx.text.USART_ReceiveChar), (8 bytes).
    Removing usart.o(.ARM.exidx.text.USART_EnableInterrupt), (8 bytes).
    Removing usart.o(.ARM.exidx.text.__NVIC_EnableIRQ), (8 bytes).
    Removing usart.o(.ARM.exidx.text.USART1_IRQHandler), (8 bytes).
    Removing usart.o(.ARM.exidx.text.USART2_IRQHandler), (8 bytes).
    Removing usart.o(.ARM.exidx.text.USART3_IRQHandler), (8 bytes).
    Removing adc.o(.text), (0 bytes).
    Removing adc.o(.text.MyADC_Init), (172 bytes).
    Removing adc.o(.ARM.exidx.text.MyADC_Init), (8 bytes).
    Removing adc.o(.text.MyGPIO_Start), (44 bytes).
    Removing adc.o(.ARM.exidx.text.MyGPIO_Start), (8 bytes).
    Removing codeur_inc.o(.text), (0 bytes).
    Removing codeur_inc.o(.text.Encoder_Init), (104 bytes).
    Removing codeur_inc.o(.ARM.exidx.text.Encoder_Init), (8 bytes).
    Removing codeur_inc.o(.text.Z_Pin_Interrupt_Init), (88 bytes).
    Removing codeur_inc.o(.ARM.exidx.text.Z_Pin_Interrupt_Init), (8 bytes).
    Removing codeur_inc.o(.text.__NVIC_EnableIRQ), (48 bytes).
    Removing codeur_inc.o(.ARM.exidx.text.__NVIC_EnableIRQ), (8 bytes).
    Removing codeur_inc.o(.ARM.exidx.text.EXTI0_IRQHandler), (8 bytes).
    Removing codeur_inc.o(.text.read_encoder_value), (12 bytes).
    Removing codeur_inc.o(.ARM.exidx.text.read_encoder_value), (8 bytes).
    Removing communication.o(.text), (0 bytes).
    Removing communication.o(.ARM.exidx.text.recevoir_info_plateau), (8 bytes).
    Removing communication.o(.ARM.exidx.text.read_vitesse), (8 bytes).
    Removing communication.o(.ARM.exidx.text.read_sens), (8 bytes).
    Removing communication.o(.ARM.exidx.text.Communication_Conf), (8 bytes).
    Removing plateauservice.o(.text), (0 bytes).
    Removing plateauservice.o(.ARM.exidx.text.initPlateau), (8 bytes).
    Removing plateauservice.o(.ARM.exidx.text.controlVitesse), (8 bytes).
    Removing plateauservice.o(.ARM.exidx.text.controlSens), (8 bytes).
    Removing voileservice.o(.text), (0 bytes).
    Removing voileservice.o(.ARM.exidx.text.initServoMoteur), (8 bytes).
    Removing voileservice.o(.ARM.exidx.text.setPosServoMoteur), (8 bytes).
    Removing servicegirouette.o(.text), (0 bytes).
    Removing servicegirouette.o(.text.getAngleGirouette), (42 bytes).
    Removing servicegirouette.o(.ARM.exidx.text.getAngleGirouette), (8 bytes).
    Removing system_stm32f10x.o(.text), (0 bytes).
    Removing system_stm32f10x.o(.ARM.exidx.text.SystemInit), (8 bytes).
    Removing system_stm32f10x.o(.ARM.exidx.text.SetSysClock), (8 bytes).
    Removing system_stm32f10x.o(.text.SystemCoreClockUpdate), (290 bytes).
    Removing system_stm32f10x.o(.ARM.exidx.text.SystemCoreClockUpdate), (8 bytes).
    Removing system_stm32f10x.o(.ARM.exidx.text.SetSysClockTo72), (8 bytes).
    Removing system_stm32f10x.o(.rodata.AHBPrescTable), (16 bytes).

72 unused section(s) (total 1590 bytes) removed from the image.

==============================================================================

Image Symbol Table

    Local Symbols

    Symbol Name                              Value     Ov Type        Size  Object(Section)

    ../clib/angel/boardlib.s                 0x00000000   Number         0  boardinit1.o ABSOLUTE
    ../clib/angel/boardlib.s                 0x00000000   Number         0  boardinit2.o ABSOLUTE
    ../clib/angel/boardlib.s                 0x00000000   Number         0  boardinit3.o ABSOLUTE
    ../clib/angel/boardlib.s                 0x00000000   Number         0  boardshut.o ABSOLUTE
    ../clib/angel/handlers.s                 0x00000000   Number         0  __scatter_copy.o ABSOLUTE
    ../clib/angel/handlers.s                 0x00000000   Number         0  __scatter_zi.o ABSOLUTE
    ../clib/angel/kernel.s                   0x00000000   Number         0  __rtentry.o ABSOLUTE
    ../clib/angel/kernel.s                   0x00000000   Number         0  __rtentry2.o ABSOLUTE
    ../clib/angel/kernel.s                   0x00000000   Number         0  __rtentry4.o ABSOLUTE
    ../clib/angel/kernel.s                   0x00000000   Number         0  rtexit.o ABSOLUTE
    ../clib/angel/kernel.s                   0x00000000   Number         0  rtexit2.o ABSOLUTE
    ../clib/angel/rt.s                       0x00000000   Number         0  rt_raise.o ABSOLUTE
    ../clib/angel/scatter.s                  0x00000000   Number         0  __scatter.o ABSOLUTE
    ../clib/angel/startup.s                  0x00000000   Number         0  __main.o ABSOLUTE
    ../clib/angel/sys.s                      0x00000000   Number         0  sys_stackheap_outer.o ABSOLUTE
    ../clib/angel/sys.s                      0x00000000   Number         0  libspace.o ABSOLUTE
    ../clib/angel/sys.s                      0x00000000   Number         0  use_no_semi.o ABSOLUTE
    ../clib/angel/sys.s                      0x00000000   Number         0  indicate_semi.o ABSOLUTE
    ../clib/angel/sysapp.c                   0x00000000   Number         0  sys_exit.o ABSOLUTE
    ../clib/angel/sysapp.c                   0x00000000   Number         0  sys_exit_hlt.o ABSOLUTE
    ../clib/angel/sysapp.c                   0x00000000   Number         0  sys_command.o ABSOLUTE
    ../clib/angel/sysapp.c                   0x00000000   Number         0  sys_command_hlt.o ABSOLUTE
    ../clib/angel/sysapp.c                   0x00000000   Number         0  sys_wrch.o ABSOLUTE
    ../clib/angel/sysapp.c                   0x00000000   Number         0  sys_wrch_hlt.o ABSOLUTE
    ../clib/armsys.c                         0x00000000   Number         0  argv_veneer.o ABSOLUTE
    ../clib/armsys.c                         0x00000000   Number         0  argv_veneer.o ABSOLUTE
    ../clib/armsys.c                         0x00000000   Number         0  _get_argv_nomalloc.o ABSOLUTE
    ../clib/armsys.c                         0x00000000   Number         0  no_argv.o ABSOLUTE
    ../clib/heapalloc.c                      0x00000000   Number         0  hrguard.o ABSOLUTE
    ../clib/heapaux.c                        0x00000000   Number         0  heapauxi.o ABSOLUTE
    ../clib/libinit.s                        0x00000000   Number         0  libinit.o ABSOLUTE
    ../clib/libinit.s                        0x00000000   Number         0  libinit2.o ABSOLUTE
    ../clib/libinit.s                        0x00000000   Number         0  libshutdown.o ABSOLUTE
    ../clib/libinit.s                        0x00000000   Number         0  libshutdown2.o ABSOLUTE
    ../clib/signal.c                         0x00000000   Number         0  defsig_rtmem_outer.o ABSOLUTE
    ../clib/signal.c                         0x00000000   Number         0  defsig_rtmem_formal.o ABSOLUTE
    ../clib/signal.c                         0x00000000   Number         0  defsig_exit.o ABSOLUTE
    ../clib/signal.c                         0x00000000   Number         0  defsig_rtmem_inner.o ABSOLUTE
    ../clib/signal.c                         0x00000000   Number         0  __raise.o ABSOLUTE
    ../clib/signal.c                         0x00000000   Number         0  defsig_general.o ABSOLUTE
    ../clib/signal.c                         0x00000000   Number         0  defsig_abrt_inner.o ABSOLUTE
    ../clib/signal.c                         0x00000000   Number         0  defsig_fpe_inner.o ABSOLUTE
    ../clib/signal.c                         0x00000000   Number         0  defsig_rtred_inner.o ABSOLUTE
    ../clib/signal.c                         0x00000000   Number         0  defsig_stak_inner.o ABSOLUTE
    ../clib/signal.c                         0x00000000   Number         0  defsig_pvfn_inner.o ABSOLUTE
    ../clib/signal.c                         0x00000000   Number         0  defsig_cppl_inner.o ABSOLUTE
    ../clib/signal.c                         0x00000000   Number         0  defsig_segv_inner.o ABSOLUTE
    ../clib/signal.c                         0x00000000   Number         0  defsig_other.o ABSOLUTE
    ../clib/signal.s                         0x00000000   Number         0  defsig.o ABSOLUTE
    ../clib/stdlib.c                         0x00000000   Number         0  exit.o ABSOLUTE
    ../fplib/daddsub.s                       0x00000000   Number         0  daddsub_clz.o ABSOLUTE
    ../fplib/dfix.s                          0x00000000   Number         0  dfix.o ABSOLUTE
    ../fplib/dflt.s                          0x00000000   Number         0  dflt_clz.o ABSOLUTE
    ../fplib/dmul.s                          0x00000000   Number         0  dmul.o ABSOLUTE
    ../fplib/dnaninf.s                       0x00000000   Number         0  dnaninf.o ABSOLUTE
    ../fplib/dretinf.s                       0x00000000   Number         0  dretinf.o ABSOLUTE
    ../fplib/fpinit.s                        0x00000000   Number         0  fpinit.o ABSOLUTE
    ../fplib/fpinit_empty.s                  0x00000000   Number         0  fpinit_empty.o ABSOLUTE
    ../fplib/usenofp.s                       0x00000000   Number         0  usenofp.o ABSOLUTE
    ADC.c                                    0x00000000   Number         0  adc.o ABSOLUTE
    Codeur_inc.c                             0x00000000   Number         0  codeur_inc.o ABSOLUTE
    Communication.c                          0x00000000   Number         0  communication.o ABSOLUTE
    GPIO.c                                   0x00000000   Number         0  gpio.o ABSOLUTE
    PlateauService.c                         0x00000000   Number         0  plateauservice.o ABSOLUTE
    RTE/Device/STM32F103RB/startup_stm32f10x_md.s 0x00000000   Number         0  startup_stm32f10x_md.o ABSOLUTE
    ServiceGirouette.c                       0x00000000   Number         0  servicegirouette.o ABSOLUTE
    Timer.c                                  0x00000000   Number         0  timer.o ABSOLUTE
    USART.c                                  0x00000000   Number         0  usart.o ABSOLUTE
    VoileService.c                           0x00000000   Number         0  voileservice.o ABSOLUTE
    dc.s                                     0x00000000   Number         0  dc.o ABSOLUTE
    principal.c                              0x00000000   Number         0  principal.o ABSOLUTE
    system_stm32f10x.c                       0x00000000   Number         0  system_stm32f10x.o ABSOLUTE
    RESET                                    0x08000000   Section      236  startup_stm32f10x_md.o(RESET)
    !!!main                                  0x080000ec   Section        8  __main.o(!!!main)
    !!!scatter                               0x080000f4   Section       92  __scatter.o(!!!scatter)
    !!handler_copy                           0x08000150   Section       26  __scatter_copy.o(!!handler_copy)
    !!handler_null                           0x0800016c   Section        2  __scatter.o(!!handler_null)
    !!handler_zi                             0x08000170   Section       28  __scatter_zi.o(!!handler_zi)
    .ARM.Collect$$libinit$$00000000          0x0800018c   Section        2  libinit.o(.ARM.Collect$$libinit$$00000000)
    .ARM.Collect$$libinit$$00000002          0x0800018e   Section        0  libinit2.o(.ARM.Collect$$libinit$$00000002)
    .ARM.Collect$$libinit$$00000004          0x0800018e   Section        0  libinit2.o(.ARM.Collect$$libinit$$00000004)
    .ARM.Collect$$libinit$$00000006          0x0800018e   Section        0  libinit2.o(.ARM.Collect$$libinit$$00000006)
    .ARM.Collect$$libinit$$0000000C          0x0800018e   Section        0  libinit2.o(.ARM.Collect$$libinit$$0000000C)
    .ARM.Collect$$libinit$$0000000E          0x0800018e   Section        0  libinit2.o(.ARM.Collect$$libinit$$0000000E)
    .ARM.Collect$$libinit$$00000010          0x0800018e   Section        0  libinit2.o(.ARM.Collect$$libinit$$00000010)
    .ARM.Collect$$libinit$$00000013          0x0800018e   Section        0  libinit2.o(.ARM.Collect$$libinit$$00000013)
    .ARM.Collect$$libinit$$00000015          0x0800018e   Section        0  libinit2.o(.ARM.Collect$$libinit$$00000015)
    .ARM.Collect$$libinit$$00000017          0x0800018e   Section        0  libinit2.o(.ARM.Collect$$libinit$$00000017)
    .ARM.Collect$$libinit$$00000019          0x0800018e   Section        0  libinit2.o(.ARM.Collect$$libinit$$00000019)
    .ARM.Collect$$libinit$$0000001B          0x0800018e   Section        0  libinit2.o(.ARM.Collect$$libinit$$0000001B)
    .ARM.Collect$$libinit$$0000001D          0x0800018e   Section        0  libinit2.o(.ARM.Collect$$libinit$$0000001D)
    .ARM.Collect$$libinit$$0000001F          0x0800018e   Section        0  libinit2.o(.ARM.Collect$$libinit$$0000001F)
    .ARM.Collect$$libinit$$00000021          0x0800018e   Section        0  libinit2.o(.ARM.Collect$$libinit$$00000021)
    .ARM.Collect$$libinit$$00000023          0x0800018e   Section        0  libinit2.o(.ARM.Collect$$libinit$$00000023)
    .ARM.Collect$$libinit$$00000025          0x0800018e   Section        0  libinit2.o(.ARM.Collect$$libinit$$00000025)
    .ARM.Collect$$libinit$$00000027          0x0800018e   Section        0  libinit2.o(.ARM.Collect$$libinit$$00000027)
    .ARM.Collect$$libinit$$0000002E          0x0800018e   Section        0  libinit2.o(.ARM.Collect$$libinit$$0000002E)
    .ARM.Collect$$libinit$$00000030          0x0800018e   Section        0  libinit2.o(.ARM.Collect$$libinit$$00000030)
    .ARM.Collect$$libinit$$00000032          0x0800018e   Section        0  libinit2.o(.ARM.Collect$$libinit$$00000032)
    .ARM.Collect$$libinit$$00000034          0x0800018e   Section        0  libinit2.o(.ARM.Collect$$libinit$$00000034)
    .ARM.Collect$$libinit$$00000035          0x0800018e   Section        2  libinit2.o(.ARM.Collect$$libinit$$00000035)
    .ARM.Collect$$libshutdown$$00000000      0x08000190   Section        2  libshutdown.o(.ARM.Collect$$libshutdown$$00000000)
    .ARM.Collect$$libshutdown$$00000002      0x08000192   Section        0  libshutdown2.o(.ARM.Collect$$libshutdown$$00000002)
    .ARM.Collect$$libshutdown$$00000004      0x08000192   Section        0  libshutdown2.o(.ARM.Collect$$libshutdown$$00000004)
    .ARM.Collect$$libshutdown$$00000007      0x08000192   Section        0  libshutdown2.o(.ARM.Collect$$libshutdown$$00000007)
    .ARM.Collect$$libshutdown$$0000000A      0x08000192   Section        0  libshutdown2.o(.ARM.Collect$$libshutdown$$0000000A)
    .ARM.Collect$$libshutdown$$0000000C      0x08000192   Section        0  libshutdown2.o(.ARM.Collect$$libshutdown$$0000000C)
    .ARM.Collect$$libshutdown$$0000000F      0x08000192   Section        0  libshutdown2.o(.ARM.Collect$$libshutdown$$0000000F)
    .ARM.Collect$$libshutdown$$00000010      0x08000192   Section        2  libshutdown2.o(.ARM.Collect$$libshutdown$$00000010)
    .ARM.Collect$$rtentry$$00000000          0x08000194   Section        0  __rtentry.o(.ARM.Collect$$rtentry$$00000000)
    .ARM.Collect$$rtentry$$00000002          0x08000194   Section        0  __rtentry2.o(.ARM.Collect$$rtentry$$00000002)
    .ARM.Collect$$rtentry$$00000004          0x08000194   Section        6  __rtentry4.o(.ARM.Collect$$rtentry$$00000004)
    .ARM.Collect$$rtentry$$00000009          0x0800019a   Section        0  __rtentry2.o(.ARM.Collect$$rtentry$$00000009)
    .ARM.Collect$$rtentry$$0000000A          0x0800019a   Section        4  __rtentry2.o(.ARM.Collect$$rtentry$$0000000A)
    .ARM.Collect$$rtentry$$0000000C          0x0800019e   Section        0  __rtentry2.o(.ARM.Collect$$rtentry$$0000000C)
    .ARM.Collect$$rtentry$$0000000D          0x0800019e   Section        8  __rtentry2.o(.ARM.Collect$$rtentry$$0000000D)
    .ARM.Collect$$rtexit$$00000000           0x080001a6   Section        2  rtexit.o(.ARM.Collect$$rtexit$$00000000)
    .ARM.Collect$$rtexit$$00000002           0x080001a8   Section        0  rtexit2.o(.ARM.Collect$$rtexit$$00000002)
    .ARM.Collect$$rtexit$$00000003           0x080001a8   Section        4  rtexit2.o(.ARM.Collect$$rtexit$$00000003)
    .ARM.Collect$$rtexit$$00000004           0x080001ac   Section        6  rtexit2.o(.ARM.Collect$$rtexit$$00000004)
    .text                                    0x080001b4   Section       64  startup_stm32f10x_md.o(.text)
    .text                                    0x080001f4   Section        0  heapauxi.o(.text)
    .text                                    0x080001fa   Section       74  sys_stackheap_outer.o(.text)
    .text                                    0x08000244   Section        0  exit.o(.text)
    .text                                    0x08000258   Section        8  libspace.o(.text)
    .text                                    0x08000260   Section        0  sys_exit.o(.text)
    .text                                    0x0800026c   Section        2  use_no_semi.o(.text)
    .text                                    0x0800026e   Section        0  indicate_semi.o(.text)
    [Anonymous Symbol]                       0x08000270   Section        0  communication.o(.text.Communication_Conf)
    [Anonymous Symbol]                       0x080002b4   Section        0  codeur_inc.o(.text.EXTI0_IRQHandler)
    [Anonymous Symbol]                       0x080002e4   Section        0  gpio.o(.text.MyGPIO_Init)
    [Anonymous Symbol]                       0x080003ec   Section        0  gpio.o(.text.MyGPIO_Reset)
    [Anonymous Symbol]                       0x0800040c   Section        0  gpio.o(.text.MyGPIO_Set)
    [Anonymous Symbol]                       0x0800042c   Section        0  timer.o(.text.MyTimer_Base_Init)
    [Anonymous Symbol]                       0x080004d8   Section        0  timer.o(.text.MyTimer_PWM)
    [Anonymous Symbol]                       0x080005bc   Section        0  timer.o(.text.MyTimer_SetDutyCycle)
    SetSysClock                              0x08000659   Thumb Code     8  system_stm32f10x.o(.text.SetSysClock)
    [Anonymous Symbol]                       0x08000658   Section        0  system_stm32f10x.o(.text.SetSysClock)
    SetSysClockTo72                          0x08000661   Thumb Code   290  system_stm32f10x.o(.text.SetSysClockTo72)
    [Anonymous Symbol]                       0x08000660   Section        0  system_stm32f10x.o(.text.SetSysClockTo72)
    [Anonymous Symbol]                       0x08000784   Section        0  system_stm32f10x.o(.text.SystemInit)
    [Anonymous Symbol]                       0x080007ec   Section        0  timer.o(.text.TIM1_UP_IRQHandler)
    [Anonymous Symbol]                       0x0800081c   Section        0  timer.o(.text.TIM2_IRQHandler)
    [Anonymous Symbol]                       0x0800084c   Section        0  timer.o(.text.TIM3_IRQHandler)
    [Anonymous Symbol]                       0x0800087c   Section        0  timer.o(.text.TIM4_IRQHandler)
    [Anonymous Symbol]                       0x080008ac   Section        0  usart.o(.text.USART1_IRQHandler)
    [Anonymous Symbol]                       0x080008e0   Section        0  usart.o(.text.USART2_IRQHandler)
    [Anonymous Symbol]                       0x08000914   Section        0  usart.o(.text.USART3_IRQHandler)
    [Anonymous Symbol]                       0x08000948   Section        0  usart.o(.text.USART_EnableInterrupt)
    [Anonymous Symbol]                       0x080009b8   Section        0  usart.o(.text.USART_Init)
    [Anonymous Symbol]                       0x08000a8c   Section        0  usart.o(.text.USART_ReceiveChar)
    __NVIC_EnableIRQ                         0x08000aad   Thumb Code    48  usart.o(.text.__NVIC_EnableIRQ)
    [Anonymous Symbol]                       0x08000aac   Section        0  usart.o(.text.__NVIC_EnableIRQ)
    [Anonymous Symbol]                       0x08000adc   Section        0  plateauservice.o(.text.controlSens)
    [Anonymous Symbol]                       0x08000b10   Section        0  plateauservice.o(.text.controlVitesse)
    [Anonymous Symbol]                       0x08000b28   Section        0  plateauservice.o(.text.initPlateau)
    [Anonymous Symbol]                       0x08000b80   Section        0  voileservice.o(.text.initServoMoteur)
    [Anonymous Symbol]                       0x08000bd0   Section        0  principal.o(.text.main)
    [Anonymous Symbol]                       0x08000c34   Section        0  communication.o(.text.read_sens)
    [Anonymous Symbol]                       0x08000c40   Section        0  communication.o(.text.read_vitesse)
    [Anonymous Symbol]                       0x08000c4c   Section        0  communication.o(.text.recevoir_info_plateau)
    [Anonymous Symbol]                       0x08000d00   Section        0  voileservice.o(.text.setPosServoMoteur)
    x$fpl$dadd                               0x08000d54   Section      336  daddsub_clz.o(x$fpl$dadd)
    _dadd1                                   0x08000d65   Thumb Code     0  daddsub_clz.o(x$fpl$dadd)
    x$fpl$dfix                               0x08000ea4   Section       94  dfix.o(x$fpl$dfix)
    x$fpl$dflt                               0x08000f02   Section       46  dflt_clz.o(x$fpl$dflt)
    x$fpl$dmul                               0x08000f30   Section      340  dmul.o(x$fpl$dmul)
    x$fpl$dnaninf                            0x08001084   Section      156  dnaninf.o(x$fpl$dnaninf)
    x$fpl$dretinf                            0x08001120   Section       12  dretinf.o(x$fpl$dretinf)
    x$fpl$dsub                               0x0800112c   Section      476  daddsub_clz.o(x$fpl$dsub)
    _dsub1                                   0x0800113d   Thumb Code     0  daddsub_clz.o(x$fpl$dsub)
    x$fpl$usenofp                            0x08001308   Section        0  usenofp.o(x$fpl$usenofp)
    .bss                                     0x20000008   Section       96  libspace.o(.bss)
    Heap_Mem                                 0x20000088   Data         512  startup_stm32f10x_md.o(HEAP)
    HEAP                                     0x20000088   Section      512  startup_stm32f10x_md.o(HEAP)
    Stack_Mem                                0x20000288   Data        1024  startup_stm32f10x_md.o(STACK)
    STACK                                    0x20000288   Section     1024  startup_stm32f10x_md.o(STACK)
    __initial_sp                             0x20000688   Data           0  startup_stm32f10x_md.o(STACK)

    Global Symbols

    Symbol Name                              Value     Ov Type        Size  Object(Section)

    BuildAttributes$$THM_ISAv4$P$D$K$B$S$PE$A:L22UL41UL21$X:L11$S22US41US21$IEEE1$IW$~IW$USESV6$~STKCKD$USESV7$~SHL$OSPACE$ROPI$EBA8$UX$STANDARDLIB$REQ8$PRES8$EABIv2 0x00000000   Number         0  anon$$obj.o ABSOLUTE
    __fp_init_empty                          0x00000000   Number         0  fpinit_empty.o ABSOLUTE
    __ARM_exceptions_init                     - Undefined Weak Reference
    __alloca_initialize                       - Undefined Weak Reference
    __arm_preinit_                            - Undefined Weak Reference
    __arm_relocate_pie_                       - Undefined Weak Reference
    __cpp_initialize__aeabi_                  - Undefined Weak Reference
    __cxa_finalize                            - Undefined Weak Reference
    __rt_locale                               - Undefined Weak Reference
    __sigvec_lookup                           - Undefined Weak Reference
    _atexit_init                              - Undefined Weak Reference
    _call_atexit_fns                          - Undefined Weak Reference
    _clock_init                               - Undefined Weak Reference
    _fp_trap_init                             - Undefined Weak Reference
    _fp_trap_shutdown                         - Undefined Weak Reference
    _get_lc_collate                           - Undefined Weak Reference
    _get_lc_ctype                             - Undefined Weak Reference
    _get_lc_monetary                          - Undefined Weak Reference
    _get_lc_numeric                           - Undefined Weak Reference
    _get_lc_time                              - Undefined Weak Reference
    _getenv_init                              - Undefined Weak Reference
    _handle_redirection                       - Undefined Weak Reference
    _init_alloc                               - Undefined Weak Reference
    _init_user_alloc                          - Undefined Weak Reference
    _initio                                   - Undefined Weak Reference
    _rand_init                                - Undefined Weak Reference
    _signal_finish                            - Undefined Weak Reference
    _signal_init                              - Undefined Weak Reference
    _terminate_alloc                          - Undefined Weak Reference
    _terminate_user_alloc                     - Undefined Weak Reference
    _terminateio                              - Undefined Weak Reference
    __Vectors_Size                           0x000000ec   Number         0  startup_stm32f10x_md.o ABSOLUTE
    __Vectors                                0x08000000   Data           4  startup_stm32f10x_md.o(RESET)
    __Vectors_End                            0x080000ec   Data           0  startup_stm32f10x_md.o(RESET)
    __main                                   0x080000ed   Thumb Code     8  __main.o(!!!main)
    __scatterload                            0x080000f5   Thumb Code     0  __scatter.o(!!!scatter)
    __scatterload_rt2                        0x080000f5   Thumb Code    84  __scatter.o(!!!scatter)
    __scatterload_rt2_thumb_only             0x080000f5   Thumb Code     0  __scatter.o(!!!scatter)
    __scatterload_loop                       0x080000ff   Thumb Code     0  __scatter.o(!!!scatter)
    __scatterload_copy                       0x08000151   Thumb Code    26  __scatter_copy.o(!!handler_copy)
    __scatterload_null                       0x0800016d   Thumb Code     2  __scatter.o(!!handler_null)
    __scatterload_zeroinit                   0x08000171   Thumb Code    28  __scatter_zi.o(!!handler_zi)
    __rt_lib_init                            0x0800018d   Thumb Code     0  libinit.o(.ARM.Collect$$libinit$$00000000)
    __rt_lib_init_alloca_1                   0x0800018f   Thumb Code     0  libinit2.o(.ARM.Collect$$libinit$$00000030)
    __rt_lib_init_argv_1                     0x0800018f   Thumb Code     0  libinit2.o(.ARM.Collect$$libinit$$0000002E)
    __rt_lib_init_atexit_1                   0x0800018f   Thumb Code     0  libinit2.o(.ARM.Collect$$libinit$$0000001D)
    __rt_lib_init_clock_1                    0x0800018f   Thumb Code     0  libinit2.o(.ARM.Collect$$libinit$$00000023)
    __rt_lib_init_cpp_1                      0x0800018f   Thumb Code     0  libinit2.o(.ARM.Collect$$libinit$$00000034)
    __rt_lib_init_exceptions_1               0x0800018f   Thumb Code     0  libinit2.o(.ARM.Collect$$libinit$$00000032)
    __rt_lib_init_fp_1                       0x0800018f   Thumb Code     0  libinit2.o(.ARM.Collect$$libinit$$00000002)
    __rt_lib_init_fp_trap_1                  0x0800018f   Thumb Code     0  libinit2.o(.ARM.Collect$$libinit$$00000021)
    __rt_lib_init_getenv_1                   0x0800018f   Thumb Code     0  libinit2.o(.ARM.Collect$$libinit$$00000025)
    __rt_lib_init_heap_1                     0x0800018f   Thumb Code     0  libinit2.o(.ARM.Collect$$libinit$$0000000C)
    __rt_lib_init_lc_collate_1               0x0800018f   Thumb Code     0  libinit2.o(.ARM.Collect$$libinit$$00000013)
    __rt_lib_init_lc_ctype_1                 0x0800018f   Thumb Code     0  libinit2.o(.ARM.Collect$$libinit$$00000015)
    __rt_lib_init_lc_monetary_1              0x0800018f   Thumb Code     0  libinit2.o(.ARM.Collect$$libinit$$00000017)
    __rt_lib_init_lc_numeric_1               0x0800018f   Thumb Code     0  libinit2.o(.ARM.Collect$$libinit$$00000019)
    __rt_lib_init_lc_time_1                  0x0800018f   Thumb Code     0  libinit2.o(.ARM.Collect$$libinit$$0000001B)
    __rt_lib_init_preinit_1                  0x0800018f   Thumb Code     0  libinit2.o(.ARM.Collect$$libinit$$00000006)
    __rt_lib_init_rand_1                     0x0800018f   Thumb Code     0  libinit2.o(.ARM.Collect$$libinit$$00000010)
    __rt_lib_init_relocate_pie_1             0x0800018f   Thumb Code     0  libinit2.o(.ARM.Collect$$libinit$$00000004)
    __rt_lib_init_return                     0x0800018f   Thumb Code     0  libinit2.o(.ARM.Collect$$libinit$$00000035)
    __rt_lib_init_signal_1                   0x0800018f   Thumb Code     0  libinit2.o(.ARM.Collect$$libinit$$0000001F)
    __rt_lib_init_stdio_1                    0x0800018f   Thumb Code     0  libinit2.o(.ARM.Collect$$libinit$$00000027)
    __rt_lib_init_user_alloc_1               0x0800018f   Thumb Code     0  libinit2.o(.ARM.Collect$$libinit$$0000000E)
    __rt_lib_shutdown                        0x08000191   Thumb Code     0  libshutdown.o(.ARM.Collect$$libshutdown$$00000000)
    __rt_lib_shutdown_cpp_1                  0x08000193   Thumb Code     0  libshutdown2.o(.ARM.Collect$$libshutdown$$00000002)
    __rt_lib_shutdown_fp_trap_1              0x08000193   Thumb Code     0  libshutdown2.o(.ARM.Collect$$libshutdown$$00000007)
    __rt_lib_shutdown_heap_1                 0x08000193   Thumb Code     0  libshutdown2.o(.ARM.Collect$$libshutdown$$0000000F)
    __rt_lib_shutdown_return                 0x08000193   Thumb Code     0  libshutdown2.o(.ARM.Collect$$libshutdown$$00000010)
    __rt_lib_shutdown_signal_1               0x08000193   Thumb Code     0  libshutdown2.o(.ARM.Collect$$libshutdown$$0000000A)
    __rt_lib_shutdown_stdio_1                0x08000193   Thumb Code     0  libshutdown2.o(.ARM.Collect$$libshutdown$$00000004)
    __rt_lib_shutdown_user_alloc_1           0x08000193   Thumb Code     0  libshutdown2.o(.ARM.Collect$$libshutdown$$0000000C)
    __rt_entry                               0x08000195   Thumb Code     0  __rtentry.o(.ARM.Collect$$rtentry$$00000000)
    __rt_entry_presh_1                       0x08000195   Thumb Code     0  __rtentry2.o(.ARM.Collect$$rtentry$$00000002)
    __rt_entry_sh                            0x08000195   Thumb Code     0  __rtentry4.o(.ARM.Collect$$rtentry$$00000004)
    __rt_entry_li                            0x0800019b   Thumb Code     0  __rtentry2.o(.ARM.Collect$$rtentry$$0000000A)
    __rt_entry_postsh_1                      0x0800019b   Thumb Code     0  __rtentry2.o(.ARM.Collect$$rtentry$$00000009)
    __rt_entry_main                          0x0800019f   Thumb Code     0  __rtentry2.o(.ARM.Collect$$rtentry$$0000000D)
    __rt_entry_postli_1                      0x0800019f   Thumb Code     0  __rtentry2.o(.ARM.Collect$$rtentry$$0000000C)
    __rt_exit                                0x080001a7   Thumb Code     0  rtexit.o(.ARM.Collect$$rtexit$$00000000)
    __rt_exit_ls                             0x080001a9   Thumb Code     0  rtexit2.o(.ARM.Collect$$rtexit$$00000003)
    __rt_exit_prels_1                        0x080001a9   Thumb Code     0  rtexit2.o(.ARM.Collect$$rtexit$$00000002)
    __rt_exit_exit                           0x080001ad   Thumb Code     0  rtexit2.o(.ARM.Collect$$rtexit$$00000004)
    Reset_Handler                            0x080001b5   Thumb Code     8  startup_stm32f10x_md.o(.text)
    NMI_Handler                              0x080001bd   Thumb Code     2  startup_stm32f10x_md.o(.text)
    HardFault_Handler                        0x080001bf   Thumb Code     2  startup_stm32f10x_md.o(.text)
    MemManage_Handler                        0x080001c1   Thumb Code     2  startup_stm32f10x_md.o(.text)
    BusFault_Handler                         0x080001c3   Thumb Code     2  startup_stm32f10x_md.o(.text)
    UsageFault_Handler                       0x080001c5   Thumb Code     2  startup_stm32f10x_md.o(.text)
    SVC_Handler                              0x080001c7   Thumb Code     2  startup_stm32f10x_md.o(.text)
    DebugMon_Handler                         0x080001c9   Thumb Code     2  startup_stm32f10x_md.o(.text)
    PendSV_Handler                           0x080001cb   Thumb Code     2  startup_stm32f10x_md.o(.text)
    SysTick_Handler                          0x080001cd   Thumb Code     2  startup_stm32f10x_md.o(.text)
    ADC1_2_IRQHandler                        0x080001cf   Thumb Code     0  startup_stm32f10x_md.o(.text)
    CAN1_RX1_IRQHandler                      0x080001cf   Thumb Code     0  startup_stm32f10x_md.o(.text)
    CAN1_SCE_IRQHandler                      0x080001cf   Thumb Code     0  startup_stm32f10x_md.o(.text)
    DMA1_Channel1_IRQHandler                 0x080001cf   Thumb Code     0  startup_stm32f10x_md.o(.text)
    DMA1_Channel2_IRQHandler                 0x080001cf   Thumb Code     0  startup_stm32f10x_md.o(.text)
    DMA1_Channel3_IRQHandler                 0x080001cf   Thumb Code     0  startup_stm32f10x_md.o(.text)
    DMA1_Channel4_IRQHandler                 0x080001cf   Thumb Code     0  startup_stm32f10x_md.o(.text)
    DMA1_Channel5_IRQHandler                 0x080001cf   Thumb Code     0  startup_stm32f10x_md.o(.text)
    DMA1_Channel6_IRQHandler                 0x080001cf   Thumb Code     0  startup_stm32f10x_md.o(.text)
    DMA1_Channel7_IRQHandler                 0x080001cf   Thumb Code     0  startup_stm32f10x_md.o(.text)
    EXTI15_10_IRQHandler                     0x080001cf   Thumb Code     0  startup_stm32f10x_md.o(.text)
    EXTI1_IRQHandler                         0x080001cf   Thumb Code     0  startup_stm32f10x_md.o(.text)
    EXTI2_IRQHandler                         0x080001cf   Thumb Code     0  startup_stm32f10x_md.o(.text)
    EXTI3_IRQHandler                         0x080001cf   Thumb Code     0  startup_stm32f10x_md.o(.text)
    EXTI4_IRQHandler                         0x080001cf   Thumb Code     0  startup_stm32f10x_md.o(.text)
    EXTI9_5_IRQHandler                       0x080001cf   Thumb Code     0  startup_stm32f10x_md.o(.text)
    FLASH_IRQHandler                         0x080001cf   Thumb Code     0  startup_stm32f10x_md.o(.text)
    I2C1_ER_IRQHandler                       0x080001cf   Thumb Code     0  startup_stm32f10x_md.o(.text)
    I2C1_EV_IRQHandler                       0x080001cf   Thumb Code     0  startup_stm32f10x_md.o(.text)
    I2C2_ER_IRQHandler                       0x080001cf   Thumb Code     0  startup_stm32f10x_md.o(.text)
    I2C2_EV_IRQHandler                       0x080001cf   Thumb Code     0  startup_stm32f10x_md.o(.text)
    PVD_IRQHandler                           0x080001cf   Thumb Code     0  startup_stm32f10x_md.o(.text)
    RCC_IRQHandler                           0x080001cf   Thumb Code     0  startup_stm32f10x_md.o(.text)
    RTCAlarm_IRQHandler                      0x080001cf   Thumb Code     0  startup_stm32f10x_md.o(.text)
    RTC_IRQHandler                           0x080001cf   Thumb Code     0  startup_stm32f10x_md.o(.text)
    SPI1_IRQHandler                          0x080001cf   Thumb Code     0  startup_stm32f10x_md.o(.text)
    SPI2_IRQHandler                          0x080001cf   Thumb Code     0  startup_stm32f10x_md.o(.text)
    TAMPER_IRQHandler                        0x080001cf   Thumb Code     0  startup_stm32f10x_md.o(.text)
    TIM1_BRK_IRQHandler                      0x080001cf   Thumb Code     0  startup_stm32f10x_md.o(.text)
    TIM1_CC_IRQHandler                       0x080001cf   Thumb Code     0  startup_stm32f10x_md.o(.text)
    TIM1_TRG_COM_IRQHandler                  0x080001cf   Thumb Code     0  startup_stm32f10x_md.o(.text)
    USBWakeUp_IRQHandler                     0x080001cf   Thumb Code     0  startup_stm32f10x_md.o(.text)
    USB_HP_CAN1_TX_IRQHandler                0x080001cf   Thumb Code     0  startup_stm32f10x_md.o(.text)
    USB_LP_CAN1_RX0_IRQHandler               0x080001cf   Thumb Code     0  startup_stm32f10x_md.o(.text)
    WWDG_IRQHandler                          0x080001cf   Thumb Code     0  startup_stm32f10x_md.o(.text)
    __user_initial_stackheap                 0x080001d1   Thumb Code     0  startup_stm32f10x_md.o(.text)
    __use_two_region_memory                  0x080001f5   Thumb Code     2  heapauxi.o(.text)
    __rt_heap_escrow$2region                 0x080001f7   Thumb Code     2  heapauxi.o(.text)
    __rt_heap_expand$2region                 0x080001f9   Thumb Code     2  heapauxi.o(.text)
    __user_setup_stackheap                   0x080001fb   Thumb Code    74  sys_stackheap_outer.o(.text)
    exit                                     0x08000245   Thumb Code    18  exit.o(.text)
    __user_libspace                          0x08000259   Thumb Code     8  libspace.o(.text)
    __user_perproc_libspace                  0x08000259   Thumb Code     0  libspace.o(.text)
    __user_perthread_libspace                0x08000259   Thumb Code     0  libspace.o(.text)
    _sys_exit                                0x08000261   Thumb Code     8  sys_exit.o(.text)
    __I$use$semihosting                      0x0800026d   Thumb Code     0  use_no_semi.o(.text)
    __use_no_semihosting_swi                 0x0800026d   Thumb Code     2  use_no_semi.o(.text)
    __semihosting_library_function           0x0800026f   Thumb Code     0  indicate_semi.o(.text)
    Communication_Conf                       0x08000271   Thumb Code    68  communication.o(.text.Communication_Conf)
    EXTI0_IRQHandler                         0x080002b5   Thumb Code    48  codeur_inc.o(.text.EXTI0_IRQHandler)
    MyGPIO_Init                              0x080002e5   Thumb Code   264  gpio.o(.text.MyGPIO_Init)
    MyGPIO_Reset                             0x080003ed   Thumb Code    30  gpio.o(.text.MyGPIO_Reset)
    MyGPIO_Set                               0x0800040d   Thumb Code    30  gpio.o(.text.MyGPIO_Set)
    MyTimer_Base_Init                        0x0800042d   Thumb Code   172  timer.o(.text.MyTimer_Base_Init)
    MyTimer_PWM                              0x080004d9   Thumb Code   226  timer.o(.text.MyTimer_PWM)
    MyTimer_SetDutyCycle                     0x080005bd   Thumb Code   154  timer.o(.text.MyTimer_SetDutyCycle)
    SystemInit                               0x08000785   Thumb Code   102  system_stm32f10x.o(.text.SystemInit)
    TIM1_UP_IRQHandler                       0x080007ed   Thumb Code    48  timer.o(.text.TIM1_UP_IRQHandler)
    TIM2_IRQHandler                          0x0800081d   Thumb Code    46  timer.o(.text.TIM2_IRQHandler)
    TIM3_IRQHandler                          0x0800084d   Thumb Code    48  timer.o(.text.TIM3_IRQHandler)
    TIM4_IRQHandler                          0x0800087d   Thumb Code    48  timer.o(.text.TIM4_IRQHandler)
    USART1_IRQHandler                        0x080008ad   Thumb Code    52  usart.o(.text.USART1_IRQHandler)
    USART2_IRQHandler                        0x080008e1   Thumb Code    52  usart.o(.text.USART2_IRQHandler)
    USART3_IRQHandler                        0x08000915   Thumb Code    52  usart.o(.text.USART3_IRQHandler)
    USART_EnableInterrupt                    0x08000949   Thumb Code   110  usart.o(.text.USART_EnableInterrupt)
    USART_Init                               0x080009b9   Thumb Code   210  usart.o(.text.USART_Init)
    USART_ReceiveChar                        0x08000a8d   Thumb Code    30  usart.o(.text.USART_ReceiveChar)
    controlSens                              0x08000add   Thumb Code    52  plateauservice.o(.text.controlSens)
    controlVitesse                           0x08000b11   Thumb Code    24  plateauservice.o(.text.controlVitesse)
    initPlateau                              0x08000b29   Thumb Code    86  plateauservice.o(.text.initPlateau)
    initServoMoteur                          0x08000b81   Thumb Code    78  voileservice.o(.text.initServoMoteur)
    main                                     0x08000bd1   Thumb Code   100  principal.o(.text.main)
    read_sens                                0x08000c35   Thumb Code    12  communication.o(.text.read_sens)
    read_vitesse                             0x08000c41   Thumb Code    12  communication.o(.text.read_vitesse)
    recevoir_info_plateau                    0x08000c4d   Thumb Code   180  communication.o(.text.recevoir_info_plateau)
    setPosServoMoteur                        0x08000d01   Thumb Code    84  voileservice.o(.text.setPosServoMoteur)
    __aeabi_dadd                             0x08000d55   Thumb Code     0  daddsub_clz.o(x$fpl$dadd)
    _dadd                                    0x08000d55   Thumb Code   332  daddsub_clz.o(x$fpl$dadd)
    __aeabi_d2iz                             0x08000ea5   Thumb Code     0  dfix.o(x$fpl$dfix)
    _dfix                                    0x08000ea5   Thumb Code    94  dfix.o(x$fpl$dfix)
    __aeabi_i2d                              0x08000f03   Thumb Code     0  dflt_clz.o(x$fpl$dflt)
    _dflt                                    0x08000f03   Thumb Code    46  dflt_clz.o(x$fpl$dflt)
    __aeabi_dmul                             0x08000f31   Thumb Code     0  dmul.o(x$fpl$dmul)
    _dmul                                    0x08000f31   Thumb Code   332  dmul.o(x$fpl$dmul)
    __fpl_dnaninf                            0x08001085   Thumb Code   156  dnaninf.o(x$fpl$dnaninf)
    __fpl_dretinf                            0x08001121   Thumb Code    12  dretinf.o(x$fpl$dretinf)
    __aeabi_dsub                             0x0800112d   Thumb Code     0  daddsub_clz.o(x$fpl$dsub)
    _dsub                                    0x0800112d   Thumb Code   472  daddsub_clz.o(x$fpl$dsub)
    Region$$Table$$Base                      0x08001308   Number         0  anon$$obj.o(Region$$Table)
    __I$use$fp                               0x08001308   Number         0  usenofp.o(x$fpl$usenofp)
    Region$$Table$$Limit                     0x08001328   Number         0  anon$$obj.o(Region$$Table)
    SystemCoreClock                          0x20000000   Data           4  system_stm32f10x.o(.data.SystemCoreClock)
    __libspace_start                         0x20000008   Data          96  libspace.o(.bss)
    PtrFonct                                 0x20000068   Data           4  usart.o(.bss.PtrFonct)
    __temporary_stack_top$libspace           0x20000068   Data           0  libspace.o(.bss)
    data                                     0x2000006c   Data           4  communication.o(.bss.data)
    pos                                      0x20000070   Data           4  principal.o(.bss.pos)
    ptrFonct                                 0x20000074   Data           4  timer.o(.bss.ptrFonct)
    received_sens                            0x20000078   Data           1  principal.o(.bss.received_sens)
    received_vitesse                         0x2000007c   Data           4  principal.o(.bss.received_vitesse)
    sens                                     0x20000080   Data           1  communication.o(.bss.sens)
    vitesse                                  0x20000084   Data           4  communication.o(.bss.vitesse)



==============================================================================

Memory Map of the image

  Image Entry point : 0x080001b5

  Load Region LR_1 (Base: 0x08000000, Size: 0x0000132c, Max: 0xffffffff, ABSOLUTE)

    Execution Region ER_RO (Exec base: 0x08000000, Load base: 0x08000000, Size: 0x00001328, Max: 0xffffffff, ABSOLUTE)

    Exec Addr    Load Addr    Size         Type   Attr      Idx    E Section Name        Object

    0x08000000   0x08000000   0x000000ec   Data   RO          162    RESET               startup_stm32f10x_md.o
    0x080000ec   0x080000ec   0x00000008   Code   RO          190  * !!!main             c_w.l(__main.o)
    0x080000f4   0x080000f4   0x0000005c   Code   RO          378    !!!scatter          c_w.l(__scatter.o)
    0x08000150   0x08000150   0x0000001a   Code   RO          382    !!handler_copy      c_w.l(__scatter_copy.o)
    0x0800016a   0x0800016a   0x00000002   PAD
    0x0800016c   0x0800016c   0x00000002   Code   RO          379    !!handler_null      c_w.l(__scatter.o)
    0x0800016e   0x0800016e   0x00000002   PAD
    0x08000170   0x08000170   0x0000001c   Code   RO          384    !!handler_zi        c_w.l(__scatter_zi.o)
    0x0800018c   0x0800018c   0x00000002   Code   RO          240    .ARM.Collect$$libinit$$00000000  c_w.l(libinit.o)
    0x0800018e   0x0800018e   0x00000000   Code   RO          247    .ARM.Collect$$libinit$$00000002  c_w.l(libinit2.o)
    0x0800018e   0x0800018e   0x00000000   Code   RO          249    .ARM.Collect$$libinit$$00000004  c_w.l(libinit2.o)
    0x0800018e   0x0800018e   0x00000000   Code   RO          251    .ARM.Collect$$libinit$$00000006  c_w.l(libinit2.o)
    0x0800018e   0x0800018e   0x00000000   Code   RO          254    .ARM.Collect$$libinit$$0000000C  c_w.l(libinit2.o)
    0x0800018e   0x0800018e   0x00000000   Code   RO          256    .ARM.Collect$$libinit$$0000000E  c_w.l(libinit2.o)
    0x0800018e   0x0800018e   0x00000000   Code   RO          258    .ARM.Collect$$libinit$$00000010  c_w.l(libinit2.o)
    0x0800018e   0x0800018e   0x00000000   Code   RO          261    .ARM.Collect$$libinit$$00000013  c_w.l(libinit2.o)
    0x0800018e   0x0800018e   0x00000000   Code   RO          263    .ARM.Collect$$libinit$$00000015  c_w.l(libinit2.o)
    0x0800018e   0x0800018e   0x00000000   Code   RO          265    .ARM.Collect$$libinit$$00000017  c_w.l(libinit2.o)
    0x0800018e   0x0800018e   0x00000000   Code   RO          267    .ARM.Collect$$libinit$$00000019  c_w.l(libinit2.o)
    0x0800018e   0x0800018e   0x00000000   Code   RO          269    .ARM.Collect$$libinit$$0000001B  c_w.l(libinit2.o)
    0x0800018e   0x0800018e   0x00000000   Code   RO          271    .ARM.Collect$$libinit$$0000001D  c_w.l(libinit2.o)
    0x0800018e   0x0800018e   0x00000000   Code   RO          273    .ARM.Collect$$libinit$$0000001F  c_w.l(libinit2.o)
    0x0800018e   0x0800018e   0x00000000   Code   RO          275    .ARM.Collect$$libinit$$00000021  c_w.l(libinit2.o)
    0x0800018e   0x0800018e   0x00000000   Code   RO          277    .ARM.Collect$$libinit$$00000023  c_w.l(libinit2.o)
    0x0800018e   0x0800018e   0x00000000   Code   RO          279    .ARM.Collect$$libinit$$00000025  c_w.l(libinit2.o)
    0x0800018e   0x0800018e   0x00000000   Code   RO          281    .ARM.Collect$$libinit$$00000027  c_w.l(libinit2.o)
    0x0800018e   0x0800018e   0x00000000   Code   RO          285    .ARM.Collect$$libinit$$0000002E  c_w.l(libinit2.o)
    0x0800018e   0x0800018e   0x00000000   Code   RO          287    .ARM.Collect$$libinit$$00000030  c_w.l(libinit2.o)
    0x0800018e   0x0800018e   0x00000000   Code   RO          289    .ARM.Collect$$libinit$$00000032  c_w.l(libinit2.o)
    0x0800018e   0x0800018e   0x00000000   Code   RO          291    .ARM.Collect$$libinit$$00000034  c_w.l(libinit2.o)
    0x0800018e   0x0800018e   0x00000002   Code   RO          292    .ARM.Collect$$libinit$$00000035  c_w.l(libinit2.o)
    0x08000190   0x08000190   0x00000002   Code   RO          314    .ARM.Collect$$libshutdown$$00000000  c_w.l(libshutdown.o)
    0x08000192   0x08000192   0x00000000   Code   RO          329    .ARM.Collect$$libshutdown$$00000002  c_w.l(libshutdown2.o)
    0x08000192   0x08000192   0x00000000   Code   RO          331    .ARM.Collect$$libshutdown$$00000004  c_w.l(libshutdown2.o)
    0x08000192   0x08000192   0x00000000   Code   RO          334    .ARM.Collect$$libshutdown$$00000007  c_w.l(libshutdown2.o)
    0x08000192   0x08000192   0x00000000   Code   RO          337    .ARM.Collect$$libshutdown$$0000000A  c_w.l(libshutdown2.o)
    0x08000192   0x08000192   0x00000000   Code   RO          339    .ARM.Collect$$libshutdown$$0000000C  c_w.l(libshutdown2.o)
    0x08000192   0x08000192   0x00000000   Code   RO          342    .ARM.Collect$$libshutdown$$0000000F  c_w.l(libshutdown2.o)
    0x08000192   0x08000192   0x00000002   Code   RO          343    .ARM.Collect$$libshutdown$$00000010  c_w.l(libshutdown2.o)
    0x08000194   0x08000194   0x00000000   Code   RO          210    .ARM.Collect$$rtentry$$00000000  c_w.l(__rtentry.o)
    0x08000194   0x08000194   0x00000000   Code   RO          217    .ARM.Collect$$rtentry$$00000002  c_w.l(__rtentry2.o)
    0x08000194   0x08000194   0x00000006   Code   RO          229    .ARM.Collect$$rtentry$$00000004  c_w.l(__rtentry4.o)
    0x0800019a   0x0800019a   0x00000000   Code   RO          219    .ARM.Collect$$rtentry$$00000009  c_w.l(__rtentry2.o)
    0x0800019a   0x0800019a   0x00000004   Code   RO          220    .ARM.Collect$$rtentry$$0000000A  c_w.l(__rtentry2.o)
    0x0800019e   0x0800019e   0x00000000   Code   RO          222    .ARM.Collect$$rtentry$$0000000C  c_w.l(__rtentry2.o)
    0x0800019e   0x0800019e   0x00000008   Code   RO          223    .ARM.Collect$$rtentry$$0000000D  c_w.l(__rtentry2.o)
    0x080001a6   0x080001a6   0x00000002   Code   RO          244    .ARM.Collect$$rtexit$$00000000  c_w.l(rtexit.o)
    0x080001a8   0x080001a8   0x00000000   Code   RO          294    .ARM.Collect$$rtexit$$00000002  c_w.l(rtexit2.o)
    0x080001a8   0x080001a8   0x00000004   Code   RO          295    .ARM.Collect$$rtexit$$00000003  c_w.l(rtexit2.o)
    0x080001ac   0x080001ac   0x00000006   Code   RO          296    .ARM.Collect$$rtexit$$00000004  c_w.l(rtexit2.o)
    0x080001b2   0x080001b2   0x00000002   PAD
    0x080001b4   0x080001b4   0x00000040   Code   RO          163  * .text               startup_stm32f10x_md.o
    0x080001f4   0x080001f4   0x00000006   Code   RO          188    .text               c_w.l(heapauxi.o)
    0x080001fa   0x080001fa   0x0000004a   Code   RO          231    .text               c_w.l(sys_stackheap_outer.o)
    0x08000244   0x08000244   0x00000012   Code   RO          233    .text               c_w.l(exit.o)
    0x08000256   0x08000256   0x00000002   PAD
    0x08000258   0x08000258   0x00000008   Code   RO          241    .text               c_w.l(libspace.o)
    0x08000260   0x08000260   0x0000000c   Code   RO          304    .text               c_w.l(sys_exit.o)
    0x0800026c   0x0800026c   0x00000002   Code   RO          319    .text               c_w.l(use_no_semi.o)
    0x0800026e   0x0800026e   0x00000000   Code   RO          321    .text               c_w.l(indicate_semi.o)
    0x0800026e   0x0800026e   0x00000002   PAD
    0x08000270   0x08000270   0x00000044   Code   RO          117    .text.Communication_Conf  communication.o
    0x080002b4   0x080002b4   0x00000030   Code   RO          100    .text.EXTI0_IRQHandler  codeur_inc.o
    0x080002e4   0x080002e4   0x00000108   Code   RO           14    .text.MyGPIO_Init   gpio.o
    0x080003ec   0x080003ec   0x0000001e   Code   RO           20    .text.MyGPIO_Reset  gpio.o
    0x0800040a   0x0800040a   0x00000002   PAD
    0x0800040c   0x0800040c   0x0000001e   Code   RO           18    .text.MyGPIO_Set    gpio.o
    0x0800042a   0x0800042a   0x00000002   PAD
    0x0800042c   0x0800042c   0x000000ac   Code   RO           31    .text.MyTimer_Base_Init  timer.o
    0x080004d8   0x080004d8   0x000000e2   Code   RO           47    .text.MyTimer_PWM   timer.o
    0x080005ba   0x080005ba   0x00000002   PAD
    0x080005bc   0x080005bc   0x0000009a   Code   RO           49    .text.MyTimer_SetDutyCycle  timer.o
    0x08000656   0x08000656   0x00000002   PAD
    0x08000658   0x08000658   0x00000008   Code   RO          172    .text.SetSysClock   system_stm32f10x.o
    0x08000660   0x08000660   0x00000122   Code   RO          176    .text.SetSysClockTo72  system_stm32f10x.o
    0x08000782   0x08000782   0x00000002   PAD
    0x08000784   0x08000784   0x00000066   Code   RO          170    .text.SystemInit    system_stm32f10x.o
    0x080007ea   0x080007ea   0x00000002   PAD
    0x080007ec   0x080007ec   0x00000030   Code   RO           39    .text.TIM1_UP_IRQHandler  timer.o
    0x0800081c   0x0800081c   0x0000002e   Code   RO           41    .text.TIM2_IRQHandler  timer.o
    0x0800084a   0x0800084a   0x00000002   PAD
    0x0800084c   0x0800084c   0x00000030   Code   RO           43    .text.TIM3_IRQHandler  timer.o
    0x0800087c   0x0800087c   0x00000030   Code   RO           45    .text.TIM4_IRQHandler  timer.o
    0x080008ac   0x080008ac   0x00000034   Code   RO           69    .text.USART1_IRQHandler  usart.o
    0x080008e0   0x080008e0   0x00000034   Code   RO           71    .text.USART2_IRQHandler  usart.o
    0x08000914   0x08000914   0x00000034   Code   RO           73    .text.USART3_IRQHandler  usart.o
    0x08000948   0x08000948   0x0000006e   Code   RO           65    .text.USART_EnableInterrupt  usart.o
    0x080009b6   0x080009b6   0x00000002   PAD
    0x080009b8   0x080009b8   0x000000d2   Code   RO           59    .text.USART_Init    usart.o
    0x08000a8a   0x08000a8a   0x00000002   PAD
    0x08000a8c   0x08000a8c   0x0000001e   Code   RO           63    .text.USART_ReceiveChar  usart.o
    0x08000aaa   0x08000aaa   0x00000002   PAD
    0x08000aac   0x08000aac   0x00000030   Code   RO           67    .text.__NVIC_EnableIRQ  usart.o
    0x08000adc   0x08000adc   0x00000034   Code   RO          133    .text.controlSens   plateauservice.o
    0x08000b10   0x08000b10   0x00000018   Code   RO          131    .text.controlVitesse  plateauservice.o
    0x08000b28   0x08000b28   0x00000056   Code   RO          129    .text.initPlateau   plateauservice.o
    0x08000b7e   0x08000b7e   0x00000002   PAD
    0x08000b80   0x08000b80   0x0000004e   Code   RO          142    .text.initServoMoteur  voileservice.o
    0x08000bce   0x08000bce   0x00000002   PAD
    0x08000bd0   0x08000bd0   0x00000064   Code   RO            2    .text.main          principal.o
    0x08000c34   0x08000c34   0x0000000c   Code   RO          115    .text.read_sens     communication.o
    0x08000c40   0x08000c40   0x0000000c   Code   RO          113    .text.read_vitesse  communication.o
    0x08000c4c   0x08000c4c   0x000000b4   Code   RO          111    .text.recevoir_info_plateau  communication.o
    0x08000d00   0x08000d00   0x00000054   Code   RO          144    .text.setPosServoMoteur  voileservice.o
    0x08000d54   0x08000d54   0x00000150   Code   RO          192    x$fpl$dadd          fz_ws.l(daddsub_clz.o)
    0x08000ea4   0x08000ea4   0x0000005e   Code   RO          198    x$fpl$dfix          fz_ws.l(dfix.o)
    0x08000f02   0x08000f02   0x0000002e   Code   RO          203    x$fpl$dflt          fz_ws.l(dflt_clz.o)
    0x08000f30   0x08000f30   0x00000154   Code   RO          208    x$fpl$dmul          fz_ws.l(dmul.o)
    0x08001084   0x08001084   0x0000009c   Code   RO          211    x$fpl$dnaninf       fz_ws.l(dnaninf.o)
    0x08001120   0x08001120   0x0000000c   Code   RO          213    x$fpl$dretinf       fz_ws.l(dretinf.o)
    0x0800112c   0x0800112c   0x000001dc   Code   RO          194    x$fpl$dsub          fz_ws.l(daddsub_clz.o)
    0x08001308   0x08001308   0x00000000   Code   RO          215    x$fpl$usenofp       fz_ws.l(usenofp.o)
    0x08001308   0x08001308   0x00000020   Data   RO          377    Region$$Table       anon$$obj.o


    Execution Region ER_RW (Exec base: 0x20000000, Load base: 0x08001328, Size: 0x00000004, Max: 0xffffffff, ABSOLUTE)

    Exec Addr    Load Addr    Size         Type   Attr      Idx    E Section Name        Object

    0x20000000   0x08001328   0x00000004   Data   RW          178    .data.SystemCoreClock  system_stm32f10x.o


    Execution Region ER_ZI (Exec base: 0x20000008, Load base: 0x0800132c, Size: 0x00000680, Max: 0xffffffff, ABSOLUTE)

    Exec Addr    Load Addr    Size         Type   Attr      Idx    E Section Name        Object

    0x20000008        -       0x00000060   Zero   RW          242    .bss                c_w.l(libspace.o)
    0x20000068        -       0x00000004   Zero   RW           75    .bss.PtrFonct       usart.o
    0x2000006c        -       0x00000004   Zero   RW          119    .bss.data           communication.o
    0x20000070        -       0x00000004   Zero   RW            4    .bss.pos            principal.o
    0x20000074        -       0x00000004   Zero   RW           51    .bss.ptrFonct       timer.o
    0x20000078        -       0x00000001   Zero   RW            6    .bss.received_sens  principal.o
    0x20000079   0x0800132c   0x00000003   PAD
    0x2000007c        -       0x00000004   Zero   RW            5    .bss.received_vitesse  principal.o
    0x20000080        -       0x00000001   Zero   RW          121    .bss.sens           communication.o
    0x20000081   0x0800132c   0x00000003   PAD
    0x20000084        -       0x00000004   Zero   RW          120    .bss.vitesse        communication.o
    0x20000088        -       0x00000200   Zero   RW          161    HEAP                startup_stm32f10x_md.o
    0x20000288        -       0x00000400   Zero   RW          160    STACK               startup_stm32f10x_md.o


==============================================================================

Image component sizes


      Code (inc. data)   RO Data    RW Data    ZI Data      Debug   Object Name

        48          0          0          0          0       4515   codeur_inc.o
       272          0          0          0          9       1650   communication.o
       324          0          0          0          0       1809   gpio.o
       162          0          0          0          0       2086   plateauservice.o
       100          0          0          0          9        552   principal.o
        64         26        236          0       1536        836   startup_stm32f10x_md.o
       400          0          0          4          0       2957   system_stm32f10x.o
       742          0          0          0          4       5868   timer.o
       554          0          0          0          4       4170   usart.o
       162          0          0          0          0       2010   voileservice.o

    ----------------------------------------------------------------------
      2852         26        268          4       1568      26453   Object Totals
         0          0         32          0          0          0   (incl. Generated)
        24          0          0          0          6          0   (incl. Padding)

    ----------------------------------------------------------------------

      Code (inc. data)   RO Data    RW Data    ZI Data      Debug   Library Member Name

         8          0          0          0          0         68   __main.o
         0          0          0          0          0          0   __rtentry.o
        12          0          0          0          0          0   __rtentry2.o
         6          0          0          0          0          0   __rtentry4.o
        94          8          0          0          0          0   __scatter.o
        26          0          0          0          0          0   __scatter_copy.o
        28          0          0          0          0          0   __scatter_zi.o
        18          0          0          0          0         80   exit.o
         6          0          0          0          0        152   heapauxi.o
         0          0          0          0          0          0   indicate_semi.o
         2          0          0          0          0          0   libinit.o
         2          0          0          0          0          0   libinit2.o
         2          0          0          0          0          0   libshutdown.o
         2          0          0          0          0          0   libshutdown2.o
         8          4          0          0         96         68   libspace.o
         2          0          0          0          0          0   rtexit.o
        10          0          0          0          0          0   rtexit2.o
        12          4          0          0          0         68   sys_exit.o
        74          0          0          0          0         80   sys_stackheap_outer.o
         2          0          0          0          0         68   use_no_semi.o
       812         16          0          0          0        296   daddsub_clz.o
        94          4          0          0          0         92   dfix.o
        46          0          0          0          0         68   dflt_clz.o
       340         12          0          0          0        104   dmul.o
       156          4          0          0          0         92   dnaninf.o
        12          0          0          0          0         68   dretinf.o
         0          0          0          0          0          0   usenofp.o

    ----------------------------------------------------------------------
      1784         52          0          0         96       1304   Library Totals
        10          0          0          0          0          0   (incl. Padding)

    ----------------------------------------------------------------------

      Code (inc. data)   RO Data    RW Data    ZI Data      Debug   Library Name

       314         16          0          0         96        584   c_w.l
      1460         36          0          0          0        720   fz_ws.l

    ----------------------------------------------------------------------
      1784         52          0          0         96       1304   Library Totals

    ----------------------------------------------------------------------

==============================================================================


      Code (inc. data)   RO Data    RW Data    ZI Data      Debug   

      4636         78        268          4       1664      27193   Grand Totals
      4636         78        268          4       1664      27193   ELF Image Totals
      4636         78        268          4          0          0   ROM Totals

==============================================================================

    Total RO  Size (Code + RO Data)                 4904 (   4.79kB)
    Total RW  Size (RW Data + ZI Data)              1668 (   1.63kB)
    Total ROM Size (Code + RO Data + RW Data)       4908 (   4.79kB)

==============================================================================

